0 verbose cli F:\Node js\node.exe C:\Users\prane\AppData\Roaming\npm\node_modules\npm\bin\npm-cli.js
1 info using npm@11.14.1
2 info using node@v20.19.4
3 silly config load:file:C:\Users\prane\AppData\Roaming\npm\node_modules\npm\npmrc
4 silly config load:file:D:\DayMeet-OS-main\daymeet-v2\.npmrc
5 silly config load:file:C:\Users\prane\.npmrc
6 silly config load:file:C:\Users\prane\AppData\Roaming\npm\etc\npmrc
7 verbose title npm exec tailwindcss init -p
8 verbose argv "exec" "--" "tailwindcss" "init" "-p"
9 verbose logfile logs-max:10 dir:D:\DayMeet-OS-main\.npm-cache\_logs\2026-09-20T08_23_45_839Z-
10 verbose logfile D:\DayMeet-OS-main\.npm-cache\_logs\2026-09-20T08_23_45_839Z-debug-0.log
11 silly logfile done cleaning log files
12 silly packumentCache heap:2197815296 maxSize:549453824 maxEntrySize:274726912
13 verbose stack Error: could not determine executable to run
13 verbose stack     at getBinFromManifest (C:\Users\prane\AppData\Roaming\npm\node_modules\npm\node_modules\libnpmexec\lib\get-bin-from-manifest.js:17:23)
13 verbose stack     at exec (C:\Users\prane\AppData\Roaming\npm\node_modules\npm\node_modules\libnpmexec\lib\index.js:211:15)
13 verbose stack     at async Npm.exec (C:\Users\prane\AppData\Roaming\npm\node_modules\npm\lib\npm.js:193:9)
13 verbose stack     at async module.exports (C:\Users\prane\AppData\Roaming\npm\node_modules\npm\lib\cli\entry.js:67:5)
14 verbose pkgid tailwindcss@4.3.3
15 error could not determine executable to run
16 verbose cwd D:\DayMeet-OS-main\daymeet-v2
17 verbose os Windows_NT 10.0.26200
18 verbose node v20.19.4
19 verbose npm  v11.14.1
20 verbose exit 1
21 verbose code 1
22 error A complete log of this run can be found in: D:\DayMeet-OS-main\.npm-cache\_logs\2026-09-20T08_23_45_839Z-debug-0.log
