0 verbose cli F:\Node js\node.exe C:\Users\prane\AppData\Roaming\npm\node_modules\npm\bin\npm-cli.js
1 info using npm@11.14.1
2 info using node@v20.19.4
3 silly config load:file:C:\Users\prane\AppData\Roaming\npm\node_modules\npm\npmrc
4 silly config load:file:D:\DayMeet-OS-main\.npmrc
5 silly config load:file:C:\Users\prane\.npmrc
6 silly config load:file:C:\Users\prane\AppData\Roaming\npm\etc\npmrc
7 verbose title npm install @capacitor/core
8 verbose argv "install" "@capacitor/core" "--cache" ".npm-cache"
9 verbose logfile logs-max:10 dir:D:\DayMeet-OS-main\.npm-cache\_logs\2026-09-20T07_51_35_527Z-
10 verbose logfile D:\DayMeet-OS-main\.npm-cache\_logs\2026-09-20T07_51_35_527Z-debug-0.log
11 silly logfile done cleaning log files
12 silly packumentCache heap:2197815296 maxSize:549453824 maxEntrySize:274726912
13 silly idealTree buildDeps
14 silly fetch manifest @capacitor/core@*
15 silly packumentCache full:https://registry.npmjs.org/@capacitor%2fcore cache-miss
16 http fetch GET 200 https://registry.npmjs.org/npm 732ms
17 http fetch GET 200 https://registry.npmjs.org/@capacitor%2fcore 824ms (cache miss)
18 silly packumentCache full:https://registry.npmjs.org/@capacitor%2fcore set size:undefined disposed:false
19 silly placeDep ROOT @capacitor/core@8.5.2 OK for: daymeet-super-app@1.0.0 want: *
20 silly fetch manifest tslib@^2.1.0
21 silly packumentCache full:https://registry.npmjs.org/tslib cache-miss
22 http fetch GET 200 https://registry.npmjs.org/tslib 89ms (cache miss)
23 silly packumentCache full:https://registry.npmjs.org/tslib set size:undefined disposed:false
24 silly placeDep ROOT tslib@2.8.1 OK for: @capacitor/core@8.5.2 want: ^2.1.0
25 silly reify moves {}
26 silly audit bulk request { '@capacitor/core': [ '8.5.2' ], tslib: [ '2.8.1' ] }
27 http cache tslib@https://registry.npmjs.org/tslib/-/tslib-2.8.1.tgz 0ms (cache hit)
28 http cache @capacitor/core@https://registry.npmjs.org/@capacitor/core/-/core-8.5.2.tgz 0ms (cache hit)
29 silly tarball no local data for tslib@https://registry.npmjs.org/tslib/-/tslib-2.8.1.tgz. Extracting by manifest.
30 silly tarball no local data for @capacitor/core@https://registry.npmjs.org/@capacitor/core/-/core-8.5.2.tgz. Extracting by manifest.
31 http fetch GET 200 https://registry.npmjs.org/tslib/-/tslib-2.8.1.tgz 151ms (cache miss)
32 http fetch POST 200 https://registry.npmjs.org/-/npm/v1/security/advisories/bulk 298ms
33 silly audit report {}
34 http fetch GET 200 https://registry.npmjs.org/@capacitor/core/-/core-8.5.2.tgz 628ms (cache miss)
35 silly ADD node_modules/tslib
36 silly ADD node_modules/@capacitor/core
37 verbose cwd D:\DayMeet-OS-main
38 verbose os Windows_NT 10.0.26200
39 verbose node v20.19.4
40 verbose npm  v11.14.1
41 notice
41 notice New minor version of npm available! 11.14.1 -> 11.19.1
41 notice Changelog: https://github.com/npm/cli/releases/tag/v11.19.1
41 notice To update run: npm install -g npm@11.19.1
41 notice  { force: true, [Symbol(proc-log.meta)]: true }
42 verbose exit 0
43 info ok
