0 verbose cli F:\Node js\node.exe C:\Users\prane\AppData\Roaming\npm\node_modules\npm\bin\npm-cli.js
1 info using npm@11.14.1
2 info using node@v20.19.4
3 silly config load:file:C:\Users\prane\AppData\Roaming\npm\node_modules\npm\npmrc
4 silly config load:file:D:\DayMeet-OS-main\daymeet-v2\.npmrc
5 silly config load:file:C:\Users\prane\.npmrc
6 silly config load:file:C:\Users\prane\AppData\Roaming\npm\etc\npmrc
7 verbose title npm install @capacitor/haptics @capacitor/status-bar
8 verbose argv "install" "@capacitor/haptics" "@capacitor/status-bar" "--cache" "../.npm-cache"
9 verbose logfile logs-max:10 dir:D:\DayMeet-OS-main\.npm-cache\_logs\2026-09-20T08_31_22_546Z-
10 verbose logfile D:\DayMeet-OS-main\.npm-cache\_logs\2026-09-20T08_31_22_546Z-debug-0.log
11 silly logfile done cleaning log files
12 silly packumentCache heap:2197815296 maxSize:549453824 maxEntrySize:274726912
13 silly idealTree buildDeps
14 silly fetch manifest @capacitor/haptics@*
15 silly packumentCache full:https://registry.npmjs.org/@capacitor%2fhaptics cache-miss
16 http fetch GET 200 https://registry.npmjs.org/@capacitor%2fhaptics 1526ms (cache miss)
17 silly packumentCache full:https://registry.npmjs.org/@capacitor%2fhaptics set size:undefined disposed:false
18 silly fetch manifest @capacitor/core@>=8.0.0
19 silly packumentCache full:https://registry.npmjs.org/@capacitor%2fcore cache-miss
20 http fetch GET 200 https://registry.npmjs.org/@capacitor%2fcore 393ms (cache revalidated)
21 silly packumentCache full:https://registry.npmjs.org/@capacitor%2fcore set size:4843462 disposed:false
22 silly fetch manifest @capacitor/status-bar@*
23 silly packumentCache full:https://registry.npmjs.org/@capacitor%2fstatus-bar cache-miss
24 http fetch GET 200 https://registry.npmjs.org/@capacitor%2fstatus-bar 887ms (cache miss)
25 silly packumentCache full:https://registry.npmjs.org/@capacitor%2fstatus-bar set size:undefined disposed:false
26 silly placeDep ROOT @capacitor/haptics@8.0.2 OK for: daymeet-v2@0.0.0 want: *
27 silly placeDep ROOT @capacitor/core@8.5.2 OK for: @capacitor/haptics@8.0.2 want: >=8.0.0
28 silly placeDep ROOT @capacitor/status-bar@8.0.3 OK for: daymeet-v2@0.0.0 want: *
29 silly fetch manifest tslib@^2.1.0
30 silly packumentCache full:https://registry.npmjs.org/tslib cache-miss
31 http fetch GET 200 https://registry.npmjs.org/tslib 88ms (cache revalidated)
32 silly packumentCache full:https://registry.npmjs.org/tslib set size:108843 disposed:false
33 silly placeDep ROOT tslib@2.8.1 OK for: @capacitor/core@8.5.2 want: ^2.1.0
34 silly reify moves {}
35 silly audit bulk request {
35 silly audit   '@oxc-project/types': [ '0.150.0' ],
35 silly audit   '@oxlint/binding-android-arm-eabi': [ '1.83.0' ],
35 silly audit   '@oxlint/binding-android-arm64': [ '1.83.0' ],
35 silly audit   '@oxlint/binding-darwin-arm64': [ '1.83.0' ],
35 silly audit   '@oxlint/binding-darwin-x64': [ '1.83.0' ],
35 silly audit   '@oxlint/binding-freebsd-x64': [ '1.83.0' ],
35 silly audit   '@oxlint/binding-linux-arm-gnueabihf': [ '1.83.0' ],
35 silly audit   '@oxlint/binding-linux-arm-musleabihf': [ '1.83.0' ],
35 silly audit   '@oxlint/binding-linux-arm64-gnu': [ '1.83.0' ],
35 silly audit   '@oxlint/binding-linux-arm64-musl': [ '1.83.0' ],
35 silly audit   '@oxlint/binding-linux-ppc64-gnu': [ '1.83.0' ],
35 silly audit   '@oxlint/binding-linux-riscv64-gnu': [ '1.83.0' ],
35 silly audit   '@oxlint/binding-linux-riscv64-musl': [ '1.83.0' ],
35 silly audit   '@oxlint/binding-linux-s390x-gnu': [ '1.83.0' ],
35 silly audit   '@oxlint/binding-linux-x64-gnu': [ '1.83.0' ],
35 silly audit   '@oxlint/binding-linux-x64-musl': [ '1.83.0' ],
35 silly audit   '@oxlint/binding-openharmony-arm64': [ '1.83.0' ],
35 silly audit   '@oxlint/binding-win32-arm64-msvc': [ '1.83.0' ],
35 silly audit   '@oxlint/binding-win32-ia32-msvc': [ '1.83.0' ],
35 silly audit   '@oxlint/binding-win32-x64-msvc': [ '1.83.0' ],
35 silly audit   '@rolldown/binding-android-arm-eabi': [ '1.2.9' ],
35 silly audit   '@rolldown/binding-android-arm64': [ '1.2.9' ],
35 silly audit   '@rolldown/binding-darwin-arm64': [ '1.2.9' ],
35 silly audit   '@rolldown/binding-darwin-x64': [ '1.2.9' ],
35 silly audit   '@rolldown/binding-freebsd-x64': [ '1.2.9' ],
35 silly audit   '@rolldown/binding-linux-arm-gnueabihf': [ '1.2.9' ],
35 silly audit   '@rolldown/binding-linux-arm64-gnu': [ '1.2.9' ],
35 silly audit   '@rolldown/binding-linux-arm64-musl': [ '1.2.9' ],
35 silly audit   '@rolldown/binding-linux-ppc64-gnu': [ '1.2.9' ],
35 silly audit   '@rolldown/binding-linux-s390x-gnu': [ '1.2.9' ],
35 silly audit   '@rolldown/binding-linux-x64-gnu': [ '1.2.9' ],
35 silly audit   '@rolldown/binding-linux-x64-musl': [ '1.2.9' ],
35 silly audit   '@rolldown/binding-openharmony-arm64': [ '1.2.9' ],
35 silly audit   '@rolldown/binding-win32-arm64-msvc': [ '1.2.9' ],
35 silly audit   '@rolldown/binding-win32-x64-msvc': [ '1.2.9' ],
35 silly audit   '@rolldown/pluginutils': [ '1.0.1' ],
35 silly audit   '@types/react': [ '19.3.0' ],
35 silly audit   '@types/react-dom': [ '19.3.0' ],
35 silly audit   '@vitejs/plugin-react': [ '6.1.1' ],
35 silly audit   autoprefixer: [ '10.6.1' ],
35 silly audit   'baseline-browser-mapping': [ '2.11.25' ],
35 silly audit   browserslist: [ '4.29.0' ],
35 silly audit   'caniuse-lite': [ '1.0.30001810' ],
35 silly audit   csstype: [ '3.2.3' ],
35 silly audit   'detect-libc': [ '2.1.2' ],
35 silly audit   'electron-to-chromium': [ '1.5.433' ],
35 silly audit   escalade: [ '3.2.0' ],
35 silly audit   fdir: [ '6.5.0' ],
35 silly audit   'fraction.js': [ '5.3.4' ],
35 silly audit   fsevents: [ '2.3.3' ],
35 silly audit   lightningcss: [ '1.33.0' ],
35 silly audit   'lightningcss-android-arm64': [ '1.33.0' ],
35 silly audit   'lightningcss-darwin-arm64': [ '1.33.0' ],
35 silly audit   'lightningcss-darwin-x64': [ '1.33.0' ],
35 silly audit   'lightningcss-freebsd-x64': [ '1.33.0' ],
35 silly audit   'lightningcss-linux-arm-gnueabihf': [ '1.33.0' ],
35 silly audit   'lightningcss-linux-arm64-gnu': [ '1.33.0' ],
35 silly audit   'lightningcss-linux-arm64-musl': [ '1.33.0' ],
35 silly audit   'lightningcss-linux-x64-gnu': [ '1.33.0' ],
35 silly audit   'lightningcss-linux-x64-musl': [ '1.33.0' ],
35 silly audit   'lightningcss-win32-arm64-msvc': [ '1.33.0' ],
35 silly audit   'lightningcss-win32-x64-msvc': [ '1.33.0' ],
35 silly audit   nanoid: [ '3.3.19' ],
35 silly audit   'node-releases': [ '2.0.56' ],
35 silly audit   oxlint: [ '1.83.0' ],
35 silly audit   picocolors: [ '1.1.1' ],
35 silly audit   picomatch: [ '4.0.7' ],
35 silly audit   postcss: [ '8.5.28' ],
35 silly audit   'postcss-value-parser': [ '4.2.0' ],
35 silly audit   react: [ '19.3.0' ],
35 silly audit   'react-dom': [ '19.3.0' ],
35 silly audit   rolldown: [ '1.2.9' ],
35 silly audit   scheduler: [ '0.28.0' ],
35 silly audit   'source-map-js': [ '1.2.1' ],
35 silly audit   tailwindcss: [ '4.3.3' ],
35 silly audit   tinyglobby: [ '0.2.17' ],
35 silly audit   'update-browserslist-db': [ '1.3.3' ],
35 silly audit   vite: [ '8.3.0' ],
35 silly audit   '@capacitor/haptics': [ '8.0.2' ],
35 silly audit   '@capacitor/core': [ '8.5.2' ],
35 silly audit   '@capacitor/status-bar': [ '8.0.3' ],
35 silly audit   tslib: [ '2.8.1' ]
35 silly audit }
36 http cache tslib@https://registry.npmjs.org/tslib/-/tslib-2.8.1.tgz 0ms (cache hit)
37 http cache @capacitor/status-bar@https://registry.npmjs.org/@capacitor/status-bar/-/status-bar-8.0.3.tgz 0ms (cache hit)
38 http cache @capacitor/core@https://registry.npmjs.org/@capacitor/core/-/core-8.5.2.tgz 0ms (cache hit)
39 http cache @capacitor/haptics@https://registry.npmjs.org/@capacitor/haptics/-/haptics-8.0.2.tgz 0ms (cache hit)
40 silly tarball no local data for @capacitor/status-bar@https://registry.npmjs.org/@capacitor/status-bar/-/status-bar-8.0.3.tgz. Extracting by manifest.
41 silly tarball no local data for @capacitor/haptics@https://registry.npmjs.org/@capacitor/haptics/-/haptics-8.0.2.tgz. Extracting by manifest.
42 http fetch POST 200 https://registry.npmjs.org/-/npm/v1/security/advisories/bulk 318ms
43 silly audit report {}
44 http fetch GET 200 https://registry.npmjs.org/@capacitor/status-bar/-/status-bar-8.0.3.tgz 683ms (cache miss)
45 http fetch GET 200 https://registry.npmjs.org/@capacitor/haptics/-/haptics-8.0.2.tgz 692ms (cache miss)
46 silly ADD node_modules/tslib
47 silly ADD node_modules/@capacitor/status-bar
48 silly ADD node_modules/@capacitor/core
49 silly ADD node_modules/@capacitor/haptics
50 verbose cwd D:\DayMeet-OS-main\daymeet-v2
51 verbose os Windows_NT 10.0.26200
52 verbose node v20.19.4
53 verbose npm  v11.14.1
54 verbose exit 0
55 info ok
