0 verbose cli F:\Node js\node.exe C:\Users\prane\AppData\Roaming\npm\node_modules\npm\bin\npm-cli.js
1 info using npm@11.14.1
2 info using node@v20.19.4
3 silly config load:file:C:\Users\prane\AppData\Roaming\npm\node_modules\npm\npmrc
4 silly config load:file:D:\DayMeet-OS-main\.npmrc
5 silly config load:file:C:\Users\prane\.npmrc
6 silly config load:file:C:\Users\prane\AppData\Roaming\npm\etc\npmrc
7 verbose title npm install @capacitor/android
8 verbose argv "install" "@capacitor/android" "--cache" ".npm-cache"
9 verbose logfile logs-max:10 dir:D:\DayMeet-OS-main\.npm-cache\_logs\2026-09-20T07_52_20_051Z-
10 verbose logfile D:\DayMeet-OS-main\.npm-cache\_logs\2026-09-20T07_52_20_051Z-debug-0.log
11 silly logfile done cleaning log files
12 silly packumentCache heap:2197815296 maxSize:549453824 maxEntrySize:274726912
13 silly idealTree buildDeps
14 silly fetch manifest @capacitor/android@*
15 silly packumentCache full:https://registry.npmjs.org/@capacitor%2fandroid cache-miss
16 http fetch GET 200 https://registry.npmjs.org/@capacitor%2fandroid 1535ms (cache miss)
17 silly packumentCache full:https://registry.npmjs.org/@capacitor%2fandroid set size:undefined disposed:false
18 silly fetch manifest @capacitor/core@^8.5.2
19 silly packumentCache full:https://registry.npmjs.org/@capacitor%2fcore cache-miss
20 http cache https://registry.npmjs.org/@capacitor%2fcore 28ms (cache hit)
21 silly packumentCache full:https://registry.npmjs.org/@capacitor%2fcore set size:4843462 disposed:false
22 silly placeDep ROOT @capacitor/android@8.5.2 OK for: daymeet-super-app@1.0.0 want: *
23 silly reify moves {}
24 silly audit bulk request {
24 silly audit   '@capacitor/cli': [ '7.6.9' ],
24 silly audit   '@capacitor/core': [ '8.5.2' ],
24 silly audit   '@ionic/cli-framework-output': [ '2.2.8' ],
24 silly audit   '@ionic/utils-array': [ '2.1.6' ],
24 silly audit   '@ionic/utils-fs': [ '3.1.7' ],
24 silly audit   'fs-extra': [ '9.1.0', '11.4.0' ],
24 silly audit   '@ionic/utils-object': [ '2.1.6' ],
24 silly audit   '@ionic/utils-process': [ '2.1.12' ],
24 silly audit   '@ionic/utils-stream': [ '3.1.7' ],
24 silly audit   '@ionic/utils-subprocess': [ '3.0.1' ],
24 silly audit   '@ionic/utils-terminal': [ '2.3.5' ],
24 silly audit   '@isaacs/fs-minipass': [ '4.0.1' ],
24 silly audit   '@types/fs-extra': [ '8.1.5' ],
24 silly audit   '@types/node': [ '26.6.2' ],
24 silly audit   '@types/slice-ansi': [ '4.0.0' ],
24 silly audit   '@xmldom/xmldom': [ '0.9.12' ],
24 silly audit   'ansi-regex': [ '5.0.1' ],
24 silly audit   'ansi-styles': [ '4.3.0' ],
24 silly audit   'astral-regex': [ '2.0.0' ],
24 silly audit   'at-least-node': [ '1.0.0' ],
24 silly audit   'balanced-match': [ '4.0.4' ],
24 silly audit   'base64-js': [ '1.5.1' ],
24 silly audit   'big-integer': [ '1.6.52' ],
24 silly audit   'bplist-parser': [ '0.3.2' ],
24 silly audit   'brace-expansion': [ '5.0.12' ],
24 silly audit   'buffer-crc32': [ '0.2.13' ],
24 silly audit   chownr: [ '3.0.0' ],
24 silly audit   'color-convert': [ '2.0.1' ],
24 silly audit   'color-name': [ '1.1.4' ],
24 silly audit   commander: [ '12.1.0' ],
24 silly audit   'cross-spawn': [ '7.0.6' ],
24 silly audit   debug: [ '4.4.3' ],
24 silly audit   'define-lazy-prop': [ '2.0.0' ],
24 silly audit   elementtree: [ '0.1.7' ],
24 silly audit   'emoji-regex': [ '8.0.0' ],
24 silly audit   'env-paths': [ '2.2.1' ],
24 silly audit   'fd-slicer': [ '1.1.0' ],
24 silly audit   glob: [ '13.0.6' ],
24 silly audit   'graceful-fs': [ '4.2.11' ],
24 silly audit   inherits: [ '2.0.4' ],
24 silly audit   ini: [ '4.1.3' ],
24 silly audit   'is-docker': [ '2.2.1' ],
24 silly audit   'is-fullwidth-code-point': [ '3.0.0' ],
24 silly audit   'is-wsl': [ '2.2.0' ],
24 silly audit   isexe: [ '2.0.0' ],
24 silly audit   jsonfile: [ '6.2.1' ],
24 silly audit   kleur: [ '4.1.5', '3.0.3' ],
24 silly audit   'lru-cache': [ '11.5.3' ],
24 silly audit   minimatch: [ '10.2.6' ],
24 silly audit   minipass: [ '7.1.3' ],
24 silly audit   minizlib: [ '3.1.0' ],
24 silly audit   ms: [ '2.1.3' ],
24 silly audit   'native-run': [ '2.0.3' ],
24 silly audit   open: [ '8.4.2' ],
24 silly audit   'package-json-from-dist': [ '1.0.1' ],
24 silly audit   'path-key': [ '3.1.1' ],
24 silly audit   'path-scurry': [ '2.0.2' ],
24 silly audit   pend: [ '1.2.0' ],
24 silly audit   plist: [ '3.1.1' ],
24 silly audit   prompts: [ '2.4.2' ],
24 silly audit   'readable-stream': [ '3.6.2' ],
24 silly audit   rimraf: [ '6.1.3' ],
24 silly audit   'safe-buffer': [ '5.2.1' ],
24 silly audit   sax: [ '1.1.4' ],
24 silly audit   semver: [ '7.8.5' ],
24 silly audit   'shebang-command': [ '2.0.0' ],
24 silly audit   'shebang-regex': [ '3.0.0' ],
24 silly audit   'signal-exit': [ '3.0.7' ],
24 silly audit   sisteransi: [ '1.0.5' ],
24 silly audit   'slice-ansi': [ '4.0.0' ],
24 silly audit   split2: [ '4.2.0' ],
24 silly audit   string_decoder: [ '1.3.0' ],
24 silly audit   'string-width': [ '4.2.3' ],
24 silly audit   'strip-ansi': [ '6.0.1' ],
24 silly audit   tar: [ '7.5.22' ],
24 silly audit   through2: [ '4.0.2' ],
24 silly audit   'tree-kill': [ '1.2.2' ],
24 silly audit   tslib: [ '2.8.1' ],
24 silly audit   'undici-types': [ '8.9.0' ],
24 silly audit   universalify: [ '2.0.1' ],
24 silly audit   untildify: [ '4.0.0' ],
24 silly audit   'util-deprecate': [ '1.0.2' ],
24 silly audit   which: [ '2.0.2' ],
24 silly audit   'wrap-ansi': [ '7.0.0' ],
24 silly audit   xml2js: [ '0.6.2' ],
24 silly audit   xmlbuilder: [ '11.0.1', '15.1.1' ],
24 silly audit   yallist: [ '5.0.0' ],
24 silly audit   yauzl: [ '2.10.0' ],
24 silly audit   '@capacitor/android': [ '8.5.2' ]
24 silly audit }
25 http cache @capacitor/android@https://registry.npmjs.org/@capacitor/android/-/android-8.5.2.tgz 1ms (cache hit)
26 silly tarball no local data for @capacitor/android@https://registry.npmjs.org/@capacitor/android/-/android-8.5.2.tgz. Extracting by manifest.
27 http fetch POST 200 https://registry.npmjs.org/-/npm/v1/security/advisories/bulk 358ms
28 silly audit report {}
29 http fetch GET 200 https://registry.npmjs.org/@capacitor/android/-/android-8.5.2.tgz 1784ms (cache miss)
30 silly ADD node_modules/@capacitor/android
31 verbose cwd D:\DayMeet-OS-main
32 verbose os Windows_NT 10.0.26200
33 verbose node v20.19.4
34 verbose npm  v11.14.1
35 verbose exit 0
36 info ok
