0 verbose cli F:\Node js\node.exe C:\Users\prane\AppData\Roaming\npm\node_modules\npm\bin\npm-cli.js
1 info using npm@11.14.1
2 info using node@v20.19.4
3 silly config load:file:C:\Users\prane\AppData\Roaming\npm\node_modules\npm\npmrc
4 silly config load:file:D:\DayMeet-OS-main\daymeet-v2\.npmrc
5 silly config load:file:C:\Users\prane\.npmrc
6 silly config load:file:C:\Users\prane\AppData\Roaming\npm\etc\npmrc
7 verbose title npm run build
8 verbose argv "run" "build"
9 verbose logfile logs-max:10 dir:D:\DayMeet-OS-main\.npm-cache\_logs\2026-09-28T16_32_59_781Z-
10 verbose logfile D:\DayMeet-OS-main\.npm-cache\_logs\2026-09-28T16_32_59_781Z-debug-0.log
11 silly logfile start cleaning logs, removing 1 files
12 silly logfile done cleaning log files
13 http fetch GET 200 https://registry.npmjs.org/npm 694ms
14 verbose cwd D:\DayMeet-OS-main\daymeet-v2
15 verbose os Windows_NT 10.0.26200
16 verbose node v20.19.4
17 verbose npm  v11.14.1
18 notice
18 notice New minor version of npm available! 11.14.1 -> 11.20.0
18 notice Changelog: https://github.com/npm/cli/releases/tag/v11.20.0
18 notice To update run: npm install -g npm@11.20.0
18 notice  { force: true, [Symbol(proc-log.meta)]: true }
19 verbose exit 0
20 info ok
