0 verbose cli F:\Node js\node.exe C:\Users\prane\AppData\Roaming\npm\node_modules\npm\bin\npm-cli.js
1 info using npm@11.14.1
2 info using node@v20.19.4
3 silly config load:file:C:\Users\prane\AppData\Roaming\npm\node_modules\npm\npmrc
4 silly config load:file:D:\DayMeet-OS-main\daymeet-v2\.npmrc
5 silly config load:file:C:\Users\prane\.npmrc
6 silly config load:file:C:\Users\prane\AppData\Roaming\npm\etc\npmrc
7 verbose title npm install @tailwindcss/postcss
8 verbose argv "install" "--save-dev" "@tailwindcss/postcss" "--cache" "../.npm-cache"
9 verbose logfile logs-max:10 dir:D:\DayMeet-OS-main\.npm-cache\_logs\2026-09-20T08_49_53_039Z-
10 verbose logfile D:\DayMeet-OS-main\.npm-cache\_logs\2026-09-20T08_49_53_039Z-debug-0.log
11 silly logfile done cleaning log files
12 silly packumentCache heap:2197815296 maxSize:549453824 maxEntrySize:274726912
13 silly idealTree buildDeps
14 silly fetch manifest @tailwindcss/postcss@*
15 silly packumentCache full:https://registry.npmjs.org/@tailwindcss%2fpostcss cache-miss
16 http fetch GET 200 https://registry.npmjs.org/@tailwindcss%2fpostcss 730ms (cache miss)
17 silly packumentCache full:https://registry.npmjs.org/@tailwindcss%2fpostcss set size:undefined disposed:false
18 silly placeDep ROOT @tailwindcss/postcss@4.3.3 OK for: daymeet-v2@0.0.0 want: *
19 silly fetch manifest @alloc/quick-lru@^5.2.0
20 silly packumentCache full:https://registry.npmjs.org/@alloc%2fquick-lru cache-miss
21 silly fetch manifest @tailwindcss/node@4.3.3
22 silly packumentCache full:https://registry.npmjs.org/@tailwindcss%2fnode cache-miss
23 silly fetch manifest @tailwindcss/oxide@4.3.3
24 silly packumentCache full:https://registry.npmjs.org/@tailwindcss%2foxide cache-miss
25 http fetch GET 200 https://registry.npmjs.org/@alloc%2fquick-lru 105ms (cache miss)
26 silly packumentCache full:https://registry.npmjs.org/@alloc%2fquick-lru set size:undefined disposed:false
27 http fetch GET 200 https://registry.npmjs.org/@tailwindcss%2fnode 1295ms (cache miss)
28 silly packumentCache full:https://registry.npmjs.org/@tailwindcss%2fnode set size:undefined disposed:false
29 http fetch GET 200 https://registry.npmjs.org/@tailwindcss%2foxide 1394ms (cache miss)
30 silly packumentCache full:https://registry.npmjs.org/@tailwindcss%2foxide set size:undefined disposed:false
31 silly placeDep ROOT @alloc/quick-lru@5.3.0 OK for: @tailwindcss/postcss@4.3.3 want: ^5.2.0
32 silly placeDep ROOT @tailwindcss/node@4.3.3 OK for: @tailwindcss/postcss@4.3.3 want: 4.3.3
33 silly placeDep ROOT @tailwindcss/oxide@4.3.3 OK for: @tailwindcss/postcss@4.3.3 want: 4.3.3
34 silly fetch manifest jiti@^2.7.0
35 silly packumentCache full:https://registry.npmjs.org/jiti cache-miss
36 silly fetch manifest lightningcss@1.32.0
37 silly packumentCache full:https://registry.npmjs.org/lightningcss cache-miss
38 silly fetch manifest enhanced-resolve@^5.24.1
39 silly packumentCache full:https://registry.npmjs.org/enhanced-resolve cache-miss
40 silly fetch manifest @tailwindcss/oxide-darwin-x64@4.3.3
41 silly packumentCache full:https://registry.npmjs.org/@tailwindcss%2foxide-darwin-x64 cache-miss
42 silly fetch manifest @tailwindcss/oxide-freebsd-x64@4.3.3
43 silly packumentCache full:https://registry.npmjs.org/@tailwindcss%2foxide-freebsd-x64 cache-miss
44 silly fetch manifest @tailwindcss/oxide-wasm32-wasi@4.3.3
45 silly packumentCache full:https://registry.npmjs.org/@tailwindcss%2foxide-wasm32-wasi cache-miss
46 silly fetch manifest @tailwindcss/oxide-darwin-arm64@4.3.3
47 silly packumentCache full:https://registry.npmjs.org/@tailwindcss%2foxide-darwin-arm64 cache-miss
48 silly fetch manifest @tailwindcss/oxide-android-arm64@4.3.3
49 silly packumentCache full:https://registry.npmjs.org/@tailwindcss%2foxide-android-arm64 cache-miss
50 silly fetch manifest @tailwindcss/oxide-linux-x64-gnu@4.3.3
51 silly packumentCache full:https://registry.npmjs.org/@tailwindcss%2foxide-linux-x64-gnu cache-miss
52 silly fetch manifest @tailwindcss/oxide-linux-x64-musl@4.3.3
53 silly packumentCache full:https://registry.npmjs.org/@tailwindcss%2foxide-linux-x64-musl cache-miss
54 silly fetch manifest @tailwindcss/oxide-win32-x64-msvc@4.3.3
55 silly packumentCache full:https://registry.npmjs.org/@tailwindcss%2foxide-win32-x64-msvc cache-miss
56 silly fetch manifest @tailwindcss/oxide-linux-arm64-gnu@4.3.3
57 silly packumentCache full:https://registry.npmjs.org/@tailwindcss%2foxide-linux-arm64-gnu cache-miss
58 silly fetch manifest @tailwindcss/oxide-linux-arm64-musl@4.3.3
59 silly packumentCache full:https://registry.npmjs.org/@tailwindcss%2foxide-linux-arm64-musl cache-miss
60 silly fetch manifest @tailwindcss/oxide-win32-arm64-msvc@4.3.3
61 silly packumentCache full:https://registry.npmjs.org/@tailwindcss%2foxide-win32-arm64-msvc cache-miss
62 silly fetch manifest @tailwindcss/oxide-linux-arm-gnueabihf@4.3.3
63 silly packumentCache full:https://registry.npmjs.org/@tailwindcss%2foxide-linux-arm-gnueabihf cache-miss
64 http fetch GET 200 https://registry.npmjs.org/@tailwindcss%2foxide-freebsd-x64 367ms (cache miss)
65 silly packumentCache full:https://registry.npmjs.org/@tailwindcss%2foxide-freebsd-x64 set size:undefined disposed:false
66 http fetch GET 200 https://registry.npmjs.org/jiti 446ms (cache revalidated)
67 silly packumentCache full:https://registry.npmjs.org/jiti set size:387989 disposed:false
68 http fetch GET 200 https://registry.npmjs.org/lightningcss 457ms (cache revalidated)
69 silly packumentCache full:https://registry.npmjs.org/lightningcss set size:191065 disposed:false
70 http fetch GET 200 https://registry.npmjs.org/enhanced-resolve 531ms (cache miss)
71 silly packumentCache full:https://registry.npmjs.org/enhanced-resolve set size:undefined disposed:false
72 http fetch GET 200 https://registry.npmjs.org/@tailwindcss%2foxide-darwin-x64 588ms (cache miss)
73 silly packumentCache full:https://registry.npmjs.org/@tailwindcss%2foxide-darwin-x64 set size:undefined disposed:false
74 http fetch GET 200 https://registry.npmjs.org/@tailwindcss%2foxide-wasm32-wasi 677ms (cache miss)
75 silly packumentCache full:https://registry.npmjs.org/@tailwindcss%2foxide-wasm32-wasi set size:undefined disposed:false
76 http fetch GET 200 https://registry.npmjs.org/@tailwindcss%2foxide-win32-arm64-msvc 1011ms (cache miss)
77 silly packumentCache full:https://registry.npmjs.org/@tailwindcss%2foxide-win32-arm64-msvc set size:undefined disposed:false
78 http fetch GET 200 https://registry.npmjs.org/@tailwindcss%2foxide-android-arm64 1248ms (cache miss)
79 silly packumentCache full:https://registry.npmjs.org/@tailwindcss%2foxide-android-arm64 set size:undefined disposed:false
80 http fetch GET 200 https://registry.npmjs.org/@tailwindcss%2foxide-darwin-arm64 1471ms (cache miss)
81 silly packumentCache full:https://registry.npmjs.org/@tailwindcss%2foxide-darwin-arm64 set size:undefined disposed:false
82 http fetch GET 200 https://registry.npmjs.org/@tailwindcss%2foxide-linux-x64-musl 1571ms (cache miss)
83 silly packumentCache full:https://registry.npmjs.org/@tailwindcss%2foxide-linux-x64-musl set size:undefined disposed:false
84 http fetch GET 200 https://registry.npmjs.org/@tailwindcss%2foxide-win32-x64-msvc 1614ms (cache miss)
85 silly packumentCache full:https://registry.npmjs.org/@tailwindcss%2foxide-win32-x64-msvc set size:undefined disposed:false
86 http fetch GET 200 https://registry.npmjs.org/@tailwindcss%2foxide-linux-arm64-musl 1650ms (cache miss)
87 silly packumentCache full:https://registry.npmjs.org/@tailwindcss%2foxide-linux-arm64-musl set size:undefined disposed:false
88 http fetch GET 200 https://registry.npmjs.org/@tailwindcss%2foxide-linux-arm-gnueabihf 1715ms (cache miss)
89 silly packumentCache full:https://registry.npmjs.org/@tailwindcss%2foxide-linux-arm-gnueabihf set size:undefined disposed:false
90 http fetch GET 200 https://registry.npmjs.org/@tailwindcss%2foxide-linux-arm64-gnu 1749ms (cache miss)
91 silly packumentCache full:https://registry.npmjs.org/@tailwindcss%2foxide-linux-arm64-gnu set size:undefined disposed:false
92 http fetch GET 200 https://registry.npmjs.org/@tailwindcss%2foxide-linux-x64-gnu 1779ms (cache miss)
93 silly packumentCache full:https://registry.npmjs.org/@tailwindcss%2foxide-linux-x64-gnu set size:undefined disposed:false
94 silly placeDep ROOT enhanced-resolve@5.25.1 OK for: @tailwindcss/node@4.3.3 want: ^5.24.1
95 silly placeDep ROOT jiti@2.7.0 OK for: @tailwindcss/node@4.3.3 want: ^2.7.0
96 silly placeDep node_modules/@tailwindcss/node lightningcss@1.32.0 OK for: @tailwindcss/node@4.3.3 want: 1.32.0
97 silly fetch manifest tapable@^2.3.3
98 silly packumentCache full:https://registry.npmjs.org/tapable cache-miss
99 silly fetch manifest lightningcss-darwin-x64@1.32.0
100 silly packumentCache full:https://registry.npmjs.org/lightningcss-darwin-x64 cache-miss
101 silly fetch manifest lightningcss-freebsd-x64@1.32.0
102 silly packumentCache full:https://registry.npmjs.org/lightningcss-freebsd-x64 cache-miss
103 silly fetch manifest lightningcss-darwin-arm64@1.32.0
104 silly packumentCache full:https://registry.npmjs.org/lightningcss-darwin-arm64 cache-miss
105 silly fetch manifest lightningcss-android-arm64@1.32.0
106 silly packumentCache full:https://registry.npmjs.org/lightningcss-android-arm64 cache-miss
107 silly fetch manifest lightningcss-linux-x64-gnu@1.32.0
108 silly packumentCache full:https://registry.npmjs.org/lightningcss-linux-x64-gnu cache-miss
109 silly fetch manifest lightningcss-linux-x64-musl@1.32.0
110 silly packumentCache full:https://registry.npmjs.org/lightningcss-linux-x64-musl cache-miss
111 silly fetch manifest lightningcss-win32-x64-msvc@1.32.0
112 silly packumentCache full:https://registry.npmjs.org/lightningcss-win32-x64-msvc cache-miss
113 silly fetch manifest lightningcss-linux-arm64-gnu@1.32.0
114 silly packumentCache full:https://registry.npmjs.org/lightningcss-linux-arm64-gnu cache-miss
115 silly fetch manifest lightningcss-linux-arm64-musl@1.32.0
116 silly packumentCache full:https://registry.npmjs.org/lightningcss-linux-arm64-musl cache-miss
117 silly fetch manifest lightningcss-win32-arm64-msvc@1.32.0
118 silly packumentCache full:https://registry.npmjs.org/lightningcss-win32-arm64-msvc cache-miss
119 silly fetch manifest lightningcss-linux-arm-gnueabihf@1.32.0
120 silly packumentCache full:https://registry.npmjs.org/lightningcss-linux-arm-gnueabihf cache-miss
121 http fetch GET 200 https://registry.npmjs.org/lightningcss-freebsd-x64 137ms (cache revalidated)
122 silly packumentCache full:https://registry.npmjs.org/lightningcss-freebsd-x64 set size:44564 disposed:false
123 http fetch GET 200 https://registry.npmjs.org/lightningcss-android-arm64 140ms (cache revalidated)
124 silly packumentCache full:https://registry.npmjs.org/lightningcss-android-arm64 set size:9371 disposed:false
125 http fetch GET 200 https://registry.npmjs.org/lightningcss-linux-arm64-musl 135ms (cache revalidated)
126 silly packumentCache full:https://registry.npmjs.org/lightningcss-linux-arm64-musl set size:82617 disposed:false
127 http fetch GET 200 https://registry.npmjs.org/lightningcss-linux-x64-gnu 160ms (cache revalidated)
128 silly packumentCache full:https://registry.npmjs.org/lightningcss-linux-x64-gnu set size:81819 disposed:false
129 http fetch GET 200 https://registry.npmjs.org/lightningcss-darwin-x64 168ms (cache revalidated)
130 silly packumentCache full:https://registry.npmjs.org/lightningcss-darwin-x64 set size:80374 disposed:false
131 http fetch GET 200 https://registry.npmjs.org/lightningcss-linux-x64-musl 163ms (cache revalidated)
132 silly packumentCache full:https://registry.npmjs.org/lightningcss-linux-x64-musl set size:82032 disposed:false
133 http fetch GET 200 https://registry.npmjs.org/lightningcss-win32-arm64-msvc 144ms (cache revalidated)
134 silly packumentCache full:https://registry.npmjs.org/lightningcss-win32-arm64-msvc set size:28346 disposed:false
135 http fetch GET 200 https://registry.npmjs.org/lightningcss-linux-arm64-gnu 158ms (cache revalidated)
136 silly packumentCache full:https://registry.npmjs.org/lightningcss-linux-arm64-gnu set size:82397 disposed:false
137 http fetch GET 200 https://registry.npmjs.org/lightningcss-win32-x64-msvc 162ms (cache revalidated)
138 silly packumentCache full:https://registry.npmjs.org/lightningcss-win32-x64-msvc set size:81347 disposed:false
139 http fetch GET 200 https://registry.npmjs.org/lightningcss-darwin-arm64 176ms (cache revalidated)
140 silly packumentCache full:https://registry.npmjs.org/lightningcss-darwin-arm64 set size:80970 disposed:false
141 http fetch GET 200 https://registry.npmjs.org/lightningcss-linux-arm-gnueabihf 153ms (cache revalidated)
142 silly packumentCache full:https://registry.npmjs.org/lightningcss-linux-arm-gnueabihf set size:82635 disposed:false
143 http fetch GET 200 https://registry.npmjs.org/tapable 361ms (cache miss)
144 silly packumentCache full:https://registry.npmjs.org/tapable set size:undefined disposed:false
145 silly placeDep ROOT @tailwindcss/oxide-android-arm64@4.3.3 OK for: @tailwindcss/oxide@4.3.3 want: 4.3.3
146 silly placeDep ROOT @tailwindcss/oxide-darwin-arm64@4.3.3 OK for: @tailwindcss/oxide@4.3.3 want: 4.3.3
147 silly placeDep ROOT @tailwindcss/oxide-darwin-x64@4.3.3 OK for: @tailwindcss/oxide@4.3.3 want: 4.3.3
148 silly placeDep ROOT @tailwindcss/oxide-freebsd-x64@4.3.3 OK for: @tailwindcss/oxide@4.3.3 want: 4.3.3
149 silly placeDep ROOT @tailwindcss/oxide-linux-arm-gnueabihf@4.3.3 OK for: @tailwindcss/oxide@4.3.3 want: 4.3.3
150 silly placeDep ROOT @tailwindcss/oxide-linux-arm64-gnu@4.3.3 OK for: @tailwindcss/oxide@4.3.3 want: 4.3.3
151 silly placeDep ROOT @tailwindcss/oxide-linux-arm64-musl@4.3.3 OK for: @tailwindcss/oxide@4.3.3 want: 4.3.3
152 silly placeDep ROOT @tailwindcss/oxide-linux-x64-gnu@4.3.3 OK for: @tailwindcss/oxide@4.3.3 want: 4.3.3
153 silly placeDep ROOT @tailwindcss/oxide-linux-x64-musl@4.3.3 OK for: @tailwindcss/oxide@4.3.3 want: 4.3.3
154 silly placeDep ROOT @tailwindcss/oxide-wasm32-wasi@4.3.3 OK for: @tailwindcss/oxide@4.3.3 want: 4.3.3
155 silly placeDep ROOT @tailwindcss/oxide-win32-arm64-msvc@4.3.3 OK for: @tailwindcss/oxide@4.3.3 want: 4.3.3
156 silly placeDep ROOT @tailwindcss/oxide-win32-x64-msvc@4.3.3 OK for: @tailwindcss/oxide@4.3.3 want: 4.3.3
157 silly placeDep ROOT tapable@2.3.3 OK for: enhanced-resolve@5.25.1 want: ^2.3.3
158 silly placeDep node_modules/@tailwindcss/node lightningcss-android-arm64@1.32.0 OK for: lightningcss@1.32.0 want: 1.32.0
159 silly placeDep node_modules/@tailwindcss/node lightningcss-darwin-arm64@1.32.0 OK for: lightningcss@1.32.0 want: 1.32.0
160 silly placeDep node_modules/@tailwindcss/node lightningcss-darwin-x64@1.32.0 OK for: lightningcss@1.32.0 want: 1.32.0
161 silly placeDep node_modules/@tailwindcss/node lightningcss-freebsd-x64@1.32.0 OK for: lightningcss@1.32.0 want: 1.32.0
162 silly placeDep node_modules/@tailwindcss/node lightningcss-linux-arm-gnueabihf@1.32.0 OK for: lightningcss@1.32.0 want: 1.32.0
163 silly placeDep node_modules/@tailwindcss/node lightningcss-linux-arm64-gnu@1.32.0 OK for: lightningcss@1.32.0 want: 1.32.0
164 silly placeDep node_modules/@tailwindcss/node lightningcss-linux-arm64-musl@1.32.0 OK for: lightningcss@1.32.0 want: 1.32.0
165 silly placeDep node_modules/@tailwindcss/node lightningcss-linux-x64-gnu@1.32.0 OK for: lightningcss@1.32.0 want: 1.32.0
166 silly placeDep node_modules/@tailwindcss/node lightningcss-linux-x64-musl@1.32.0 OK for: lightningcss@1.32.0 want: 1.32.0
167 silly placeDep node_modules/@tailwindcss/node lightningcss-win32-arm64-msvc@1.32.0 OK for: lightningcss@1.32.0 want: 1.32.0
168 silly placeDep node_modules/@tailwindcss/node lightningcss-win32-x64-msvc@1.32.0 OK for: lightningcss@1.32.0 want: 1.32.0
169 silly reify moves {}
170 silly audit bulk request {
170 silly audit   '@apideck/better-ajv-errors': [ '0.3.7' ],
170 silly audit   '@babel/code-frame': [ '7.29.7' ],
170 silly audit   '@babel/compat-data': [ '7.29.7' ],
170 silly audit   '@babel/core': [ '7.29.7' ],
170 silly audit   '@babel/generator': [ '7.29.8' ],
170 silly audit   '@babel/helper-annotate-as-pure': [ '7.29.7' ],
170 silly audit   '@babel/helper-compilation-targets': [ '7.29.7' ],
170 silly audit   '@babel/helper-create-class-features-plugin': [ '7.29.7' ],
170 silly audit   '@babel/helper-create-regexp-features-plugin': [ '7.29.7' ],
170 silly audit   '@babel/helper-define-polyfill-provider': [ '0.6.8' ],
170 silly audit   '@babel/helper-globals': [ '7.29.7' ],
170 silly audit   '@babel/helper-member-expression-to-functions': [ '7.29.7' ],
170 silly audit   '@babel/helper-module-imports': [ '7.29.7' ],
170 silly audit   '@babel/helper-module-transforms': [ '7.29.7' ],
170 silly audit   '@babel/helper-optimise-call-expression': [ '7.29.7' ],
170 silly audit   '@babel/helper-plugin-utils': [ '7.29.7' ],
170 silly audit   '@babel/helper-remap-async-to-generator': [ '7.29.7' ],
170 silly audit   '@babel/helper-replace-supers': [ '7.29.7' ],
170 silly audit   '@babel/helper-skip-transparent-expression-wrappers': [ '7.29.7' ],
170 silly audit   '@babel/helper-string-parser': [ '7.29.7' ],
170 silly audit   '@babel/helper-validator-identifier': [ '7.29.7' ],
170 silly audit   '@babel/helper-validator-option': [ '7.29.7' ],
170 silly audit   '@babel/helper-wrap-function': [ '7.29.7' ],
170 silly audit   '@babel/helpers': [ '7.29.7' ],
170 silly audit   '@babel/parser': [ '7.29.9' ],
170 silly audit   '@babel/plugin-bugfix-firefox-class-in-computed-class-key': [ '7.29.7' ],
170 silly audit   '@babel/plugin-bugfix-safari-class-field-initializer-scope': [ '7.29.7' ],
170 silly audit   '@babel/plugin-bugfix-safari-id-destructuring-collision-in-function-expression': [ '7.29.7' ],
170 silly audit   '@babel/plugin-bugfix-safari-rest-destructuring-rhs-array': [ '7.29.7' ],
170 silly audit   '@babel/plugin-bugfix-v8-spread-parameters-in-optional-chaining': [ '7.29.7' ],
170 silly audit   '@babel/plugin-bugfix-v8-static-class-fields-redefine-readonly': [ '7.29.7' ],
170 silly audit   '@babel/plugin-proposal-private-property-in-object': [ '7.21.0-placeholder-for-preset-env.2' ],
170 silly audit   '@babel/plugin-syntax-import-assertions': [ '7.29.7' ],
170 silly audit   '@babel/plugin-syntax-import-attributes': [ '7.29.7' ],
170 silly audit   '@babel/plugin-syntax-unicode-sets-regex': [ '7.18.6' ],
170 silly audit   '@babel/plugin-transform-arrow-functions': [ '7.29.7' ],
170 silly audit   '@babel/plugin-transform-async-generator-functions': [ '7.29.7' ],
170 silly audit   '@babel/plugin-transform-async-to-generator': [ '7.29.7' ],
170 silly audit   '@babel/plugin-transform-block-scoped-functions': [ '7.29.7' ],
170 silly audit   '@babel/plugin-transform-block-scoping': [ '7.29.7' ],
170 silly audit   '@babel/plugin-transform-class-properties': [ '7.29.7' ],
170 silly audit   '@babel/plugin-transform-class-static-block': [ '7.29.7' ],
170 silly audit   '@babel/plugin-transform-classes': [ '7.29.7' ],
170 silly audit   '@babel/plugin-transform-computed-properties': [ '7.29.7' ],
170 silly audit   '@babel/plugin-transform-destructuring': [ '7.29.7' ],
170 silly audit   '@babel/plugin-transform-dotall-regex': [ '7.29.7' ],
170 silly audit   '@babel/plugin-transform-duplicate-keys': [ '7.29.7' ],
170 silly audit   '@babel/plugin-transform-duplicate-named-capturing-groups-regex': [ '7.29.7' ],
170 silly audit   '@babel/plugin-transform-dynamic-import': [ '7.29.7' ],
170 silly audit   '@babel/plugin-transform-explicit-resource-management': [ '7.29.7' ],
170 silly audit   '@babel/plugin-transform-exponentiation-operator': [ '7.29.7' ],
170 silly audit   '@babel/plugin-transform-export-namespace-from': [ '7.29.7' ],
170 silly audit   '@babel/plugin-transform-for-of': [ '7.29.7' ],
170 silly audit   '@babel/plugin-transform-function-name': [ '7.29.7' ],
170 silly audit   '@babel/plugin-transform-json-strings': [ '7.29.7' ],
170 silly audit   '@babel/plugin-transform-literals': [ '7.29.7' ],
170 silly audit   '@babel/plugin-transform-logical-assignment-operators': [ '7.29.7' ],
170 silly audit   '@babel/plugin-transform-member-expression-literals': [ '7.29.7' ],
170 silly audit   '@babel/plugin-transform-modules-amd': [ '7.29.7' ],
170 silly audit   '@babel/plugin-transform-modules-commonjs': [ '7.29.7' ],
170 silly audit   '@babel/plugin-transform-modules-systemjs': [ '7.29.8' ],
170 silly audit   '@babel/plugin-transform-modules-umd': [ '7.29.7' ],
170 silly audit   '@babel/plugin-transform-named-capturing-groups-regex': [ '7.29.7' ],
170 silly audit   '@babel/plugin-transform-new-target': [ '7.29.7' ],
170 silly audit   '@babel/plugin-transform-nullish-coalescing-operator': [ '7.29.7' ],
170 silly audit   '@babel/plugin-transform-numeric-separator': [ '7.29.7' ],
170 silly audit   '@babel/plugin-transform-object-rest-spread': [ '7.29.7' ],
170 silly audit   '@babel/plugin-transform-object-super': [ '7.29.7' ],
170 silly audit   '@babel/plugin-transform-optional-catch-binding': [ '7.29.7' ],
170 silly audit   '@babel/plugin-transform-optional-chaining': [ '7.29.7' ],
170 silly audit   '@babel/plugin-transform-parameters': [ '7.29.7' ],
170 silly audit   '@babel/plugin-transform-private-methods': [ '7.29.7' ],
170 silly audit   '@babel/plugin-transform-private-property-in-object': [ '7.29.7' ],
170 silly audit   '@babel/plugin-transform-property-literals': [ '7.29.7' ],
170 silly audit   '@babel/plugin-transform-regenerator': [ '7.29.8' ],
170 silly audit   '@babel/plugin-transform-regexp-modifiers': [ '7.29.7' ],
170 silly audit   '@babel/plugin-transform-reserved-words': [ '7.29.7' ],
170 silly audit   '@babel/plugin-transform-shorthand-properties': [ '7.29.7' ],
170 silly audit   '@babel/plugin-transform-spread': [ '7.29.8' ],
170 silly audit   '@babel/plugin-transform-sticky-regex': [ '7.29.7' ],
170 silly audit   '@babel/plugin-transform-template-literals': [ '7.29.7' ],
170 silly audit   '@babel/plugin-transform-typeof-symbol': [ '7.29.7' ],
170 silly audit   '@babel/plugin-transform-unicode-escapes': [ '7.29.7' ],
170 silly audit   '@babel/plugin-transform-unicode-property-regex': [ '7.29.7' ],
170 silly audit   '@babel/plugin-transform-unicode-regex': [ '7.29.7' ],
170 silly audit   '@babel/plugin-transform-unicode-sets-regex': [ '7.29.7' ],
170 silly audit   '@babel/preset-env': [ '7.29.7' ],
170 silly audit   '@babel/preset-modules': [ '0.1.6-no-external-plugins' ],
170 silly audit   '@babel/runtime': [ '7.29.7' ],
170 silly audit   '@babel/template': [ '7.29.7' ],
170 silly audit   '@babel/traverse': [ '7.29.8' ],
170 silly audit   '@babel/types': [ '7.29.8' ],
170 silly audit   '@capacitor/core': [ '8.5.2' ],
170 silly audit   '@capacitor/haptics': [ '8.0.2' ],
170 silly audit   '@capacitor/status-bar': [ '8.0.3' ],
170 silly audit   '@isaacs/cliui': [ '9.0.0' ],
170 silly audit   '@jridgewell/gen-mapping': [ '0.3.13' ],
170 silly audit   '@jridgewell/remapping': [ '2.3.5' ],
170 silly audit   '@jridgewell/resolve-uri': [ '3.1.2' ],
170 silly audit   '@jridgewell/source-map': [ '0.3.11' ],
170 silly audit   '@jridgewell/sourcemap-codec': [ '1.6.0' ],
170 silly audit   '@jridgewell/trace-mapping': [ '0.3.31' ],
170 silly audit   '@napi-rs/lzma-linux-x64-gnu': [ '1.5.1' ],
170 silly audit   '@oxc-project/types': [ '0.150.0' ],
170 silly audit   '@oxlint/binding-android-arm-eabi': [ '1.83.0' ],
170 silly audit   '@oxlint/binding-android-arm64': [ '1.83.0' ],
170 silly audit   '@oxlint/binding-darwin-arm64': [ '1.83.0' ],
170 silly audit   '@oxlint/binding-darwin-x64': [ '1.83.0' ],
170 silly audit   '@oxlint/binding-freebsd-x64': [ '1.83.0' ],
170 silly audit   '@oxlint/binding-linux-arm-gnueabihf': [ '1.83.0' ],
170 silly audit   '@oxlint/binding-linux-arm-musleabihf': [ '1.83.0' ],
170 silly audit   '@oxlint/binding-linux-arm64-gnu': [ '1.83.0' ],
170 silly audit   '@oxlint/binding-linux-arm64-musl': [ '1.83.0' ],
170 silly audit   '@oxlint/binding-linux-ppc64-gnu': [ '1.83.0' ],
170 silly audit   '@oxlint/binding-linux-riscv64-gnu': [ '1.83.0' ],
170 silly audit   '@oxlint/binding-linux-riscv64-musl': [ '1.83.0' ],
170 silly audit   '@oxlint/binding-linux-s390x-gnu': [ '1.83.0' ],
170 silly audit   '@oxlint/binding-linux-x64-gnu': [ '1.83.0' ],
170 silly audit   '@oxlint/binding-linux-x64-musl': [ '1.83.0' ],
170 silly audit   '@oxlint/binding-openharmony-arm64': [ '1.83.0' ],
170 silly audit   '@oxlint/binding-win32-arm64-msvc': [ '1.83.0' ],
170 silly audit   '@oxlint/binding-win32-ia32-msvc': [ '1.83.0' ],
170 silly audit   '@oxlint/binding-win32-x64-msvc': [ '1.83.0' ],
170 silly audit   '@rolldown/binding-android-arm-eabi': [ '1.2.9' ],
170 silly audit   '@rolldown/binding-android-arm64': [ '1.2.9' ],
170 silly audit   '@rolldown/binding-darwin-arm64': [ '1.2.9' ],
170 silly audit   '@rolldown/binding-darwin-x64': [ '1.2.9' ],
170 silly audit   '@rolldown/binding-freebsd-x64': [ '1.2.9' ],
170 silly audit   '@rolldown/binding-linux-arm-gnueabihf': [ '1.2.9' ],
170 silly audit   '@rolldown/binding-linux-arm64-gnu': [ '1.2.9' ],
170 silly audit   '@rolldown/binding-linux-arm64-musl': [ '1.2.9' ],
170 silly audit   '@rolldown/binding-linux-ppc64-gnu': [ '1.2.9' ],
170 silly audit   '@rolldown/binding-linux-s390x-gnu': [ '1.2.9' ],
170 silly audit   '@rolldown/binding-linux-x64-gnu': [ '1.2.9' ],
170 silly audit   '@rolldown/binding-linux-x64-musl': [ '1.2.9' ],
170 silly audit   '@rolldown/binding-openharmony-arm64': [ '1.2.9' ],
170 silly audit   '@rolldown/binding-win32-arm64-msvc': [ '1.2.9' ],
170 silly audit   '@rolldown/binding-win32-x64-msvc': [ '1.2.9' ],
170 silly audit   '@rolldown/pluginutils': [ '1.0.1' ],
170 silly audit   '@rollup/plugin-babel': [ '6.1.0' ],
170 silly audit   '@rollup/plugin-node-resolve': [ '16.0.3' ],
170 silly audit   '@rollup/plugin-replace': [ '6.0.3' ],
170 silly audit   '@rollup/plugin-terser': [ '1.0.0' ],
170 silly audit   '@rollup/pluginutils': [ '5.4.0' ],
170 silly audit   '@rollup/rollup-android-arm-eabi': [ '4.63.4' ],
170 silly audit   '@rollup/rollup-android-arm64': [ '4.63.4' ],
170 silly audit   '@rollup/rollup-darwin-arm64': [ '4.63.4' ],
170 silly audit   '@rollup/rollup-darwin-x64': [ '4.63.4' ],
170 silly audit   '@rollup/rollup-freebsd-arm64': [ '4.63.4' ],
170 silly audit   '@rollup/rollup-freebsd-x64': [ '4.63.4' ],
170 silly audit   '@rollup/rollup-linux-arm-gnueabihf': [ '4.63.4' ],
170 silly audit   '@rollup/rollup-linux-arm-musleabihf': [ '4.63.4' ],
170 silly audit   '@rollup/rollup-linux-arm64-gnu': [ '4.63.4' ],
170 silly audit   '@rollup/rollup-linux-arm64-musl': [ '4.63.4' ],
170 silly audit   '@rollup/rollup-linux-loong64-gnu': [ '4.63.4' ],
170 silly audit   '@rollup/rollup-linux-loong64-musl': [ '4.63.4' ],
170 silly audit   '@rollup/rollup-linux-ppc64-gnu': [ '4.63.4' ],
170 silly audit   '@rollup/rollup-linux-ppc64-musl': [ '4.63.4' ],
170 silly audit   '@rollup/rollup-linux-riscv64-gnu': [ '4.63.4' ],
170 silly audit   '@rollup/rollup-linux-riscv64-musl': [ '4.63.4' ],
170 silly audit   '@rollup/rollup-linux-s390x-gnu': [ '4.63.4' ],
170 silly audit   '@rollup/rollup-linux-x64-gnu': [ '4.63.4' ],
170 silly audit   '@rollup/rollup-linux-x64-musl': [ '4.63.4' ],
170 silly audit   '@rollup/rollup-openbsd-x64': [ '4.63.4' ],
170 silly audit   '@rollup/rollup-openharmony-arm64': [ '4.63.4' ],
170 silly audit   '@rollup/rollup-win32-arm64-msvc': [ '4.63.4' ],
170 silly audit   '@rollup/rollup-win32-ia32-msvc': [ '4.63.4' ],
170 silly audit   '@rollup/rollup-win32-x64-gnu': [ '4.63.4' ],
170 silly audit   '@rollup/rollup-win32-x64-msvc': [ '4.63.4' ],
170 silly audit   '@trickfilm400/rollup-plugin-off-main-thread': [ '3.0.0-pre1' ],
170 silly audit   '@types/estree': [ '1.0.9' ],
170 silly audit   '@types/react': [ '19.3.0' ],
170 silly audit   '@types/react-dom': [ '19.3.0' ],
170 silly audit   '@types/resolve': [ '1.20.2' ],
170 silly audit   '@types/trusted-types': [ '2.0.7' ],
170 silly audit   '@vitejs/plugin-react': [ '6.1.1' ],
170 silly audit   acorn: [ '8.18.0' ],
170 silly audit   ajv: [ '8.20.0' ],
170 silly audit   'array-buffer-byte-length': [ '1.0.2' ],
170 silly audit   'arraybuffer.prototype.slice': [ '1.0.4' ],
170 silly audit   async: [ '3.2.6' ],
170 silly audit   'async-function': [ '1.0.0' ],
170 silly audit   'at-least-node': [ '1.0.0' ],
170 silly audit   autoprefixer: [ '10.6.1' ],
170 silly audit   'available-typed-arrays': [ '1.0.7' ],
170 silly audit   'babel-plugin-polyfill-corejs2': [ '0.4.17' ],
170 silly audit   'babel-plugin-polyfill-corejs3': [ '0.14.2' ],
170 silly audit   'babel-plugin-polyfill-regenerator': [ '0.6.8' ],
170 silly audit   'balanced-match': [ '4.0.4', '1.0.2' ],
170 silly audit   'baseline-browser-mapping': [ '2.11.25' ],
170 silly audit   'brace-expansion': [ '5.0.12', '2.1.7' ],
170 silly audit   browserslist: [ '4.29.0' ],
170 silly audit   'buffer-from': [ '1.1.2' ],
170 silly audit   'call-bind': [ '1.0.9' ],
170 silly audit   'call-bind-apply-helpers': [ '1.0.2' ],
170 silly audit   'call-bound': [ '1.0.4' ],
170 silly audit   'caniuse-lite': [ '1.0.30001810' ],
170 silly audit   commander: [ '2.20.3' ],
170 silly audit   'common-tags': [ '1.8.2' ],
170 silly audit   'convert-source-map': [ '2.0.0' ],
170 silly audit   'core-js-compat': [ '3.50.0' ],
170 silly audit   'cross-spawn': [ '7.0.6' ],
170 silly audit   'crypto-random-string': [ '2.0.0' ],
170 silly audit   csstype: [ '3.2.3' ],
170 silly audit   'data-view-buffer': [ '1.0.2' ],
170 silly audit   'data-view-byte-length': [ '1.0.2' ],
170 silly audit   'data-view-byte-offset': [ '1.0.1' ],
170 silly audit   debug: [ '4.4.3' ],
170 silly audit   deepmerge: [ '4.3.1' ],
170 silly audit   'define-data-property': [ '1.1.4' ],
170 silly audit   'define-properties': [ '1.2.1' ],
170 silly audit   'detect-libc': [ '2.1.2' ],
170 silly audit   'dunder-proto': [ '1.0.1' ],
170 silly audit   ejs: [ '3.1.10' ],
170 silly audit   'electron-to-chromium': [ '1.5.433' ],
170 silly audit   'es-abstract': [ '1.24.2' ],
170 silly audit   'es-abstract-get': [ '1.0.0' ],
170 silly audit   'es-define-property': [ '1.0.1' ],
170 silly audit   'es-errors': [ '1.3.0' ],
170 silly audit   'es-object-atoms': [ '1.1.2' ],
170 silly audit   'es-set-tostringtag': [ '2.1.0' ],
170 silly audit   'es-to-primitive': [ '1.3.4' ],
170 silly audit   escalade: [ '3.2.0' ],
170 silly audit   'estree-walker': [ '2.0.2' ],
170 silly audit   esutils: [ '2.0.3' ],
170 silly audit   eta: [ '4.6.0' ],
170 silly audit   'fast-deep-equal': [ '3.1.3' ],
170 silly audit   'fast-json-stable-stringify': [ '2.1.0' ],
170 silly audit   'fast-uri': [ '3.1.8' ],
170 silly audit   fdir: [ '6.5.0' ],
170 silly audit   filelist: [ '1.0.6' ],
170 silly audit   minimatch: [ '5.1.9', '10.2.6' ],
170 silly audit   'for-each': [ '0.3.5' ],
170 silly audit   'foreground-child': [ '3.3.1' ],
170 silly audit   'fraction.js': [ '5.3.4' ],
170 silly audit   'fs-extra': [ '9.1.0' ],
170 silly audit   fsevents: [ '2.3.3' ],
170 silly audit   'function-bind': [ '1.1.2' ],
170 silly audit   'function.prototype.name': [ '1.2.0' ],
170 silly audit   'functions-have-names': [ '1.2.3' ],
170 silly audit   'generator-function': [ '2.0.1' ],
170 silly audit   gensync: [ '1.0.0-beta.2' ],
170 silly audit   'get-intrinsic': [ '1.3.0' ],
170 silly audit   'get-own-enumerable-property-symbols': [ '3.0.2' ],
170 silly audit   'get-proto': [ '1.0.1' ],
170 silly audit   'get-symbol-description': [ '1.1.0' ],
170 silly audit   glob: [ '11.1.0' ],
170 silly audit   globalthis: [ '1.0.4' ],
170 silly audit   gopd: [ '1.2.0' ],
170 silly audit   'graceful-fs': [ '4.2.11' ],
170 silly audit   'has-bigints': [ '1.1.0' ],
170 silly audit   'has-property-descriptors': [ '1.0.2' ],
170 silly audit   'has-proto': [ '1.2.0' ],
170 silly audit   'has-symbols': [ '1.1.0' ],
170 silly audit   'has-tostringtag': [ '1.0.2' ],
170 silly audit   hasown: [ '2.0.4' ],
170 silly audit   idb: [ '7.1.1' ],
170 silly audit   'internal-slot': [ '1.1.0' ],
170 silly audit   'is-array-buffer': [ '3.0.5' ],
170 silly audit   'is-async-function': [ '2.1.1' ],
170 silly audit   'is-bigint': [ '1.1.0' ],
170 silly audit   'is-boolean-object': [ '1.2.2' ],
170 silly audit   'is-callable': [ '1.2.7' ],
170 silly audit   'is-core-module': [ '2.17.0' ],
170 silly audit   'is-data-view': [ '1.0.2' ],
170 silly audit   'is-date-object': [ '1.1.0' ],
170 silly audit   'is-document.all': [ '1.0.0' ],
170 silly audit   'is-finalizationregistry': [ '1.1.1' ],
170 silly audit   'is-generator-function': [ '1.1.2' ],
170 silly audit   'is-map': [ '2.0.3' ],
170 silly audit   'is-module': [ '1.0.0' ],
170 silly audit   'is-negative-zero': [ '2.0.3' ],
170 silly audit   'is-number-object': [ '1.1.1' ],
170 silly audit   'is-obj': [ '1.0.1' ],
170 silly audit   'is-regex': [ '1.2.1' ],
170 silly audit   'is-regexp': [ '1.0.0' ],
170 silly audit   'is-set': [ '2.0.3' ],
170 silly audit   'is-shared-array-buffer': [ '1.0.4' ],
170 silly audit   'is-stream': [ '2.0.1' ],
170 silly audit   'is-string': [ '1.1.1' ],
170 silly audit   'is-symbol': [ '1.1.1' ],
170 silly audit   'is-typed-array': [ '1.1.15' ],
170 silly audit   'is-weakmap': [ '2.0.2' ],
170 silly audit   'is-weakref': [ '1.1.1' ],
170 silly audit   'is-weakset': [ '2.0.4' ],
170 silly audit   isarray: [ '2.0.5' ],
170 silly audit   isexe: [ '2.0.0' ],
170 silly audit   jackspeak: [ '4.2.3' ],
170 silly audit   jake: [ '10.9.4' ],
170 silly audit   'js-tokens': [ '4.0.0' ],
170 silly audit   jsesc: [ '3.1.0' ],
170 silly audit   'json-schema-traverse': [ '1.0.0' ],
170 silly audit   json5: [ '2.2.3' ],
170 silly audit   jsonfile: [ '6.2.1' ],
170 silly audit   jsonpointer: [ '5.0.1' ],
170 silly audit   leven: [ '3.1.0' ],
170 silly audit   lightningcss: [ '1.33.0', '1.32.0' ],
170 silly audit   'lightningcss-android-arm64': [ '1.33.0', '1.32.0' ],
170 silly audit   'lightningcss-darwin-arm64': [ '1.33.0', '1.32.0' ],
170 silly audit   'lightningcss-darwin-x64': [ '1.33.0', '1.32.0' ],
170 silly audit   'lightningcss-freebsd-x64': [ '1.33.0', '1.32.0' ],
170 silly audit   'lightningcss-linux-arm-gnueabihf': [ '1.33.0', '1.32.0' ],
170 silly audit   'lightningcss-linux-arm64-gnu': [ '1.33.0', '1.32.0' ],
170 silly audit   'lightningcss-linux-arm64-musl': [ '1.33.0', '1.32.0' ],
170 silly audit   'lightningcss-linux-x64-gnu': [ '1.33.0', '1.32.0' ],
170 silly audit   'lightningcss-linux-x64-musl': [ '1.33.0', '1.32.0' ],
170 silly audit   'lightningcss-win32-arm64-msvc': [ '1.33.0', '1.32.0' ],
170 silly audit   'lightningcss-win32-x64-msvc': [ '1.33.0', '1.32.0' ],
170 silly audit   'lodash.debounce': [ '4.0.8' ],
170 silly audit   'lru-cache': [ '5.1.1', '11.5.3' ],
170 silly audit   'magic-string': [ '0.30.21' ],
170 silly audit   'math-intrinsics': [ '1.1.0' ],
170 silly audit   minipass: [ '7.1.3' ],
170 silly audit   ms: [ '2.1.3' ],
170 silly audit   nanoid: [ '3.3.19' ],
170 silly audit   'node-releases': [ '2.0.56' ],
170 silly audit   'object-inspect': [ '1.13.4' ],
170 silly audit   'object-keys': [ '1.1.1' ],
170 silly audit   'object.assign': [ '4.1.7' ],
170 silly audit   'own-keys': [ '1.0.2' ],
170 silly audit   oxlint: [ '1.83.0' ],
170 silly audit   'package-json-from-dist': [ '1.0.1' ],
170 silly audit   'path-key': [ '3.1.1' ],
170 silly audit   'path-parse': [ '1.0.7' ],
170 silly audit   'path-scurry': [ '2.0.2' ],
170 silly audit   picocolors: [ '1.1.1' ],
170 silly audit   picomatch: [ '4.0.7' ],
170 silly audit   'possible-typed-array-names': [ '1.1.0' ],
170 silly audit   postcss: [ '8.5.28' ],
170 silly audit   'postcss-value-parser': [ '4.2.0' ],
170 silly audit   'pretty-bytes': [ '6.1.1', '5.6.0' ],
170 silly audit   react: [ '19.3.0' ],
170 silly audit   'react-dom': [ '19.3.0' ],
170 silly audit   'reflect.getprototypeof': [ '1.0.10' ],
170 silly audit   regenerate: [ '1.4.2' ],
170 silly audit   'regenerate-unicode-properties': [ '10.2.2' ],
170 silly audit   'regexp.prototype.flags': [ '1.5.4' ],
170 silly audit   'regexpu-core': [ '6.4.0' ],
170 silly audit   regjsgen: [ '0.8.0' ],
170 silly audit   regjsparser: [ '0.13.3' ],
170 silly audit   'require-from-string': [ '2.0.2' ],
170 silly audit   resolve: [ '1.22.12' ],
170 silly audit   rolldown: [ '1.2.9' ],
170 silly audit   rollup: [ '4.63.4' ],
170 silly audit   'safe-array-concat': [ '1.1.4' ],
170 silly audit   'safe-push-apply': [ '1.0.0' ],
170 silly audit   'safe-regex-test': [ '1.1.0' ],
170 silly audit   scheduler: [ '0.28.0' ],
170 silly audit   semver: [ '6.3.1' ],
170 silly audit   'serialize-javascript': [ '7.1.1' ],
170 silly audit   'set-function-length': [ '1.2.2' ],
170 silly audit   'set-function-name': [ '2.0.2' ],
170 silly audit   'set-proto': [ '1.0.0' ],
170 silly audit   'shebang-command': [ '2.0.0' ],
170 silly audit   'shebang-regex': [ '3.0.0' ],
170 silly audit   'side-channel': [ '1.1.1' ],
170 silly audit   'side-channel-list': [ '1.0.1' ],
170 silly audit   'side-channel-map': [ '1.0.1' ],
170 silly audit   'side-channel-weakmap': [ '1.0.2' ],
170 silly audit   'signal-exit': [ '4.1.0' ],
170 silly audit   smob: [ '1.6.2' ],
170 silly audit   'source-map': [ '0.8.0', '0.6.1' ],
170 silly audit   'source-map-js': [ '1.2.1' ],
170 silly audit   'source-map-support': [ '0.5.21' ],
170 silly audit   'stop-iteration-iterator': [ '1.1.0' ],
170 silly audit   'string.prototype.matchall': [ '4.1.0' ],
170 silly audit   'string.prototype.trim': [ '1.2.11' ],
170 silly audit   'string.prototype.trimend': [ '1.0.10' ],
170 silly audit   'string.prototype.trimstart': [ '1.0.8' ],
170 silly audit   'stringify-object': [ '3.3.0' ],
170 silly audit   'strip-comments': [ '2.0.1' ],
170 silly audit   'supports-preserve-symlinks-flag': [ '1.0.0' ],
170 silly audit   tailwindcss: [ '4.3.3' ],
170 silly audit   'temp-dir': [ '2.0.0' ],
170 silly audit   tempy: [ '0.6.0' ],
170 silly audit   terser: [ '5.51.2' ],
170 silly audit   tinyglobby: [ '0.2.17' ],
170 silly audit   tslib: [ '2.8.1' ],
170 silly audit   'type-fest': [ '0.16.0' ],
170 silly audit   'typed-array-buffer': [ '1.0.3' ],
170 silly audit   'typed-array-byte-length': [ '1.0.3' ],
170 silly audit   'typed-array-byte-offset': [ '1.0.5' ],
170 silly audit   'typed-array-length': [ '1.0.8' ],
170 silly audit   'unbox-primitive': [ '1.1.0' ],
170 silly audit   'unicode-canonical-property-names-ecmascript': [ '2.0.1' ],
170 silly audit   'unicode-match-property-ecmascript': [ '2.0.0' ],
170 silly audit   'unicode-match-property-value-ecmascript': [ '2.2.1' ],
170 silly audit   'unicode-property-aliases-ecmascript': [ '2.2.0' ],
170 silly audit   'unique-string': [ '2.0.0' ],
170 silly audit   universalify: [ '2.0.1' ],
170 silly audit   upath: [ '1.2.0' ],
170 silly audit   'update-browserslist-db': [ '1.3.3' ],
170 silly audit   vite: [ '8.3.0' ],
170 silly audit   'vite-plugin-pwa': [ '1.3.0' ],
170 silly audit   which: [ '2.0.2' ],
170 silly audit   'which-boxed-primitive': [ '1.1.1' ],
170 silly audit   'which-builtin-type': [ '1.2.1' ],
170 silly audit   'which-collection': [ '1.0.2' ],
170 silly audit   'which-typed-array': [ '1.1.24' ],
170 silly audit   'workbox-background-sync': [ '7.4.1' ],
170 silly audit   'workbox-broadcast-update': [ '7.4.1' ],
170 silly audit   'workbox-build': [ '7.4.1' ],
170 silly audit   'workbox-cacheable-response': [ '7.4.1' ],
170 silly audit   'workbox-core': [ '7.4.1' ],
170 silly audit   'workbox-expiration': [ '7.4.1' ],
170 silly audit   'workbox-google-analytics': [ '7.4.1' ],
170 silly audit   'workbox-navigation-preload': [ '7.4.1' ],
170 silly audit   'workbox-precaching': [ '7.4.1' ],
170 silly audit   'workbox-range-requests': [ '7.4.1' ],
170 silly audit   'workbox-recipes': [ '7.4.1' ],
170 silly audit   'workbox-routing': [ '7.4.1' ],
170 silly audit   'workbox-strategies': [ '7.4.1' ],
170 silly audit   'workbox-streams': [ '7.4.1' ],
170 silly audit   'workbox-sw': [ '7.4.1' ],
170 silly audit   'workbox-window': [ '7.4.1' ],
170 silly audit   yallist: [ '3.1.1' ],
170 silly audit   '@tailwindcss/postcss': [ '4.3.3' ],
170 silly audit   '@alloc/quick-lru': [ '5.3.0' ],
170 silly audit   '@tailwindcss/node': [ '4.3.3' ],
170 silly audit   '@tailwindcss/oxide': [ '4.3.3' ],
170 silly audit   'enhanced-resolve': [ '5.25.1' ],
170 silly audit   jiti: [ '2.7.0' ],
170 silly audit   '@tailwindcss/oxide-android-arm64': [ '4.3.3' ],
170 silly audit   '@tailwindcss/oxide-darwin-arm64': [ '4.3.3' ],
170 silly audit   '@tailwindcss/oxide-darwin-x64': [ '4.3.3' ],
170 silly audit   '@tailwindcss/oxide-freebsd-x64': [ '4.3.3' ],
170 silly audit   '@tailwindcss/oxide-linux-arm-gnueabihf': [ '4.3.3' ],
170 silly audit   '@tailwindcss/oxide-linux-arm64-gnu': [ '4.3.3' ],
170 silly audit   '@tailwindcss/oxide-linux-arm64-musl': [ '4.3.3' ],
170 silly audit   '@tailwindcss/oxide-linux-x64-gnu': [ '4.3.3' ],
170 silly audit   '@tailwindcss/oxide-linux-x64-musl': [ '4.3.3' ],
170 silly audit   '@tailwindcss/oxide-wasm32-wasi': [ '4.3.3' ],
170 silly audit   '@tailwindcss/oxide-win32-arm64-msvc': [ '4.3.3' ],
170 silly audit   '@tailwindcss/oxide-win32-x64-msvc': [ '4.3.3' ],
170 silly audit   tapable: [ '2.3.3' ]
170 silly audit }
171 http cache tapable@https://registry.npmjs.org/tapable/-/tapable-2.3.3.tgz 0ms (cache hit)
172 http cache @tailwindcss/oxide-win32-x64-msvc@https://registry.npmjs.org/@tailwindcss/oxide-win32-x64-msvc/-/oxide-win32-x64-msvc-4.3.3.tgz 1ms (cache hit)
173 http cache jiti@https://registry.npmjs.org/jiti/-/jiti-2.7.0.tgz 0ms (cache hit)
174 http cache enhanced-resolve@https://registry.npmjs.org/enhanced-resolve/-/enhanced-resolve-5.25.1.tgz 0ms (cache hit)
175 http cache lightningcss@https://registry.npmjs.org/lightningcss/-/lightningcss-1.32.0.tgz 0ms (cache hit)
176 http cache @tailwindcss/oxide@https://registry.npmjs.org/@tailwindcss/oxide/-/oxide-4.3.3.tgz 0ms (cache hit)
177 http cache @tailwindcss/node@https://registry.npmjs.org/@tailwindcss/node/-/node-4.3.3.tgz 0ms (cache hit)
178 http cache @alloc/quick-lru@https://registry.npmjs.org/@alloc/quick-lru/-/quick-lru-5.3.0.tgz 0ms (cache hit)
179 http cache @tailwindcss/postcss@https://registry.npmjs.org/@tailwindcss/postcss/-/postcss-4.3.3.tgz 0ms (cache hit)
180 silly tarball no local data for tapable@https://registry.npmjs.org/tapable/-/tapable-2.3.3.tgz. Extracting by manifest.
181 http cache lightningcss-win32-x64-msvc@https://registry.npmjs.org/lightningcss-win32-x64-msvc/-/lightningcss-win32-x64-msvc-1.32.0.tgz 0ms (cache hit)
182 silly tarball no local data for @tailwindcss/oxide-win32-x64-msvc@https://registry.npmjs.org/@tailwindcss/oxide-win32-x64-msvc/-/oxide-win32-x64-msvc-4.3.3.tgz. Extracting by manifest.
183 silly tarball no local data for jiti@https://registry.npmjs.org/jiti/-/jiti-2.7.0.tgz. Extracting by manifest.
184 silly tarball no local data for enhanced-resolve@https://registry.npmjs.org/enhanced-resolve/-/enhanced-resolve-5.25.1.tgz. Extracting by manifest.
185 silly tarball no local data for lightningcss@https://registry.npmjs.org/lightningcss/-/lightningcss-1.32.0.tgz. Extracting by manifest.
186 silly tarball no local data for @tailwindcss/oxide@https://registry.npmjs.org/@tailwindcss/oxide/-/oxide-4.3.3.tgz. Extracting by manifest.
187 silly tarball no local data for @tailwindcss/node@https://registry.npmjs.org/@tailwindcss/node/-/node-4.3.3.tgz. Extracting by manifest.
188 silly tarball no local data for @alloc/quick-lru@https://registry.npmjs.org/@alloc/quick-lru/-/quick-lru-5.3.0.tgz. Extracting by manifest.
189 silly tarball no local data for @tailwindcss/postcss@https://registry.npmjs.org/@tailwindcss/postcss/-/postcss-4.3.3.tgz. Extracting by manifest.
190 silly tarball no local data for lightningcss-win32-x64-msvc@https://registry.npmjs.org/lightningcss-win32-x64-msvc/-/lightningcss-win32-x64-msvc-1.32.0.tgz. Extracting by manifest.
191 http fetch GET 200 https://registry.npmjs.org/@tailwindcss/oxide/-/oxide-4.3.3.tgz 218ms (cache miss)
192 http fetch GET 200 https://registry.npmjs.org/@alloc/quick-lru/-/quick-lru-5.3.0.tgz 238ms (cache miss)
193 http fetch GET 200 https://registry.npmjs.org/@tailwindcss/postcss/-/postcss-4.3.3.tgz 282ms (cache miss)
194 http fetch GET 200 https://registry.npmjs.org/@tailwindcss/node/-/node-4.3.3.tgz 306ms (cache miss)
195 http fetch POST 200 https://registry.npmjs.org/-/npm/v1/security/advisories/bulk 377ms
196 silly audit report {}
197 http fetch GET 200 https://registry.npmjs.org/lightningcss/-/lightningcss-1.32.0.tgz 358ms (cache miss)
198 http fetch GET 200 https://registry.npmjs.org/tapable/-/tapable-2.3.3.tgz 372ms (cache miss)
199 http fetch GET 200 https://registry.npmjs.org/jiti/-/jiti-2.7.0.tgz 399ms (cache miss)
200 http fetch GET 200 https://registry.npmjs.org/enhanced-resolve/-/enhanced-resolve-5.25.1.tgz 499ms (cache miss)
201 http fetch GET 200 https://registry.npmjs.org/lightningcss-win32-x64-msvc/-/lightningcss-win32-x64-msvc-1.32.0.tgz 1615ms (cache miss)
202 http fetch GET 200 https://registry.npmjs.org/@tailwindcss/oxide-win32-x64-msvc/-/oxide-win32-x64-msvc-4.3.3.tgz 2367ms (cache miss)
203 silly ADD node_modules/tapable
204 silly ADD node_modules/@tailwindcss/oxide-win32-x64-msvc
205 silly ADD node_modules/jiti
206 silly ADD node_modules/enhanced-resolve
207 silly ADD node_modules/@tailwindcss/oxide
208 silly ADD node_modules/@tailwindcss/node
209 silly ADD node_modules/@tailwindcss/node/node_modules/lightningcss-win32-x64-msvc
210 silly ADD node_modules/@tailwindcss/node/node_modules/lightningcss
211 silly ADD node_modules/@alloc/quick-lru
212 silly ADD node_modules/@tailwindcss/postcss
213 verbose cwd D:\DayMeet-OS-main\daymeet-v2
214 verbose os Windows_NT 10.0.26200
215 verbose node v20.19.4
216 verbose npm  v11.14.1
217 verbose exit 0
218 info ok
