0 verbose cli F:\Node js\node.exe C:\Users\prane\AppData\Roaming\npm\node_modules\npm\bin\npm-cli.js
1 info using npm@11.14.1
2 info using node@v20.19.4
3 silly config load:file:C:\Users\prane\AppData\Roaming\npm\node_modules\npm\npmrc
4 silly config load:file:D:\DayMeet-OS-main\daymeet-v2\.npmrc
5 silly config load:file:C:\Users\prane\.npmrc
6 silly config load:file:C:\Users\prane\AppData\Roaming\npm\etc\npmrc
7 verbose title npm exec eslint src/App.jsx
8 verbose argv "exec" "--" "eslint" "src/App.jsx"
9 verbose logfile logs-max:10 dir:D:\DayMeet-OS-main\.npm-cache\_logs\2026-10-01T14_19_27_978Z-
10 verbose logfile D:\DayMeet-OS-main\.npm-cache\_logs\2026-10-01T14_19_27_978Z-debug-0.log
11 silly logfile start cleaning logs, removing 1 files
12 silly packumentCache heap:2197815296 maxSize:549453824 maxEntrySize:274726912
13 silly logfile done cleaning log files
14 http fetch GET 200 https://registry.npmjs.org/eslint 722ms (cache miss)
15 silly packumentCache heap:2197815296 maxSize:549453824 maxEntrySize:274726912
16 silly packumentCache heap:2197815296 maxSize:549453824 maxEntrySize:274726912
17 warn exec The following package was not found and will be installed: eslint@10.11.0
18 silly idealTree buildDeps
19 silly fetch manifest eslint@10.11.0
20 silly packumentCache full:https://registry.npmjs.org/eslint cache-miss
21 http fetch GET 200 https://registry.npmjs.org/eslint 372ms (cache miss)
22 silly packumentCache full:https://registry.npmjs.org/eslint set size:undefined disposed:false
23 silly fetch manifest jiti@*
24 silly packumentCache full:https://registry.npmjs.org/jiti cache-miss
25 http fetch GET 200 https://registry.npmjs.org/jiti 264ms (cache revalidated)
26 silly packumentCache full:https://registry.npmjs.org/jiti set size:387989 disposed:false
27 silly placeDep ROOT eslint@10.11.0 OK for:  want: 10.11.0
28 silly fetch manifest ajv@^6.14.0
29 silly packumentCache full:https://registry.npmjs.org/ajv cache-miss
30 silly fetch manifest debug@^4.3.2
31 silly packumentCache full:https://registry.npmjs.org/debug cache-miss
32 silly fetch manifest espree@^11.2.0
33 silly packumentCache full:https://registry.npmjs.org/espree cache-miss
34 silly fetch manifest ignore@^5.2.0
35 silly packumentCache full:https://registry.npmjs.org/ignore cache-miss
36 silly fetch manifest esquery@^1.7.0
37 silly packumentCache full:https://registry.npmjs.org/esquery cache-miss
38 silly fetch manifest esutils@^2.0.2
39 silly packumentCache full:https://registry.npmjs.org/esutils cache-miss
40 silly fetch manifest find-up@^5.0.0
41 silly packumentCache full:https://registry.npmjs.org/find-up cache-miss
42 silly fetch manifest is-glob@^4.0.0
43 silly packumentCache full:https://registry.npmjs.org/is-glob cache-miss
44 silly fetch manifest minimatch@^10.2.5
45 silly packumentCache full:https://registry.npmjs.org/minimatch cache-miss
46 silly fetch manifest optionator@^0.9.3
47 silly packumentCache full:https://registry.npmjs.org/optionator cache-miss
48 silly fetch manifest cross-spawn@^7.0.6
49 silly packumentCache full:https://registry.npmjs.org/cross-spawn cache-miss
50 silly fetch manifest glob-parent@^6.0.2
51 silly packumentCache full:https://registry.npmjs.org/glob-parent cache-miss
52 silly fetch manifest imurmurhash@^0.1.4
53 silly packumentCache full:https://registry.npmjs.org/imurmurhash cache-miss
54 silly fetch manifest @eslint/core@^1.2.1
55 silly packumentCache full:https://registry.npmjs.org/@eslint%2fcore cache-miss
56 silly fetch manifest eslint-scope@^9.1.2
57 silly packumentCache full:https://registry.npmjs.org/eslint-scope cache-miss
58 http fetch GET 200 https://registry.npmjs.org/espree 323ms (cache miss)
59 silly packumentCache full:https://registry.npmjs.org/espree set size:undefined disposed:false
60 silly fetch manifest @humanfs/node@^0.16.6
61 silly packumentCache full:https://registry.npmjs.org/@humanfs%2fnode cache-miss
62 http fetch GET 200 https://registry.npmjs.org/@humanfs%2fnode 332ms (cache miss)
63 silly packumentCache full:https://registry.npmjs.org/@humanfs%2fnode set size:undefined disposed:false
64 silly fetch manifest @types/estree@^1.0.6
65 silly packumentCache full:https://registry.npmjs.org/@types%2festree cache-miss
66 http fetch GET 200 https://registry.npmjs.org/minimatch 902ms (cache revalidated)
67 silly packumentCache full:https://registry.npmjs.org/minimatch set size:377924 disposed:false
68 silly fetch manifest fast-deep-equal@^3.1.3
69 silly packumentCache full:https://registry.npmjs.org/fast-deep-equal cache-miss
70 http fetch GET 200 https://registry.npmjs.org/cross-spawn 907ms (cache revalidated)
71 silly packumentCache full:https://registry.npmjs.org/cross-spawn set size:109066 disposed:false
72 silly fetch manifest natural-compare@^1.4.0
73 silly packumentCache full:https://registry.npmjs.org/natural-compare cache-miss
74 http fetch GET 200 https://registry.npmjs.org/ajv 924ms (cache revalidated)
75 silly packumentCache full:https://registry.npmjs.org/ajv set size:1142658 disposed:false
76 silly fetch manifest file-entry-cache@11.1.5 || >11.1.6 <12
77 silly packumentCache full:https://registry.npmjs.org/file-entry-cache cache-miss
78 http fetch GET 200 https://registry.npmjs.org/esutils 940ms (cache revalidated)
79 silly packumentCache full:https://registry.npmjs.org/esutils set size:29522 disposed:false
80 silly fetch manifest @eslint/plugin-kit@^0.7.3
81 silly packumentCache full:https://registry.npmjs.org/@eslint%2fplugin-kit cache-miss
82 http fetch GET 200 https://registry.npmjs.org/debug 953ms (cache revalidated)
83 silly packumentCache full:https://registry.npmjs.org/debug set size:195840 disposed:false
84 silly fetch manifest eslint-visitor-keys@^5.0.1
85 silly packumentCache full:https://registry.npmjs.org/eslint-visitor-keys cache-miss
86 http fetch GET 200 https://registry.npmjs.org/@types%2festree 295ms (cache revalidated)
87 silly packumentCache full:https://registry.npmjs.org/@types%2festree set size:76072 disposed:false
88 silly fetch manifest @eslint/config-array@^0.23.5
89 silly packumentCache full:https://registry.npmjs.org/@eslint%2fconfig-array cache-miss
90 http fetch GET 200 https://registry.npmjs.org/@eslint%2fcore 984ms (cache miss)
91 silly packumentCache full:https://registry.npmjs.org/@eslint%2fcore set size:undefined disposed:false
92 silly fetch manifest @humanwhocodes/retry@^0.4.2
93 silly packumentCache full:https://registry.npmjs.org/@humanwhocodes%2fretry cache-miss
94 http fetch GET 200 https://registry.npmjs.org/is-glob 1001ms (cache miss)
95 silly packumentCache full:https://registry.npmjs.org/is-glob set size:undefined disposed:false
96 silly fetch manifest escape-string-regexp@^4.0.0
97 silly packumentCache full:https://registry.npmjs.org/escape-string-regexp cache-miss
98 http fetch GET 200 https://registry.npmjs.org/glob-parent 1009ms (cache miss)
99 silly packumentCache full:https://registry.npmjs.org/glob-parent set size:undefined disposed:false
100 silly fetch manifest @eslint/config-helpers@^0.7.0
101 silly packumentCache full:https://registry.npmjs.org/@eslint%2fconfig-helpers cache-miss
102 http fetch GET 200 https://registry.npmjs.org/imurmurhash 1012ms (cache miss)
103 silly packumentCache full:https://registry.npmjs.org/imurmurhash set size:undefined disposed:false
104 silly fetch manifest @eslint-community/regexpp@^4.12.2
105 silly packumentCache full:https://registry.npmjs.org/@eslint-community%2fregexpp cache-miss
106 http fetch GET 200 https://registry.npmjs.org/find-up 1022ms (cache miss)
107 silly packumentCache full:https://registry.npmjs.org/find-up set size:undefined disposed:false
108 silly fetch manifest @eslint-community/eslint-utils@^4.8.0
109 silly packumentCache full:https://registry.npmjs.org/@eslint-community%2feslint-utils cache-miss
110 http fetch GET 200 https://registry.npmjs.org/esquery 1035ms (cache miss)
111 silly packumentCache full:https://registry.npmjs.org/esquery set size:undefined disposed:false
112 silly fetch manifest @humanwhocodes/module-importer@^1.0.1
113 silly packumentCache full:https://registry.npmjs.org/@humanwhocodes%2fmodule-importer cache-miss
114 http fetch GET 200 https://registry.npmjs.org/eslint-scope 1032ms (cache miss)
115 silly packumentCache full:https://registry.npmjs.org/eslint-scope set size:undefined disposed:false
116 silly fetch manifest json-stable-stringify-without-jsonify@^1.0.1
117 silly packumentCache full:https://registry.npmjs.org/json-stable-stringify-without-jsonify cache-miss
118 http fetch GET 200 https://registry.npmjs.org/ignore 1057ms (cache miss)
119 silly packumentCache full:https://registry.npmjs.org/ignore set size:undefined disposed:false
120 http fetch GET 200 https://registry.npmjs.org/optionator 1091ms (cache miss)
121 silly packumentCache full:https://registry.npmjs.org/optionator set size:undefined disposed:false
122 http fetch GET 200 https://registry.npmjs.org/@eslint%2fplugin-kit 157ms (cache miss)
123 silly packumentCache full:https://registry.npmjs.org/@eslint%2fplugin-kit set size:undefined disposed:false
124 http fetch GET 200 https://registry.npmjs.org/@eslint%2fconfig-array 146ms (cache miss)
125 silly packumentCache full:https://registry.npmjs.org/@eslint%2fconfig-array set size:undefined disposed:false
126 http fetch GET 200 https://registry.npmjs.org/eslint-visitor-keys 156ms (cache miss)
127 silly packumentCache full:https://registry.npmjs.org/eslint-visitor-keys set size:undefined disposed:false
128 http fetch GET 200 https://registry.npmjs.org/escape-string-regexp 115ms (cache miss)
129 silly packumentCache full:https://registry.npmjs.org/escape-string-regexp set size:undefined disposed:false
130 http fetch GET 200 https://registry.npmjs.org/fast-deep-equal 255ms (cache revalidated)
131 silly packumentCache full:https://registry.npmjs.org/fast-deep-equal set size:48634 disposed:false
132 http fetch GET 200 https://registry.npmjs.org/json-stable-stringify-without-jsonify 256ms (cache miss)
133 silly packumentCache full:https://registry.npmjs.org/json-stable-stringify-without-jsonify set size:undefined disposed:false
134 http fetch GET 200 https://registry.npmjs.org/file-entry-cache 370ms (cache miss)
135 silly packumentCache full:https://registry.npmjs.org/file-entry-cache set size:undefined disposed:false
136 http fetch GET 200 https://registry.npmjs.org/natural-compare 397ms (cache miss)
137 silly packumentCache full:https://registry.npmjs.org/natural-compare set size:undefined disposed:false
138 http fetch GET 200 https://registry.npmjs.org/@humanwhocodes%2fmodule-importer 278ms (cache miss)
139 silly packumentCache full:https://registry.npmjs.org/@humanwhocodes%2fmodule-importer set size:undefined disposed:false
140 http fetch GET 200 https://registry.npmjs.org/@humanwhocodes%2fretry 317ms (cache miss)
141 silly packumentCache full:https://registry.npmjs.org/@humanwhocodes%2fretry set size:undefined disposed:false
142 http fetch GET 200 https://registry.npmjs.org/@eslint-community%2fregexpp 302ms (cache miss)
143 silly packumentCache full:https://registry.npmjs.org/@eslint-community%2fregexpp set size:undefined disposed:false
144 http fetch GET 200 https://registry.npmjs.org/@eslint-community%2feslint-utils 304ms (cache miss)
145 silly packumentCache full:https://registry.npmjs.org/@eslint-community%2feslint-utils set size:undefined disposed:false
146 http fetch GET 200 https://registry.npmjs.org/@eslint%2fconfig-helpers 384ms (cache miss)
147 silly packumentCache full:https://registry.npmjs.org/@eslint%2fconfig-helpers set size:undefined disposed:false
148 silly fetch manifest eslint@^6.0.0 || ^7.0.0 || >=8.0.0
149 silly packumentCache full:https://registry.npmjs.org/eslint cache-miss
150 http cache https://registry.npmjs.org/eslint 14ms (cache hit)
151 silly packumentCache full:https://registry.npmjs.org/eslint set size:2085131 disposed:false
152 silly placeDep ROOT @eslint-community/eslint-utils@4.10.1 OK for: eslint@10.11.0 want: ^4.8.0
153 silly placeDep ROOT @eslint-community/regexpp@4.12.2 OK for: eslint@10.11.0 want: ^4.12.2
154 silly placeDep ROOT @eslint/config-array@0.23.5 OK for: eslint@10.11.0 want: ^0.23.5
155 silly placeDep ROOT @eslint/config-helpers@0.7.0 OK for: eslint@10.11.0 want: ^0.7.0
156 silly placeDep ROOT @eslint/core@1.2.1 OK for: eslint@10.11.0 want: ^1.2.1
157 silly placeDep ROOT @eslint/plugin-kit@0.7.3 OK for: eslint@10.11.0 want: ^0.7.3
158 silly placeDep ROOT @humanfs/node@0.16.8 OK for: eslint@10.11.0 want: ^0.16.6
159 silly placeDep ROOT @humanwhocodes/module-importer@1.0.1 OK for: eslint@10.11.0 want: ^1.0.1
160 silly placeDep ROOT @humanwhocodes/retry@0.4.3 OK for: eslint@10.11.0 want: ^0.4.2
161 silly placeDep ROOT @types/estree@1.0.9 OK for: eslint@10.11.0 want: ^1.0.6
162 silly placeDep ROOT ajv@6.15.0 OK for: eslint@10.11.0 want: ^6.14.0
163 silly placeDep ROOT cross-spawn@7.0.6 OK for: eslint@10.11.0 want: ^7.0.6
164 silly placeDep ROOT debug@4.4.3 OK for: eslint@10.11.0 want: ^4.3.2
165 silly placeDep ROOT escape-string-regexp@4.0.0 OK for: eslint@10.11.0 want: ^4.0.0
166 silly placeDep ROOT eslint-scope@9.1.2 OK for: eslint@10.11.0 want: ^9.1.2
167 silly placeDep ROOT eslint-visitor-keys@5.0.1 OK for: eslint@10.11.0 want: ^5.0.1
168 silly placeDep ROOT espree@11.2.0 OK for: eslint@10.11.0 want: ^11.2.0
169 silly placeDep ROOT esquery@1.7.0 OK for: eslint@10.11.0 want: ^1.7.0
170 silly placeDep ROOT esutils@2.0.3 OK for: eslint@10.11.0 want: ^2.0.2
171 silly placeDep ROOT fast-deep-equal@3.1.3 OK for: eslint@10.11.0 want: ^3.1.3
172 silly placeDep ROOT file-entry-cache@11.1.5 OK for: eslint@10.11.0 want: 11.1.5 || >11.1.6 <12
173 silly placeDep ROOT find-up@5.0.0 OK for: eslint@10.11.0 want: ^5.0.0
174 silly placeDep ROOT glob-parent@6.0.2 OK for: eslint@10.11.0 want: ^6.0.2
175 silly placeDep ROOT ignore@5.3.2 OK for: eslint@10.11.0 want: ^5.2.0
176 silly placeDep ROOT imurmurhash@0.1.4 OK for: eslint@10.11.0 want: ^0.1.4
177 silly placeDep ROOT is-glob@4.0.3 OK for: eslint@10.11.0 want: ^4.0.0
178 silly placeDep ROOT json-stable-stringify-without-jsonify@1.0.1 OK for: eslint@10.11.0 want: ^1.0.1
179 silly placeDep ROOT minimatch@10.2.6 OK for: eslint@10.11.0 want: ^10.2.5
180 silly placeDep ROOT natural-compare@1.4.0 OK for: eslint@10.11.0 want: ^1.4.0
181 silly placeDep ROOT optionator@0.9.4 OK for: eslint@10.11.0 want: ^0.9.3
182 silly fetch manifest eslint-visitor-keys@^3.4.3
183 silly packumentCache full:https://registry.npmjs.org/eslint-visitor-keys cache-miss
184 silly fetch manifest @eslint/object-schema@^3.0.5
185 silly packumentCache full:https://registry.npmjs.org/@eslint%2fobject-schema cache-miss
186 silly fetch manifest debug@^4.3.1
187 silly packumentCache full:https://registry.npmjs.org/debug cache-hit
188 silly fetch manifest minimatch@^10.2.4
189 silly packumentCache full:https://registry.npmjs.org/minimatch cache-hit
190 silly fetch manifest @types/json-schema@^7.0.15
191 silly packumentCache full:https://registry.npmjs.org/@types%2fjson-schema cache-miss
192 silly fetch manifest levn@^0.4.1
193 silly packumentCache full:https://registry.npmjs.org/levn cache-miss
194 silly fetch manifest @humanfs/core@^0.19.2
195 silly packumentCache full:https://registry.npmjs.org/@humanfs%2fcore cache-miss
196 silly fetch manifest @humanfs/types@^0.15.0
197 silly packumentCache full:https://registry.npmjs.org/@humanfs%2ftypes cache-miss
198 silly fetch manifest @humanwhocodes/retry@^0.4.0
199 silly packumentCache full:https://registry.npmjs.org/@humanwhocodes%2fretry cache-miss
200 silly fetch manifest uri-js@^4.2.2
201 silly packumentCache full:https://registry.npmjs.org/uri-js cache-miss
202 silly fetch manifest fast-deep-equal@^3.1.1
203 silly packumentCache full:https://registry.npmjs.org/fast-deep-equal cache-hit
204 silly fetch manifest json-schema-traverse@^0.4.1
205 silly packumentCache full:https://registry.npmjs.org/json-schema-traverse cache-miss
206 silly fetch manifest fast-json-stable-stringify@^2.0.0
207 silly packumentCache full:https://registry.npmjs.org/fast-json-stable-stringify cache-miss
208 silly fetch manifest which@^2.0.1
209 silly packumentCache full:https://registry.npmjs.org/which cache-miss
210 silly fetch manifest path-key@^3.1.0
211 silly packumentCache full:https://registry.npmjs.org/path-key cache-miss
212 silly fetch manifest shebang-command@^2.0.0
213 silly packumentCache full:https://registry.npmjs.org/shebang-command cache-miss
214 silly fetch manifest ms@^2.1.3
215 silly packumentCache full:https://registry.npmjs.org/ms cache-miss
216 silly fetch manifest @types/esrecurse@^4.3.1
217 silly packumentCache full:https://registry.npmjs.org/@types%2fesrecurse cache-miss
218 http cache https://registry.npmjs.org/@humanwhocodes%2fretry 66ms (cache hit)
219 silly packumentCache full:https://registry.npmjs.org/@humanwhocodes%2fretry set size:42348 disposed:false
220 silly fetch manifest esrecurse@^4.3.0
221 silly packumentCache full:https://registry.npmjs.org/esrecurse cache-miss
222 http cache https://registry.npmjs.org/eslint-visitor-keys 80ms (cache hit)
223 silly packumentCache full:https://registry.npmjs.org/eslint-visitor-keys set size:69949 disposed:false
224 silly fetch manifest estraverse@^5.2.0
225 silly packumentCache full:https://registry.npmjs.org/estraverse cache-miss
226 http fetch GET 200 https://registry.npmjs.org/levn 141ms (cache miss)
227 silly packumentCache full:https://registry.npmjs.org/levn set size:undefined disposed:false
228 silly fetch manifest acorn@^8.16.0
229 silly packumentCache full:https://registry.npmjs.org/acorn cache-miss
230 http fetch GET 200 https://registry.npmjs.org/@types%2fesrecurse 178ms (cache miss)
231 silly packumentCache full:https://registry.npmjs.org/@types%2fesrecurse set size:undefined disposed:false
232 silly fetch manifest acorn-jsx@^5.3.2
233 silly packumentCache full:https://registry.npmjs.org/acorn-jsx cache-miss
234 http fetch GET 200 https://registry.npmjs.org/path-key 190ms (cache revalidated)
235 silly packumentCache full:https://registry.npmjs.org/path-key set size:16975 disposed:false
236 silly fetch manifest estraverse@^5.1.0
237 silly packumentCache full:https://registry.npmjs.org/estraverse cache-miss
238 http fetch GET 200 https://registry.npmjs.org/which 210ms (cache revalidated)
239 silly packumentCache full:https://registry.npmjs.org/which set size:70147 disposed:false
240 silly fetch manifest flat-cache@^6.1.23
241 silly packumentCache full:https://registry.npmjs.org/flat-cache cache-miss
242 http fetch GET 200 https://registry.npmjs.org/fast-json-stable-stringify 216ms (cache revalidated)
243 silly packumentCache full:https://registry.npmjs.org/fast-json-stable-stringify set size:11337 disposed:false
244 silly fetch manifest locate-path@^6.0.0
245 silly packumentCache full:https://registry.npmjs.org/locate-path cache-miss
246 http fetch GET 200 https://registry.npmjs.org/ms 216ms (cache revalidated)
247 silly packumentCache full:https://registry.npmjs.org/ms set size:92208 disposed:false
248 silly fetch manifest path-exists@^4.0.0
249 silly packumentCache full:https://registry.npmjs.org/path-exists cache-miss
250 http fetch GET 200 https://registry.npmjs.org/uri-js 241ms (cache miss)
251 silly packumentCache full:https://registry.npmjs.org/uri-js set size:undefined disposed:false
252 silly fetch manifest is-glob@^4.0.3
253 silly packumentCache full:https://registry.npmjs.org/is-glob cache-miss
254 http fetch GET 200 https://registry.npmjs.org/@eslint%2fobject-schema 256ms (cache miss)
255 silly packumentCache full:https://registry.npmjs.org/@eslint%2fobject-schema set size:undefined disposed:false
256 silly fetch manifest is-extglob@^2.1.1
257 silly packumentCache full:https://registry.npmjs.org/is-extglob cache-miss
258 http fetch GET 200 https://registry.npmjs.org/@humanfs%2fcore 259ms (cache miss)
259 silly packumentCache full:https://registry.npmjs.org/@humanfs%2fcore set size:undefined disposed:false
260 silly fetch manifest brace-expansion@^5.0.8
261 silly packumentCache full:https://registry.npmjs.org/brace-expansion cache-miss
262 http fetch GET 200 https://registry.npmjs.org/esrecurse 192ms (cache miss)
263 silly packumentCache full:https://registry.npmjs.org/esrecurse set size:undefined disposed:false
264 silly fetch manifest prelude-ls@^1.2.1
265 silly packumentCache full:https://registry.npmjs.org/prelude-ls cache-miss
266 http fetch GET 200 https://registry.npmjs.org/shebang-command 251ms (cache revalidated)
267 silly packumentCache full:https://registry.npmjs.org/shebang-command set size:8525 disposed:false
268 silly fetch manifest deep-is@^0.1.3
269 silly packumentCache full:https://registry.npmjs.org/deep-is cache-miss
270 http cache https://registry.npmjs.org/is-glob 34ms (cache hit)
271 silly packumentCache full:https://registry.npmjs.org/is-glob set size:40530 disposed:false
272 silly fetch manifest word-wrap@^1.2.5
273 silly packumentCache full:https://registry.npmjs.org/word-wrap cache-miss
274 http fetch GET 200 https://registry.npmjs.org/estraverse 213ms (cache miss)
275 silly packumentCache full:https://registry.npmjs.org/estraverse set size:undefined disposed:false
276 silly fetch manifest type-check@^0.4.0
277 silly packumentCache full:https://registry.npmjs.org/type-check cache-miss
278 http fetch GET 200 https://registry.npmjs.org/@types%2fjson-schema 299ms (cache miss)
279 silly packumentCache full:https://registry.npmjs.org/@types%2fjson-schema set size:undefined disposed:false
280 silly fetch manifest fast-levenshtein@^2.0.6
281 silly packumentCache full:https://registry.npmjs.org/fast-levenshtein cache-miss
282 http fetch GET 200 https://registry.npmjs.org/@humanfs%2ftypes 301ms (cache miss)
283 silly packumentCache full:https://registry.npmjs.org/@humanfs%2ftypes set size:undefined disposed:false
284 http fetch GET 200 https://registry.npmjs.org/acorn-jsx 125ms (cache miss)
285 silly packumentCache full:https://registry.npmjs.org/acorn-jsx set size:undefined disposed:false
286 http fetch GET 200 https://registry.npmjs.org/acorn 203ms (cache revalidated)
287 silly packumentCache full:https://registry.npmjs.org/acorn set size:383439 disposed:false
288 http fetch GET 200 https://registry.npmjs.org/locate-path 130ms (cache miss)
289 silly packumentCache full:https://registry.npmjs.org/locate-path set size:undefined disposed:false
290 http fetch GET 200 https://registry.npmjs.org/flat-cache 147ms (cache miss)
291 silly packumentCache full:https://registry.npmjs.org/flat-cache set size:undefined disposed:false
292 http fetch GET 200 https://registry.npmjs.org/path-exists 147ms (cache miss)
293 silly packumentCache full:https://registry.npmjs.org/path-exists set size:undefined disposed:false
294 http fetch GET 200 https://registry.npmjs.org/prelude-ls 127ms (cache miss)
295 silly packumentCache full:https://registry.npmjs.org/prelude-ls set size:undefined disposed:false
296 http fetch GET 200 https://registry.npmjs.org/is-extglob 143ms (cache miss)
297 silly packumentCache full:https://registry.npmjs.org/is-extglob set size:undefined disposed:false
298 http fetch GET 200 https://registry.npmjs.org/deep-is 128ms (cache miss)
299 silly packumentCache full:https://registry.npmjs.org/deep-is set size:undefined disposed:false
300 http fetch GET 200 https://registry.npmjs.org/word-wrap 133ms (cache miss)
301 silly packumentCache full:https://registry.npmjs.org/word-wrap set size:undefined disposed:false
302 http fetch GET 200 https://registry.npmjs.org/fast-levenshtein 128ms (cache miss)
303 silly packumentCache full:https://registry.npmjs.org/fast-levenshtein set size:undefined disposed:false
304 http fetch GET 200 https://registry.npmjs.org/type-check 138ms (cache miss)
305 silly packumentCache full:https://registry.npmjs.org/type-check set size:undefined disposed:false
306 http fetch GET 200 https://registry.npmjs.org/json-schema-traverse 431ms (cache revalidated)
307 silly packumentCache full:https://registry.npmjs.org/json-schema-traverse set size:23537 disposed:false
308 http fetch GET 200 https://registry.npmjs.org/brace-expansion 186ms (cache revalidated)
309 silly packumentCache full:https://registry.npmjs.org/brace-expansion set size:128514 disposed:false
310 http fetch GET 200 https://registry.npmjs.org/estraverse 249ms (cache miss)
311 silly packumentCache full:https://registry.npmjs.org/estraverse set size:undefined disposed:false
312 silly placeDep node_modules/@eslint-community/eslint-utils eslint-visitor-keys@3.4.3 OK for: @eslint-community/eslint-utils@4.10.1 want: ^3.4.3
313 silly placeDep ROOT @eslint/object-schema@3.0.5 OK for: @eslint/config-array@0.23.5 want: ^3.0.5
314 silly placeDep ROOT @types/json-schema@7.0.15 OK for: @eslint/core@1.2.1 want: ^7.0.15
315 silly placeDep ROOT levn@0.4.1 OK for: @eslint/plugin-kit@0.7.3 want: ^0.4.1
316 silly fetch manifest type-check@~0.4.0
317 silly packumentCache full:https://registry.npmjs.org/type-check cache-miss
318 http cache https://registry.npmjs.org/type-check 7ms (cache hit)
319 silly packumentCache full:https://registry.npmjs.org/type-check set size:21221 disposed:false
320 silly placeDep ROOT @humanfs/core@0.19.2 OK for: @humanfs/node@0.16.8 want: ^0.19.2
321 silly placeDep ROOT @humanfs/types@0.15.0 OK for: @humanfs/node@0.16.8 want: ^0.15.0
322 silly placeDep ROOT fast-json-stable-stringify@2.1.0 OK for: ajv@6.15.0 want: ^2.0.0
323 silly placeDep ROOT json-schema-traverse@0.4.1 OK for: ajv@6.15.0 want: ^0.4.1
324 silly placeDep ROOT uri-js@4.4.1 OK for: ajv@6.15.0 want: ^4.2.2
325 silly fetch manifest punycode@^2.1.0
326 silly packumentCache full:https://registry.npmjs.org/punycode cache-miss
327 http fetch GET 200 https://registry.npmjs.org/punycode 134ms (cache miss)
328 silly packumentCache full:https://registry.npmjs.org/punycode set size:undefined disposed:false
329 silly placeDep ROOT path-key@3.1.1 OK for: cross-spawn@7.0.6 want: ^3.1.0
330 silly placeDep ROOT shebang-command@2.0.0 OK for: cross-spawn@7.0.6 want: ^2.0.0
331 silly placeDep ROOT which@2.0.2 OK for: cross-spawn@7.0.6 want: ^2.0.1
332 silly fetch manifest shebang-regex@^3.0.0
333 silly packumentCache full:https://registry.npmjs.org/shebang-regex cache-miss
334 silly fetch manifest isexe@^2.0.0
335 silly packumentCache full:https://registry.npmjs.org/isexe cache-miss
336 http fetch GET 200 https://registry.npmjs.org/shebang-regex 175ms (cache revalidated)
337 silly packumentCache full:https://registry.npmjs.org/shebang-regex set size:9763 disposed:false
338 http fetch GET 200 https://registry.npmjs.org/isexe 182ms (cache revalidated)
339 silly packumentCache full:https://registry.npmjs.org/isexe set size:31756 disposed:false
340 silly placeDep ROOT ms@2.1.3 OK for: debug@4.4.3 want: ^2.1.3
341 silly placeDep ROOT @types/esrecurse@4.3.1 OK for: eslint-scope@9.1.2 want: ^4.3.1
342 silly placeDep ROOT esrecurse@4.3.0 OK for: eslint-scope@9.1.2 want: ^4.3.0
343 silly placeDep ROOT estraverse@5.3.0 OK for: eslint-scope@9.1.2 want: ^5.2.0
344 silly placeDep ROOT acorn@8.18.0 OK for: espree@11.2.0 want: ^8.16.0
345 silly placeDep ROOT acorn-jsx@5.3.2 OK for: espree@11.2.0 want: ^5.3.2
346 silly placeDep ROOT flat-cache@6.1.23 OK for: file-entry-cache@11.1.5 want: ^6.1.23
347 silly fetch manifest flatted@^3.4.2
348 silly packumentCache full:https://registry.npmjs.org/flatted cache-miss
349 silly fetch manifest cacheable@^2.5.0
350 silly packumentCache full:https://registry.npmjs.org/cacheable cache-miss
351 silly fetch manifest hookified@^1.15.0
352 silly packumentCache full:https://registry.npmjs.org/hookified cache-miss
353 http fetch GET 200 https://registry.npmjs.org/hookified 164ms (cache miss)
354 silly packumentCache full:https://registry.npmjs.org/hookified set size:undefined disposed:false
355 http fetch GET 200 https://registry.npmjs.org/flatted 179ms (cache miss)
356 silly packumentCache full:https://registry.npmjs.org/flatted set size:undefined disposed:false
357 http fetch GET 200 https://registry.npmjs.org/cacheable 185ms (cache miss)
358 silly packumentCache full:https://registry.npmjs.org/cacheable set size:undefined disposed:false
359 silly placeDep ROOT locate-path@6.0.0 OK for: find-up@5.0.0 want: ^6.0.0
360 silly placeDep ROOT path-exists@4.0.0 OK for: find-up@5.0.0 want: ^4.0.0
361 silly fetch manifest p-locate@^5.0.0
362 silly packumentCache full:https://registry.npmjs.org/p-locate cache-miss
363 http fetch GET 200 https://registry.npmjs.org/p-locate 136ms (cache miss)
364 silly packumentCache full:https://registry.npmjs.org/p-locate set size:undefined disposed:false
365 silly placeDep ROOT cacheable@2.5.0 OK for: flat-cache@6.1.23 want: ^2.5.0
366 silly placeDep ROOT flatted@3.4.4 OK for: flat-cache@6.1.23 want: ^3.4.2
367 silly placeDep ROOT hookified@1.15.1 OK for: flat-cache@6.1.23 want: ^1.15.0
368 silly fetch manifest keyv@^5.6.0
369 silly packumentCache full:https://registry.npmjs.org/keyv cache-miss
370 silly fetch manifest qified@^0.10.1
371 silly packumentCache full:https://registry.npmjs.org/qified cache-miss
372 silly fetch manifest @cacheable/utils@^2.5.0
373 silly packumentCache full:https://registry.npmjs.org/@cacheable%2futils cache-miss
374 silly fetch manifest @cacheable/memory@^2.2.0
375 silly packumentCache full:https://registry.npmjs.org/@cacheable%2fmemory cache-miss
376 http fetch GET 200 https://registry.npmjs.org/qified 131ms (cache miss)
377 silly packumentCache full:https://registry.npmjs.org/qified set size:undefined disposed:false
378 http fetch GET 200 https://registry.npmjs.org/@cacheable%2fmemory 133ms (cache miss)
379 silly packumentCache full:https://registry.npmjs.org/@cacheable%2fmemory set size:undefined disposed:false
380 http fetch GET 200 https://registry.npmjs.org/keyv 148ms (cache miss)
381 silly packumentCache full:https://registry.npmjs.org/keyv set size:undefined disposed:false
382 http fetch GET 200 https://registry.npmjs.org/@cacheable%2futils 231ms (cache miss)
383 silly packumentCache full:https://registry.npmjs.org/@cacheable%2futils set size:undefined disposed:false
384 silly placeDep ROOT @cacheable/memory@2.2.0 OK for: cacheable@2.5.0 want: ^2.2.0
385 silly placeDep ROOT @cacheable/utils@2.5.0 OK for: cacheable@2.5.0 want: ^2.5.0
386 silly placeDep ROOT keyv@5.6.0 OK for: cacheable@2.5.0 want: ^5.6.0
387 silly placeDep ROOT qified@0.10.1 OK for: cacheable@2.5.0 want: ^0.10.1
388 silly fetch manifest @keyv/bigmap@^1.3.1
389 silly packumentCache full:https://registry.npmjs.org/@keyv%2fbigmap cache-miss
390 silly fetch manifest hashery@^1.5.1
391 silly packumentCache full:https://registry.npmjs.org/hashery cache-miss
392 silly fetch manifest @keyv/serialize@^1.1.1
393 silly packumentCache full:https://registry.npmjs.org/@keyv%2fserialize cache-miss
394 silly fetch manifest hookified@^2.1.1
395 silly packumentCache full:https://registry.npmjs.org/hookified cache-miss
396 http cache https://registry.npmjs.org/hookified 13ms (cache hit)
397 silly packumentCache full:https://registry.npmjs.org/hookified set size:167463 disposed:false
398 http fetch GET 200 https://registry.npmjs.org/hashery 157ms (cache miss)
399 silly packumentCache full:https://registry.npmjs.org/hashery set size:undefined disposed:false
400 http fetch GET 200 https://registry.npmjs.org/@keyv%2fserialize 160ms (cache miss)
401 silly packumentCache full:https://registry.npmjs.org/@keyv%2fserialize set size:undefined disposed:false
402 http fetch GET 200 https://registry.npmjs.org/@keyv%2fbigmap 168ms (cache miss)
403 silly packumentCache full:https://registry.npmjs.org/@keyv%2fbigmap set size:undefined disposed:false
404 silly placeDep ROOT @keyv/bigmap@1.3.1 OK for: @cacheable/memory@2.2.0 want: ^1.3.1
405 silly fetch manifest hashery@^1.4.0
406 silly packumentCache full:https://registry.npmjs.org/hashery cache-miss
407 http cache https://registry.npmjs.org/hashery 18ms (cache hit)
408 silly packumentCache full:https://registry.npmjs.org/hashery set size:32683 disposed:false
409 silly placeDep ROOT hashery@1.5.1 OK for: @cacheable/utils@2.5.0 want: ^1.5.1
410 silly placeDep ROOT is-extglob@2.1.1 OK for: is-glob@4.0.3 want: ^2.1.1
411 silly placeDep ROOT @keyv/serialize@1.1.1 OK for: keyv@5.6.0 want: ^1.1.1
412 silly placeDep ROOT prelude-ls@1.2.1 OK for: levn@0.4.1 want: ^1.2.1
413 silly placeDep ROOT type-check@0.4.0 OK for: levn@0.4.1 want: ~0.4.0
414 silly placeDep ROOT p-locate@5.0.0 OK for: locate-path@6.0.0 want: ^5.0.0
415 silly fetch manifest p-limit@^3.0.2
416 silly packumentCache full:https://registry.npmjs.org/p-limit cache-miss
417 http fetch GET 200 https://registry.npmjs.org/p-limit 206ms (cache miss)
418 silly packumentCache full:https://registry.npmjs.org/p-limit set size:undefined disposed:false
419 silly placeDep ROOT brace-expansion@5.0.12 OK for: minimatch@10.2.6 want: ^5.0.8
420 silly fetch manifest balanced-match@^4.0.2
421 silly packumentCache full:https://registry.npmjs.org/balanced-match cache-miss
422 http fetch GET 200 https://registry.npmjs.org/balanced-match 175ms (cache revalidated)
423 silly packumentCache full:https://registry.npmjs.org/balanced-match set size:39082 disposed:false
424 silly placeDep ROOT balanced-match@4.0.4 OK for: brace-expansion@5.0.12 want: ^4.0.2
425 silly placeDep ROOT deep-is@0.1.4 OK for: optionator@0.9.4 want: ^0.1.3
426 silly placeDep ROOT fast-levenshtein@2.0.6 OK for: optionator@0.9.4 want: ^2.0.6
427 silly placeDep ROOT word-wrap@1.2.5 OK for: optionator@0.9.4 want: ^1.2.5
428 silly placeDep ROOT p-limit@3.1.0 OK for: p-locate@5.0.0 want: ^3.0.2
429 silly fetch manifest yocto-queue@^0.1.0
430 silly packumentCache full:https://registry.npmjs.org/yocto-queue cache-miss
431 http fetch GET 200 https://registry.npmjs.org/yocto-queue 111ms (cache miss)
432 silly packumentCache full:https://registry.npmjs.org/yocto-queue set size:undefined disposed:false
433 silly placeDep ROOT yocto-queue@0.1.0 OK for: p-limit@3.1.0 want: ^0.1.0
434 silly placeDep node_modules/qified hookified@2.2.0 OK for: qified@0.10.1 want: ^2.1.1
435 silly placeDep ROOT shebang-regex@3.0.0 OK for: shebang-command@2.0.0 want: ^3.0.0
436 silly placeDep ROOT punycode@2.3.1 OK for: uri-js@4.4.1 want: ^2.1.0
437 silly placeDep ROOT isexe@2.0.0 OK for: which@2.0.2 want: ^2.0.0
438 silly reify moves {}
439 silly audit bulk request {
439 silly audit   eslint: [ '10.11.0' ],
439 silly audit   '@eslint-community/eslint-utils': [ '4.10.1' ],
439 silly audit   '@eslint-community/regexpp': [ '4.12.2' ],
439 silly audit   '@eslint/config-array': [ '0.23.5' ],
439 silly audit   '@eslint/config-helpers': [ '0.7.0' ],
439 silly audit   '@eslint/core': [ '1.2.1' ],
439 silly audit   '@eslint/plugin-kit': [ '0.7.3' ],
439 silly audit   '@humanfs/node': [ '0.16.8' ],
439 silly audit   '@humanwhocodes/module-importer': [ '1.0.1' ],
439 silly audit   '@humanwhocodes/retry': [ '0.4.3' ],
439 silly audit   '@types/estree': [ '1.0.9' ],
439 silly audit   ajv: [ '6.15.0' ],
439 silly audit   'cross-spawn': [ '7.0.6' ],
439 silly audit   debug: [ '4.4.3' ],
439 silly audit   'escape-string-regexp': [ '4.0.0' ],
439 silly audit   'eslint-scope': [ '9.1.2' ],
439 silly audit   'eslint-visitor-keys': [ '5.0.1', '3.4.3' ],
439 silly audit   espree: [ '11.2.0' ],
439 silly audit   esquery: [ '1.7.0' ],
439 silly audit   esutils: [ '2.0.3' ],
439 silly audit   'fast-deep-equal': [ '3.1.3' ],
439 silly audit   'file-entry-cache': [ '11.1.5' ],
439 silly audit   'find-up': [ '5.0.0' ],
439 silly audit   'glob-parent': [ '6.0.2' ],
439 silly audit   ignore: [ '5.3.2' ],
439 silly audit   imurmurhash: [ '0.1.4' ],
439 silly audit   'is-glob': [ '4.0.3' ],
439 silly audit   'json-stable-stringify-without-jsonify': [ '1.0.1' ],
439 silly audit   minimatch: [ '10.2.6' ],
439 silly audit   'natural-compare': [ '1.4.0' ],
439 silly audit   optionator: [ '0.9.4' ],
439 silly audit   '@eslint/object-schema': [ '3.0.5' ],
439 silly audit   '@types/json-schema': [ '7.0.15' ],
439 silly audit   levn: [ '0.4.1' ],
439 silly audit   '@humanfs/core': [ '0.19.2' ],
439 silly audit   '@humanfs/types': [ '0.15.0' ],
439 silly audit   'fast-json-stable-stringify': [ '2.1.0' ],
439 silly audit   'json-schema-traverse': [ '0.4.1' ],
439 silly audit   'uri-js': [ '4.4.1' ],
439 silly audit   'path-key': [ '3.1.1' ],
439 silly audit   'shebang-command': [ '2.0.0' ],
439 silly audit   which: [ '2.0.2' ],
439 silly audit   ms: [ '2.1.3' ],
439 silly audit   '@types/esrecurse': [ '4.3.1' ],
439 silly audit   esrecurse: [ '4.3.0' ],
439 silly audit   estraverse: [ '5.3.0' ],
439 silly audit   acorn: [ '8.18.0' ],
439 silly audit   'acorn-jsx': [ '5.3.2' ],
439 silly audit   'flat-cache': [ '6.1.23' ],
439 silly audit   'locate-path': [ '6.0.0' ],
439 silly audit   'path-exists': [ '4.0.0' ],
439 silly audit   cacheable: [ '2.5.0' ],
439 silly audit   flatted: [ '3.4.4' ],
439 silly audit   hookified: [ '1.15.1', '2.2.0' ],
439 silly audit   '@cacheable/memory': [ '2.2.0' ],
439 silly audit   '@cacheable/utils': [ '2.5.0' ],
439 silly audit   keyv: [ '5.6.0' ],
439 silly audit   qified: [ '0.10.1' ],
439 silly audit   '@keyv/bigmap': [ '1.3.1' ],
439 silly audit   hashery: [ '1.5.1' ],
439 silly audit   'is-extglob': [ '2.1.1' ],
439 silly audit   '@keyv/serialize': [ '1.1.1' ],
439 silly audit   'prelude-ls': [ '1.2.1' ],
439 silly audit   'type-check': [ '0.4.0' ],
439 silly audit   'p-locate': [ '5.0.0' ],
439 silly audit   'brace-expansion': [ '5.0.12' ],
439 silly audit   'balanced-match': [ '4.0.4' ],
439 silly audit   'deep-is': [ '0.1.4' ],
439 silly audit   'fast-levenshtein': [ '2.0.6' ],
439 silly audit   'word-wrap': [ '1.2.5' ],
439 silly audit   'p-limit': [ '3.1.0' ],
439 silly audit   'yocto-queue': [ '0.1.0' ],
439 silly audit   'shebang-regex': [ '3.0.0' ],
439 silly audit   punycode: [ '2.3.1' ],
439 silly audit   isexe: [ '2.0.0' ]
439 silly audit }
440 http cache isexe@https://registry.npmjs.org/isexe/-/isexe-2.0.0.tgz 0ms (cache hit)
441 http cache punycode@https://registry.npmjs.org/punycode/-/punycode-2.3.1.tgz 0ms (cache hit)
442 http cache yocto-queue@https://registry.npmjs.org/yocto-queue/-/yocto-queue-0.1.0.tgz 0ms (cache hit)
443 http cache shebang-regex@https://registry.npmjs.org/shebang-regex/-/shebang-regex-3.0.0.tgz 0ms (cache hit)
444 http cache p-limit@https://registry.npmjs.org/p-limit/-/p-limit-3.1.0.tgz 0ms (cache hit)
445 http cache word-wrap@https://registry.npmjs.org/word-wrap/-/word-wrap-1.2.5.tgz 0ms (cache hit)
446 http cache deep-is@https://registry.npmjs.org/deep-is/-/deep-is-0.1.4.tgz 0ms (cache hit)
447 http cache fast-levenshtein@https://registry.npmjs.org/fast-levenshtein/-/fast-levenshtein-2.0.6.tgz 0ms (cache hit)
448 http cache balanced-match@https://registry.npmjs.org/balanced-match/-/balanced-match-4.0.4.tgz 0ms (cache hit)
449 http cache p-locate@https://registry.npmjs.org/p-locate/-/p-locate-5.0.0.tgz 0ms (cache hit)
450 http cache brace-expansion@https://registry.npmjs.org/brace-expansion/-/brace-expansion-5.0.12.tgz 0ms (cache hit)
451 http cache prelude-ls@https://registry.npmjs.org/prelude-ls/-/prelude-ls-1.2.1.tgz 0ms (cache hit)
452 http cache @keyv/serialize@https://registry.npmjs.org/@keyv/serialize/-/serialize-1.1.1.tgz 0ms (cache hit)
453 http cache type-check@https://registry.npmjs.org/type-check/-/type-check-0.4.0.tgz 0ms (cache hit)
454 http cache @keyv/bigmap@https://registry.npmjs.org/@keyv/bigmap/-/bigmap-1.3.1.tgz 0ms (cache hit)
455 http cache qified@https://registry.npmjs.org/qified/-/qified-0.10.1.tgz 0ms (cache hit)
456 http cache is-extglob@https://registry.npmjs.org/is-extglob/-/is-extglob-2.1.1.tgz 0ms (cache hit)
457 http cache keyv@https://registry.npmjs.org/keyv/-/keyv-5.6.0.tgz 0ms (cache hit)
458 http cache @cacheable/utils@https://registry.npmjs.org/@cacheable/utils/-/utils-2.5.0.tgz 0ms (cache hit)
459 http cache hashery@https://registry.npmjs.org/hashery/-/hashery-1.5.1.tgz 0ms (cache hit)
460 http cache @cacheable/memory@https://registry.npmjs.org/@cacheable/memory/-/memory-2.2.0.tgz 0ms (cache hit)
461 http cache flatted@https://registry.npmjs.org/flatted/-/flatted-3.4.4.tgz 0ms (cache hit)
462 http cache cacheable@https://registry.npmjs.org/cacheable/-/cacheable-2.5.0.tgz 0ms (cache hit)
463 http cache locate-path@https://registry.npmjs.org/locate-path/-/locate-path-6.0.0.tgz 0ms (cache hit)
464 http cache acorn-jsx@https://registry.npmjs.org/acorn-jsx/-/acorn-jsx-5.3.2.tgz 0ms (cache hit)
465 http cache path-exists@https://registry.npmjs.org/path-exists/-/path-exists-4.0.0.tgz 0ms (cache hit)
466 http cache hookified@https://registry.npmjs.org/hookified/-/hookified-1.15.1.tgz 0ms (cache hit)
467 http cache estraverse@https://registry.npmjs.org/estraverse/-/estraverse-5.3.0.tgz 1ms (cache hit)
468 http cache flat-cache@https://registry.npmjs.org/flat-cache/-/flat-cache-6.1.23.tgz 0ms (cache hit)
469 http cache acorn@https://registry.npmjs.org/acorn/-/acorn-8.18.0.tgz 0ms (cache hit)
470 http cache esrecurse@https://registry.npmjs.org/esrecurse/-/esrecurse-4.3.0.tgz 0ms (cache hit)
471 http cache @types/esrecurse@https://registry.npmjs.org/@types/esrecurse/-/esrecurse-4.3.1.tgz 0ms (cache hit)
472 http cache ms@https://registry.npmjs.org/ms/-/ms-2.1.3.tgz 0ms (cache hit)
473 http cache shebang-command@https://registry.npmjs.org/shebang-command/-/shebang-command-2.0.0.tgz 0ms (cache hit)
474 http cache which@https://registry.npmjs.org/which/-/which-2.0.2.tgz 0ms (cache hit)
475 http cache json-schema-traverse@https://registry.npmjs.org/json-schema-traverse/-/json-schema-traverse-0.4.1.tgz 0ms (cache hit)
476 http cache uri-js@https://registry.npmjs.org/uri-js/-/uri-js-4.4.1.tgz 0ms (cache hit)
477 http cache fast-json-stable-stringify@https://registry.npmjs.org/fast-json-stable-stringify/-/fast-json-stable-stringify-2.1.0.tgz 0ms (cache hit)
478 http cache path-key@https://registry.npmjs.org/path-key/-/path-key-3.1.1.tgz 0ms (cache hit)
479 http cache @types/json-schema@https://registry.npmjs.org/@types/json-schema/-/json-schema-7.0.15.tgz 0ms (cache hit)
480 http cache @humanfs/types@https://registry.npmjs.org/@humanfs/types/-/types-0.15.0.tgz 0ms (cache hit)
481 http cache @humanfs/core@https://registry.npmjs.org/@humanfs/core/-/core-0.19.2.tgz 0ms (cache hit)
482 http cache levn@https://registry.npmjs.org/levn/-/levn-0.4.1.tgz 0ms (cache hit)
483 http cache @eslint/object-schema@https://registry.npmjs.org/@eslint/object-schema/-/object-schema-3.0.5.tgz 0ms (cache hit)
484 http cache minimatch@https://registry.npmjs.org/minimatch/-/minimatch-10.2.6.tgz 0ms (cache hit)
485 http cache optionator@https://registry.npmjs.org/optionator/-/optionator-0.9.4.tgz 0ms (cache hit)
486 http cache natural-compare@https://registry.npmjs.org/natural-compare/-/natural-compare-1.4.0.tgz 0ms (cache hit)
487 http cache json-stable-stringify-without-jsonify@https://registry.npmjs.org/json-stable-stringify-without-jsonify/-/json-stable-stringify-without-jsonify-1.0.1.tgz 0ms (cache hit)
488 http cache is-glob@https://registry.npmjs.org/is-glob/-/is-glob-4.0.3.tgz 0ms (cache hit)
489 http cache imurmurhash@https://registry.npmjs.org/imurmurhash/-/imurmurhash-0.1.4.tgz 0ms (cache hit)
490 http cache ignore@https://registry.npmjs.org/ignore/-/ignore-5.3.2.tgz 0ms (cache hit)
491 http cache fast-deep-equal@https://registry.npmjs.org/fast-deep-equal/-/fast-deep-equal-3.1.3.tgz 0ms (cache hit)
492 http cache find-up@https://registry.npmjs.org/find-up/-/find-up-5.0.0.tgz 0ms (cache hit)
493 http cache esquery@https://registry.npmjs.org/esquery/-/esquery-1.7.0.tgz 0ms (cache hit)
494 http cache file-entry-cache@https://registry.npmjs.org/file-entry-cache/-/file-entry-cache-11.1.5.tgz 0ms (cache hit)
495 http cache glob-parent@https://registry.npmjs.org/glob-parent/-/glob-parent-6.0.2.tgz 0ms (cache hit)
496 http cache esutils@https://registry.npmjs.org/esutils/-/esutils-2.0.3.tgz 0ms (cache hit)
497 http cache espree@https://registry.npmjs.org/espree/-/espree-11.2.0.tgz 0ms (cache hit)
498 http cache eslint-visitor-keys@https://registry.npmjs.org/eslint-visitor-keys/-/eslint-visitor-keys-5.0.1.tgz 0ms (cache hit)
499 http cache debug@https://registry.npmjs.org/debug/-/debug-4.4.3.tgz 0ms (cache hit)
500 http cache escape-string-regexp@https://registry.npmjs.org/escape-string-regexp/-/escape-string-regexp-4.0.0.tgz 0ms (cache hit)
501 http cache eslint-scope@https://registry.npmjs.org/eslint-scope/-/eslint-scope-9.1.2.tgz 0ms (cache hit)
502 http cache @types/estree@https://registry.npmjs.org/@types/estree/-/estree-1.0.9.tgz 0ms (cache hit)
503 http cache cross-spawn@https://registry.npmjs.org/cross-spawn/-/cross-spawn-7.0.6.tgz 0ms (cache hit)
504 http cache ajv@https://registry.npmjs.org/ajv/-/ajv-6.15.0.tgz 0ms (cache hit)
505 http cache @humanwhocodes/retry@https://registry.npmjs.org/@humanwhocodes/retry/-/retry-0.4.3.tgz 0ms (cache hit)
506 http cache @humanfs/node@https://registry.npmjs.org/@humanfs/node/-/node-0.16.8.tgz 0ms (cache hit)
507 http cache @humanwhocodes/module-importer@https://registry.npmjs.org/@humanwhocodes/module-importer/-/module-importer-1.0.1.tgz 0ms (cache hit)
508 http cache @eslint/plugin-kit@https://registry.npmjs.org/@eslint/plugin-kit/-/plugin-kit-0.7.3.tgz 0ms (cache hit)
509 http cache @eslint/core@https://registry.npmjs.org/@eslint/core/-/core-1.2.1.tgz 0ms (cache hit)
510 http cache @eslint/config-helpers@https://registry.npmjs.org/@eslint/config-helpers/-/config-helpers-0.7.0.tgz 0ms (cache hit)
511 http cache @eslint/config-array@https://registry.npmjs.org/@eslint/config-array/-/config-array-0.23.5.tgz 0ms (cache hit)
512 http cache @eslint-community/regexpp@https://registry.npmjs.org/@eslint-community/regexpp/-/regexpp-4.12.2.tgz 0ms (cache hit)
513 http cache @eslint-community/eslint-utils@https://registry.npmjs.org/@eslint-community/eslint-utils/-/eslint-utils-4.10.1.tgz 0ms (cache hit)
514 http cache hookified@https://registry.npmjs.org/hookified/-/hookified-2.2.0.tgz 0ms (cache hit)
515 http cache eslint@https://registry.npmjs.org/eslint/-/eslint-10.11.0.tgz 0ms (cache hit)
516 http cache eslint-visitor-keys@https://registry.npmjs.org/eslint-visitor-keys/-/eslint-visitor-keys-3.4.3.tgz 0ms (cache hit)
517 silly tarball no local data for punycode@https://registry.npmjs.org/punycode/-/punycode-2.3.1.tgz. Extracting by manifest.
518 silly tarball no local data for yocto-queue@https://registry.npmjs.org/yocto-queue/-/yocto-queue-0.1.0.tgz. Extracting by manifest.
519 silly tarball no local data for p-limit@https://registry.npmjs.org/p-limit/-/p-limit-3.1.0.tgz. Extracting by manifest.
520 silly tarball no local data for word-wrap@https://registry.npmjs.org/word-wrap/-/word-wrap-1.2.5.tgz. Extracting by manifest.
521 silly tarball no local data for deep-is@https://registry.npmjs.org/deep-is/-/deep-is-0.1.4.tgz. Extracting by manifest.
522 silly tarball no local data for fast-levenshtein@https://registry.npmjs.org/fast-levenshtein/-/fast-levenshtein-2.0.6.tgz. Extracting by manifest.
523 silly tarball no local data for p-locate@https://registry.npmjs.org/p-locate/-/p-locate-5.0.0.tgz. Extracting by manifest.
524 silly tarball no local data for prelude-ls@https://registry.npmjs.org/prelude-ls/-/prelude-ls-1.2.1.tgz. Extracting by manifest.
525 silly tarball no local data for @keyv/serialize@https://registry.npmjs.org/@keyv/serialize/-/serialize-1.1.1.tgz. Extracting by manifest.
526 silly tarball no local data for type-check@https://registry.npmjs.org/type-check/-/type-check-0.4.0.tgz. Extracting by manifest.
527 silly tarball no local data for @keyv/bigmap@https://registry.npmjs.org/@keyv/bigmap/-/bigmap-1.3.1.tgz. Extracting by manifest.
528 silly tarball no local data for qified@https://registry.npmjs.org/qified/-/qified-0.10.1.tgz. Extracting by manifest.
529 silly tarball no local data for is-extglob@https://registry.npmjs.org/is-extglob/-/is-extglob-2.1.1.tgz. Extracting by manifest.
530 silly tarball no local data for keyv@https://registry.npmjs.org/keyv/-/keyv-5.6.0.tgz. Extracting by manifest.
531 silly tarball no local data for @cacheable/utils@https://registry.npmjs.org/@cacheable/utils/-/utils-2.5.0.tgz. Extracting by manifest.
532 silly tarball no local data for hashery@https://registry.npmjs.org/hashery/-/hashery-1.5.1.tgz. Extracting by manifest.
533 silly tarball no local data for @cacheable/memory@https://registry.npmjs.org/@cacheable/memory/-/memory-2.2.0.tgz. Extracting by manifest.
534 silly tarball no local data for flatted@https://registry.npmjs.org/flatted/-/flatted-3.4.4.tgz. Extracting by manifest.
535 silly tarball no local data for cacheable@https://registry.npmjs.org/cacheable/-/cacheable-2.5.0.tgz. Extracting by manifest.
536 silly tarball no local data for locate-path@https://registry.npmjs.org/locate-path/-/locate-path-6.0.0.tgz. Extracting by manifest.
537 silly tarball no local data for acorn-jsx@https://registry.npmjs.org/acorn-jsx/-/acorn-jsx-5.3.2.tgz. Extracting by manifest.
538 silly tarball no local data for path-exists@https://registry.npmjs.org/path-exists/-/path-exists-4.0.0.tgz. Extracting by manifest.
539 silly tarball no local data for hookified@https://registry.npmjs.org/hookified/-/hookified-1.15.1.tgz. Extracting by manifest.
540 silly tarball no local data for estraverse@https://registry.npmjs.org/estraverse/-/estraverse-5.3.0.tgz. Extracting by manifest.
541 silly tarball no local data for flat-cache@https://registry.npmjs.org/flat-cache/-/flat-cache-6.1.23.tgz. Extracting by manifest.
542 silly tarball no local data for esrecurse@https://registry.npmjs.org/esrecurse/-/esrecurse-4.3.0.tgz. Extracting by manifest.
543 silly tarball no local data for @types/esrecurse@https://registry.npmjs.org/@types/esrecurse/-/esrecurse-4.3.1.tgz. Extracting by manifest.
544 silly tarball no local data for json-schema-traverse@https://registry.npmjs.org/json-schema-traverse/-/json-schema-traverse-0.4.1.tgz. Extracting by manifest.
545 silly tarball no local data for uri-js@https://registry.npmjs.org/uri-js/-/uri-js-4.4.1.tgz. Extracting by manifest.
546 silly tarball no local data for @types/json-schema@https://registry.npmjs.org/@types/json-schema/-/json-schema-7.0.15.tgz. Extracting by manifest.
547 silly tarball no local data for @humanfs/types@https://registry.npmjs.org/@humanfs/types/-/types-0.15.0.tgz. Extracting by manifest.
548 silly tarball no local data for @humanfs/core@https://registry.npmjs.org/@humanfs/core/-/core-0.19.2.tgz. Extracting by manifest.
549 silly tarball no local data for levn@https://registry.npmjs.org/levn/-/levn-0.4.1.tgz. Extracting by manifest.
550 silly tarball no local data for @eslint/object-schema@https://registry.npmjs.org/@eslint/object-schema/-/object-schema-3.0.5.tgz. Extracting by manifest.
551 silly tarball no local data for optionator@https://registry.npmjs.org/optionator/-/optionator-0.9.4.tgz. Extracting by manifest.
552 silly tarball no local data for natural-compare@https://registry.npmjs.org/natural-compare/-/natural-compare-1.4.0.tgz. Extracting by manifest.
553 silly tarball no local data for json-stable-stringify-without-jsonify@https://registry.npmjs.org/json-stable-stringify-without-jsonify/-/json-stable-stringify-without-jsonify-1.0.1.tgz. Extracting by manifest.
554 silly tarball no local data for is-glob@https://registry.npmjs.org/is-glob/-/is-glob-4.0.3.tgz. Extracting by manifest.
555 silly tarball no local data for imurmurhash@https://registry.npmjs.org/imurmurhash/-/imurmurhash-0.1.4.tgz. Extracting by manifest.
556 silly tarball no local data for ignore@https://registry.npmjs.org/ignore/-/ignore-5.3.2.tgz. Extracting by manifest.
557 silly tarball no local data for find-up@https://registry.npmjs.org/find-up/-/find-up-5.0.0.tgz. Extracting by manifest.
558 silly tarball no local data for esquery@https://registry.npmjs.org/esquery/-/esquery-1.7.0.tgz. Extracting by manifest.
559 silly tarball no local data for file-entry-cache@https://registry.npmjs.org/file-entry-cache/-/file-entry-cache-11.1.5.tgz. Extracting by manifest.
560 silly tarball no local data for glob-parent@https://registry.npmjs.org/glob-parent/-/glob-parent-6.0.2.tgz. Extracting by manifest.
561 silly tarball no local data for espree@https://registry.npmjs.org/espree/-/espree-11.2.0.tgz. Extracting by manifest.
562 silly tarball no local data for eslint-visitor-keys@https://registry.npmjs.org/eslint-visitor-keys/-/eslint-visitor-keys-5.0.1.tgz. Extracting by manifest.
563 silly tarball no local data for escape-string-regexp@https://registry.npmjs.org/escape-string-regexp/-/escape-string-regexp-4.0.0.tgz. Extracting by manifest.
564 silly tarball no local data for eslint-scope@https://registry.npmjs.org/eslint-scope/-/eslint-scope-9.1.2.tgz. Extracting by manifest.
565 silly tarball no local data for ajv@https://registry.npmjs.org/ajv/-/ajv-6.15.0.tgz. Extracting by manifest.
566 silly tarball no local data for @humanwhocodes/retry@https://registry.npmjs.org/@humanwhocodes/retry/-/retry-0.4.3.tgz. Extracting by manifest.
567 silly tarball no local data for @humanfs/node@https://registry.npmjs.org/@humanfs/node/-/node-0.16.8.tgz. Extracting by manifest.
568 silly tarball no local data for @humanwhocodes/module-importer@https://registry.npmjs.org/@humanwhocodes/module-importer/-/module-importer-1.0.1.tgz. Extracting by manifest.
569 silly tarball no local data for @eslint/plugin-kit@https://registry.npmjs.org/@eslint/plugin-kit/-/plugin-kit-0.7.3.tgz. Extracting by manifest.
570 silly tarball no local data for @eslint/core@https://registry.npmjs.org/@eslint/core/-/core-1.2.1.tgz. Extracting by manifest.
571 silly tarball no local data for @eslint/config-helpers@https://registry.npmjs.org/@eslint/config-helpers/-/config-helpers-0.7.0.tgz. Extracting by manifest.
572 silly tarball no local data for @eslint/config-array@https://registry.npmjs.org/@eslint/config-array/-/config-array-0.23.5.tgz. Extracting by manifest.
573 silly tarball no local data for @eslint-community/regexpp@https://registry.npmjs.org/@eslint-community/regexpp/-/regexpp-4.12.2.tgz. Extracting by manifest.
574 silly tarball no local data for @eslint-community/eslint-utils@https://registry.npmjs.org/@eslint-community/eslint-utils/-/eslint-utils-4.10.1.tgz. Extracting by manifest.
575 silly tarball no local data for hookified@https://registry.npmjs.org/hookified/-/hookified-2.2.0.tgz. Extracting by manifest.
576 silly tarball no local data for eslint@https://registry.npmjs.org/eslint/-/eslint-10.11.0.tgz. Extracting by manifest.
577 silly tarball no local data for eslint-visitor-keys@https://registry.npmjs.org/eslint-visitor-keys/-/eslint-visitor-keys-3.4.3.tgz. Extracting by manifest.
578 http fetch POST 200 https://registry.npmjs.org/-/npm/v1/security/advisories/bulk 409ms
579 silly audit report {}
580 http fetch GET 200 https://registry.npmjs.org/p-limit/-/p-limit-3.1.0.tgz 480ms (cache miss)
581 http fetch GET 200 https://registry.npmjs.org/p-locate/-/p-locate-5.0.0.tgz 473ms (cache miss)
582 http fetch GET 200 https://registry.npmjs.org/word-wrap/-/word-wrap-1.2.5.tgz 484ms (cache miss)
583 http fetch GET 200 https://registry.npmjs.org/@keyv/serialize/-/serialize-1.1.1.tgz 474ms (cache miss)
584 http fetch GET 200 https://registry.npmjs.org/is-extglob/-/is-extglob-2.1.1.tgz 480ms (cache miss)
585 http fetch GET 200 https://registry.npmjs.org/fast-levenshtein/-/fast-levenshtein-2.0.6.tgz 497ms (cache miss)
586 http fetch GET 200 https://registry.npmjs.org/yocto-queue/-/yocto-queue-0.1.0.tgz 509ms (cache miss)
587 http fetch GET 200 https://registry.npmjs.org/punycode/-/punycode-2.3.1.tgz 556ms (cache miss)
588 http fetch GET 200 https://registry.npmjs.org/path-exists/-/path-exists-4.0.0.tgz 520ms (cache miss)
589 http fetch GET 200 https://registry.npmjs.org/@types/esrecurse/-/esrecurse-4.3.1.tgz 519ms (cache miss)
590 http fetch GET 200 https://registry.npmjs.org/locate-path/-/locate-path-6.0.0.tgz 540ms (cache miss)
591 http fetch GET 200 https://registry.npmjs.org/esrecurse/-/esrecurse-4.3.0.tgz 587ms (cache miss)
592 http fetch GET 200 https://registry.npmjs.org/estraverse/-/estraverse-5.3.0.tgz 609ms (cache miss)
593 http fetch GET 200 https://registry.npmjs.org/acorn-jsx/-/acorn-jsx-5.3.2.tgz 618ms (cache miss)
594 http fetch GET 200 https://registry.npmjs.org/@keyv/bigmap/-/bigmap-1.3.1.tgz 644ms (cache miss)
595 http fetch GET 200 https://registry.npmjs.org/deep-is/-/deep-is-0.1.4.tgz 692ms (cache miss)
596 http fetch GET 200 https://registry.npmjs.org/type-check/-/type-check-0.4.0.tgz 686ms (cache miss)
597 http fetch GET 200 https://registry.npmjs.org/natural-compare/-/natural-compare-1.4.0.tgz 679ms (cache miss)
598 http fetch GET 200 https://registry.npmjs.org/@types/json-schema/-/json-schema-7.0.15.tgz 694ms (cache miss)
599 http fetch GET 200 https://registry.npmjs.org/imurmurhash/-/imurmurhash-0.1.4.tgz 694ms (cache miss)
600 http fetch GET 200 https://registry.npmjs.org/qified/-/qified-0.10.1.tgz 750ms (cache miss)
601 http fetch GET 200 https://registry.npmjs.org/keyv/-/keyv-5.6.0.tgz 747ms (cache miss)
602 http fetch GET 200 https://registry.npmjs.org/is-glob/-/is-glob-4.0.3.tgz 719ms (cache miss)
603 http fetch GET 200 https://registry.npmjs.org/flat-cache/-/flat-cache-6.1.23.tgz 748ms (cache miss)
604 http fetch GET 200 https://registry.npmjs.org/find-up/-/find-up-5.0.0.tgz 725ms (cache miss)
605 http fetch GET 200 https://registry.npmjs.org/@humanfs/types/-/types-0.15.0.tgz 761ms (cache miss)
606 http fetch GET 200 https://registry.npmjs.org/json-schema-traverse/-/json-schema-traverse-0.4.1.tgz 774ms (cache miss)
607 http fetch GET 200 https://registry.npmjs.org/glob-parent/-/glob-parent-6.0.2.tgz 755ms (cache miss)
608 http fetch GET 200 https://registry.npmjs.org/levn/-/levn-0.4.1.tgz 781ms (cache miss)
609 http fetch GET 200 https://registry.npmjs.org/ignore/-/ignore-5.3.2.tgz 776ms (cache miss)
610 http fetch GET 200 https://registry.npmjs.org/prelude-ls/-/prelude-ls-1.2.1.tgz 840ms (cache miss)
611 http fetch GET 200 https://registry.npmjs.org/escape-string-regexp/-/escape-string-regexp-4.0.0.tgz 777ms (cache miss)
612 http fetch GET 200 https://registry.npmjs.org/optionator/-/optionator-0.9.4.tgz 832ms (cache miss)
613 http fetch GET 200 https://registry.npmjs.org/@cacheable/utils/-/utils-2.5.0.tgz 879ms (cache miss)
614 http fetch GET 200 https://registry.npmjs.org/@cacheable/memory/-/memory-2.2.0.tgz 899ms (cache miss)
615 http fetch GET 200 https://registry.npmjs.org/cacheable/-/cacheable-2.5.0.tgz 906ms (cache miss)
616 http fetch GET 200 https://registry.npmjs.org/flatted/-/flatted-3.4.4.tgz 922ms (cache miss)
617 http fetch GET 200 https://registry.npmjs.org/file-entry-cache/-/file-entry-cache-11.1.5.tgz 882ms (cache miss)
618 http fetch GET 200 https://registry.npmjs.org/@eslint/core/-/core-1.2.1.tgz 866ms (cache miss)
619 http fetch GET 200 https://registry.npmjs.org/@humanfs/node/-/node-0.16.8.tgz 873ms (cache miss)
620 http fetch GET 200 https://registry.npmjs.org/eslint-visitor-keys/-/eslint-visitor-keys-5.0.1.tgz 890ms (cache miss)
621 http fetch GET 200 https://registry.npmjs.org/@humanwhocodes/retry/-/retry-0.4.3.tgz 890ms (cache miss)
622 http fetch GET 200 https://registry.npmjs.org/@eslint/object-schema/-/object-schema-3.0.5.tgz 928ms (cache miss)
623 http fetch GET 200 https://registry.npmjs.org/@humanfs/core/-/core-0.19.2.tgz 936ms (cache miss)
624 http fetch GET 200 https://registry.npmjs.org/hookified/-/hookified-1.15.1.tgz 961ms (cache miss)
625 http fetch GET 200 https://registry.npmjs.org/hashery/-/hashery-1.5.1.tgz 1002ms (cache miss)
626 http fetch GET 200 https://registry.npmjs.org/json-stable-stringify-without-jsonify/-/json-stable-stringify-without-jsonify-1.0.1.tgz 963ms (cache miss)
627 http fetch GET 200 https://registry.npmjs.org/eslint-visitor-keys/-/eslint-visitor-keys-3.4.3.tgz 915ms (cache miss)
628 http fetch GET 200 https://registry.npmjs.org/@eslint/config-helpers/-/config-helpers-0.7.0.tgz 934ms (cache miss)
629 http fetch GET 200 https://registry.npmjs.org/@humanwhocodes/module-importer/-/module-importer-1.0.1.tgz 948ms (cache miss)
630 http fetch GET 200 https://registry.npmjs.org/espree/-/espree-11.2.0.tgz 980ms (cache miss)
631 http fetch GET 200 https://registry.npmjs.org/@eslint-community/regexpp/-/regexpp-4.12.2.tgz 957ms (cache miss)
632 http fetch GET 200 https://registry.npmjs.org/@eslint/plugin-kit/-/plugin-kit-0.7.3.tgz 966ms (cache miss)
633 http fetch GET 200 https://registry.npmjs.org/eslint-scope/-/eslint-scope-9.1.2.tgz 988ms (cache miss)
634 http fetch GET 200 https://registry.npmjs.org/@eslint-community/eslint-utils/-/eslint-utils-4.10.1.tgz 981ms (cache miss)
635 http fetch GET 200 https://registry.npmjs.org/hookified/-/hookified-2.2.0.tgz 994ms (cache miss)
636 http fetch GET 200 https://registry.npmjs.org/@eslint/config-array/-/config-array-0.23.5.tgz 1006ms (cache miss)
637 http fetch GET 200 https://registry.npmjs.org/esquery/-/esquery-1.7.0.tgz 1058ms (cache miss)
638 http fetch GET 200 https://registry.npmjs.org/uri-js/-/uri-js-4.4.1.tgz 1174ms (cache miss)
639 http fetch GET 200 https://registry.npmjs.org/ajv/-/ajv-6.15.0.tgz 1275ms (cache miss)
640 http fetch GET 200 https://registry.npmjs.org/eslint/-/eslint-10.11.0.tgz 2298ms (cache miss)
641 verbose cwd D:\DayMeet-OS-main\daymeet-v2
642 verbose os Windows_NT 10.0.26200
643 verbose node v20.19.4
644 verbose npm  v11.14.1
645 verbose exit 2
646 verbose code 2
