0 verbose cli F:\Node js\node.exe C:\Users\prane\AppData\Roaming\npm\node_modules\npm\bin\npm-cli.js
1 info using npm@11.14.1
2 info using node@v20.19.4
3 silly config load:file:C:\Users\prane\AppData\Roaming\npm\node_modules\npm\npmrc
4 silly config load:file:D:\DayMeet-OS-main\daymeet-v2\.npmrc
5 silly config load:file:C:\Users\prane\.npmrc
6 silly config load:file:C:\Users\prane\AppData\Roaming\npm\etc\npmrc
7 verbose title npm install @capacitor/geolocation @capacitor/local-notifications @capacitor/dialog
8 verbose argv "install" "@capacitor/geolocation" "@capacitor/local-notifications" "@capacitor/dialog" "--cache" "../.npm-cache"
9 verbose logfile logs-max:10 dir:D:\DayMeet-OS-main\.npm-cache\_logs\2026-09-20T13_42_11_224Z-
10 verbose logfile D:\DayMeet-OS-main\.npm-cache\_logs\2026-09-20T13_42_11_224Z-debug-0.log
11 silly logfile start cleaning logs, removing 1 files
12 silly packumentCache heap:2197815296 maxSize:549453824 maxEntrySize:274726912
13 silly logfile done cleaning log files
14 silly idealTree buildDeps
15 silly fetch manifest @capacitor/geolocation@*
16 silly packumentCache full:https://registry.npmjs.org/@capacitor%2fgeolocation cache-miss
17 http fetch GET 200 https://registry.npmjs.org/@capacitor%2fgeolocation 1701ms (cache miss)
18 silly packumentCache full:https://registry.npmjs.org/@capacitor%2fgeolocation set size:undefined disposed:false
19 silly fetch manifest @capacitor/core@>=8.0.0
20 silly packumentCache full:https://registry.npmjs.org/@capacitor%2fcore cache-miss
21 http fetch GET 200 https://registry.npmjs.org/@capacitor%2fcore 794ms (cache revalidated)
22 silly packumentCache full:https://registry.npmjs.org/@capacitor%2fcore set size:4843462 disposed:false
23 silly fetch manifest @capacitor/local-notifications@*
24 silly packumentCache full:https://registry.npmjs.org/@capacitor%2flocal-notifications cache-miss
25 http fetch GET 200 https://registry.npmjs.org/@capacitor%2flocal-notifications 1755ms (cache miss)
26 silly packumentCache full:https://registry.npmjs.org/@capacitor%2flocal-notifications set size:undefined disposed:false
27 silly fetch manifest @capacitor/dialog@*
28 silly packumentCache full:https://registry.npmjs.org/@capacitor%2fdialog cache-miss
29 http fetch GET 200 https://registry.npmjs.org/@capacitor%2fdialog 1063ms (cache miss)
30 silly packumentCache full:https://registry.npmjs.org/@capacitor%2fdialog set size:undefined disposed:false
31 silly placeDep ROOT @capacitor/dialog@8.0.1 OK for: daymeet-v2@0.0.0 want: *
32 silly placeDep ROOT @capacitor/geolocation@8.2.2 OK for: daymeet-v2@0.0.0 want: *
33 silly placeDep ROOT @capacitor/local-notifications@8.3.1 OK for: daymeet-v2@0.0.0 want: *
34 silly fetch manifest @capacitor/synapse@^1.0.4
35 silly packumentCache full:https://registry.npmjs.org/@capacitor%2fsynapse cache-miss
36 http fetch GET 200 https://registry.npmjs.org/@capacitor%2fsynapse 1074ms (cache miss)
37 silly packumentCache full:https://registry.npmjs.org/@capacitor%2fsynapse set size:undefined disposed:false
38 silly placeDep ROOT @capacitor/synapse@1.0.4 OK for: @capacitor/geolocation@8.2.2 want: ^1.0.4
39 silly reify moves {}
40 silly audit bulk request {
40 silly audit   '@alloc/quick-lru': [ '5.3.0' ],
40 silly audit   '@apideck/better-ajv-errors': [ '0.3.7' ],
40 silly audit   '@babel/code-frame': [ '7.29.7' ],
40 silly audit   '@babel/compat-data': [ '7.29.7' ],
40 silly audit   '@babel/core': [ '7.29.7' ],
40 silly audit   '@babel/generator': [ '7.29.8' ],
40 silly audit   '@babel/helper-annotate-as-pure': [ '7.29.7' ],
40 silly audit   '@babel/helper-compilation-targets': [ '7.29.7' ],
40 silly audit   '@babel/helper-create-class-features-plugin': [ '7.29.7' ],
40 silly audit   '@babel/helper-create-regexp-features-plugin': [ '7.29.7' ],
40 silly audit   '@babel/helper-define-polyfill-provider': [ '0.6.8' ],
40 silly audit   '@babel/helper-globals': [ '7.29.7' ],
40 silly audit   '@babel/helper-member-expression-to-functions': [ '7.29.7' ],
40 silly audit   '@babel/helper-module-imports': [ '7.29.7' ],
40 silly audit   '@babel/helper-module-transforms': [ '7.29.7' ],
40 silly audit   '@babel/helper-optimise-call-expression': [ '7.29.7' ],
40 silly audit   '@babel/helper-plugin-utils': [ '7.29.7' ],
40 silly audit   '@babel/helper-remap-async-to-generator': [ '7.29.7' ],
40 silly audit   '@babel/helper-replace-supers': [ '7.29.7' ],
40 silly audit   '@babel/helper-skip-transparent-expression-wrappers': [ '7.29.7' ],
40 silly audit   '@babel/helper-string-parser': [ '7.29.7' ],
40 silly audit   '@babel/helper-validator-identifier': [ '7.29.7' ],
40 silly audit   '@babel/helper-validator-option': [ '7.29.7' ],
40 silly audit   '@babel/helper-wrap-function': [ '7.29.7' ],
40 silly audit   '@babel/helpers': [ '7.29.7' ],
40 silly audit   '@babel/parser': [ '7.29.9' ],
40 silly audit   '@babel/plugin-bugfix-firefox-class-in-computed-class-key': [ '7.29.7' ],
40 silly audit   '@babel/plugin-bugfix-safari-class-field-initializer-scope': [ '7.29.7' ],
40 silly audit   '@babel/plugin-bugfix-safari-id-destructuring-collision-in-function-expression': [ '7.29.7' ],
40 silly audit   '@babel/plugin-bugfix-safari-rest-destructuring-rhs-array': [ '7.29.7' ],
40 silly audit   '@babel/plugin-bugfix-v8-spread-parameters-in-optional-chaining': [ '7.29.7' ],
40 silly audit   '@babel/plugin-bugfix-v8-static-class-fields-redefine-readonly': [ '7.29.7' ],
40 silly audit   '@babel/plugin-proposal-private-property-in-object': [ '7.21.0-placeholder-for-preset-env.2' ],
40 silly audit   '@babel/plugin-syntax-import-assertions': [ '7.29.7' ],
40 silly audit   '@babel/plugin-syntax-import-attributes': [ '7.29.7' ],
40 silly audit   '@babel/plugin-syntax-unicode-sets-regex': [ '7.18.6' ],
40 silly audit   '@babel/plugin-transform-arrow-functions': [ '7.29.7' ],
40 silly audit   '@babel/plugin-transform-async-generator-functions': [ '7.29.7' ],
40 silly audit   '@babel/plugin-transform-async-to-generator': [ '7.29.7' ],
40 silly audit   '@babel/plugin-transform-block-scoped-functions': [ '7.29.7' ],
40 silly audit   '@babel/plugin-transform-block-scoping': [ '7.29.7' ],
40 silly audit   '@babel/plugin-transform-class-properties': [ '7.29.7' ],
40 silly audit   '@babel/plugin-transform-class-static-block': [ '7.29.7' ],
40 silly audit   '@babel/plugin-transform-classes': [ '7.29.7' ],
40 silly audit   '@babel/plugin-transform-computed-properties': [ '7.29.7' ],
40 silly audit   '@babel/plugin-transform-destructuring': [ '7.29.7' ],
40 silly audit   '@babel/plugin-transform-dotall-regex': [ '7.29.7' ],
40 silly audit   '@babel/plugin-transform-duplicate-keys': [ '7.29.7' ],
40 silly audit   '@babel/plugin-transform-duplicate-named-capturing-groups-regex': [ '7.29.7' ],
40 silly audit   '@babel/plugin-transform-dynamic-import': [ '7.29.7' ],
40 silly audit   '@babel/plugin-transform-explicit-resource-management': [ '7.29.7' ],
40 silly audit   '@babel/plugin-transform-exponentiation-operator': [ '7.29.7' ],
40 silly audit   '@babel/plugin-transform-export-namespace-from': [ '7.29.7' ],
40 silly audit   '@babel/plugin-transform-for-of': [ '7.29.7' ],
40 silly audit   '@babel/plugin-transform-function-name': [ '7.29.7' ],
40 silly audit   '@babel/plugin-transform-json-strings': [ '7.29.7' ],
40 silly audit   '@babel/plugin-transform-literals': [ '7.29.7' ],
40 silly audit   '@babel/plugin-transform-logical-assignment-operators': [ '7.29.7' ],
40 silly audit   '@babel/plugin-transform-member-expression-literals': [ '7.29.7' ],
40 silly audit   '@babel/plugin-transform-modules-amd': [ '7.29.7' ],
40 silly audit   '@babel/plugin-transform-modules-commonjs': [ '7.29.7' ],
40 silly audit   '@babel/plugin-transform-modules-systemjs': [ '7.29.8' ],
40 silly audit   '@babel/plugin-transform-modules-umd': [ '7.29.7' ],
40 silly audit   '@babel/plugin-transform-named-capturing-groups-regex': [ '7.29.7' ],
40 silly audit   '@babel/plugin-transform-new-target': [ '7.29.7' ],
40 silly audit   '@babel/plugin-transform-nullish-coalescing-operator': [ '7.29.7' ],
40 silly audit   '@babel/plugin-transform-numeric-separator': [ '7.29.7' ],
40 silly audit   '@babel/plugin-transform-object-rest-spread': [ '7.29.7' ],
40 silly audit   '@babel/plugin-transform-object-super': [ '7.29.7' ],
40 silly audit   '@babel/plugin-transform-optional-catch-binding': [ '7.29.7' ],
40 silly audit   '@babel/plugin-transform-optional-chaining': [ '7.29.7' ],
40 silly audit   '@babel/plugin-transform-parameters': [ '7.29.7' ],
40 silly audit   '@babel/plugin-transform-private-methods': [ '7.29.7' ],
40 silly audit   '@babel/plugin-transform-private-property-in-object': [ '7.29.7' ],
40 silly audit   '@babel/plugin-transform-property-literals': [ '7.29.7' ],
40 silly audit   '@babel/plugin-transform-regenerator': [ '7.29.8' ],
40 silly audit   '@babel/plugin-transform-regexp-modifiers': [ '7.29.7' ],
40 silly audit   '@babel/plugin-transform-reserved-words': [ '7.29.7' ],
40 silly audit   '@babel/plugin-transform-shorthand-properties': [ '7.29.7' ],
40 silly audit   '@babel/plugin-transform-spread': [ '7.29.8' ],
40 silly audit   '@babel/plugin-transform-sticky-regex': [ '7.29.7' ],
40 silly audit   '@babel/plugin-transform-template-literals': [ '7.29.7' ],
40 silly audit   '@babel/plugin-transform-typeof-symbol': [ '7.29.7' ],
40 silly audit   '@babel/plugin-transform-unicode-escapes': [ '7.29.7' ],
40 silly audit   '@babel/plugin-transform-unicode-property-regex': [ '7.29.7' ],
40 silly audit   '@babel/plugin-transform-unicode-regex': [ '7.29.7' ],
40 silly audit   '@babel/plugin-transform-unicode-sets-regex': [ '7.29.7' ],
40 silly audit   '@babel/preset-env': [ '7.29.7' ],
40 silly audit   '@babel/preset-modules': [ '0.1.6-no-external-plugins' ],
40 silly audit   '@babel/runtime': [ '7.29.7' ],
40 silly audit   '@babel/template': [ '7.29.7' ],
40 silly audit   '@babel/traverse': [ '7.29.8' ],
40 silly audit   '@babel/types': [ '7.29.8' ],
40 silly audit   '@capacitor/camera': [ '8.2.4' ],
40 silly audit   '@capacitor/core': [ '8.5.2' ],
40 silly audit   '@capacitor/haptics': [ '8.0.2' ],
40 silly audit   '@capacitor/splash-screen': [ '8.0.2' ],
40 silly audit   '@capacitor/status-bar': [ '8.0.3' ],
40 silly audit   '@firebase/ai': [ '2.16.0' ],
40 silly audit   '@firebase/analytics': [ '0.10.25' ],
40 silly audit   '@firebase/analytics-compat': [ '0.2.31' ],
40 silly audit   '@firebase/analytics-types': [ '0.8.5' ],
40 silly audit   '@firebase/app': [ '0.16.2' ],
40 silly audit   '@firebase/app-check': [ '0.13.1' ],
40 silly audit   '@firebase/app-check-compat': [ '0.4.7' ],
40 silly audit   '@firebase/app-check-interop-types': [ '0.3.5' ],
40 silly audit   '@firebase/app-check-types': [ '0.5.5' ],
40 silly audit   '@firebase/app-compat': [ '0.5.18' ],
40 silly audit   '@firebase/app-types': [ '0.9.6' ],
40 silly audit   '@firebase/auth': [ '1.13.6' ],
40 silly audit   '@firebase/auth-compat': [ '0.6.11' ],
40 silly audit   '@firebase/auth-interop-types': [ '0.2.6' ],
40 silly audit   '@firebase/auth-types': [ '0.13.2' ],
40 silly audit   '@firebase/component': [ '0.7.5' ],
40 silly audit   '@firebase/data-connect': [ '0.7.4' ],
40 silly audit   '@firebase/database': [ '1.1.5' ],
40 silly audit   '@firebase/database-compat': [ '2.1.7' ],
40 silly audit   '@firebase/database-types': [ '1.0.22' ],
40 silly audit   '@firebase/firestore': [ '4.17.2' ],
40 silly audit   '@firebase/firestore-compat': [ '0.4.14' ],
40 silly audit   '@firebase/firestore-types': [ '3.0.5' ],
40 silly audit   '@firebase/functions': [ '0.14.0' ],
40 silly audit   '@firebase/functions-compat': [ '0.5.0' ],
40 silly audit   '@firebase/functions-types': [ '0.6.5' ],
40 silly audit   '@firebase/installations': [ '0.6.24' ],
40 silly audit   '@firebase/installations-compat': [ '0.2.24' ],
40 silly audit   '@firebase/installations-types': [ '0.5.5' ],
40 silly audit   '@firebase/logger': [ '0.5.2' ],
40 silly audit   '@firebase/messaging': [ '0.13.3' ],
40 silly audit   '@firebase/messaging-compat': [ '0.2.30' ],
40 silly audit   '@firebase/messaging-interop-types': [ '0.2.6' ],
40 silly audit   '@firebase/performance': [ '0.7.14' ],
40 silly audit   '@firebase/performance-compat': [ '0.2.27' ],
40 silly audit   '@firebase/performance-types': [ '0.2.5' ],
40 silly audit   '@firebase/remote-config': [ '0.9.2' ],
40 silly audit   '@firebase/remote-config-compat': [ '0.2.29' ],
40 silly audit   '@firebase/remote-config-types': [ '0.5.2' ],
40 silly audit   '@firebase/storage': [ '0.14.5' ],
40 silly audit   '@firebase/storage-compat': [ '0.4.5' ],
40 silly audit   '@firebase/storage-types': [ '0.8.5' ],
40 silly audit   '@firebase/util': [ '1.15.3' ],
40 silly audit   '@firebase/webchannel-wrapper': [ '1.0.7' ],
40 silly audit   '@grpc/grpc-js': [ '1.9.16' ],
40 silly audit   '@grpc/proto-loader': [ '0.7.15' ],
40 silly audit   '@isaacs/cliui': [ '9.0.0' ],
40 silly audit   '@jridgewell/gen-mapping': [ '0.3.13' ],
40 silly audit   '@jridgewell/remapping': [ '2.3.5' ],
40 silly audit   '@jridgewell/resolve-uri': [ '3.1.2' ],
40 silly audit   '@jridgewell/source-map': [ '0.3.11' ],
40 silly audit   '@jridgewell/sourcemap-codec': [ '1.6.0' ],
40 silly audit   '@jridgewell/trace-mapping': [ '0.3.31' ],
40 silly audit   '@napi-rs/lzma-linux-x64-gnu': [ '1.5.1' ],
40 silly audit   '@oxc-project/types': [ '0.150.0' ],
40 silly audit   '@oxlint/binding-android-arm-eabi': [ '1.83.0' ],
40 silly audit   '@oxlint/binding-android-arm64': [ '1.83.0' ],
40 silly audit   '@oxlint/binding-darwin-arm64': [ '1.83.0' ],
40 silly audit   '@oxlint/binding-darwin-x64': [ '1.83.0' ],
40 silly audit   '@oxlint/binding-freebsd-x64': [ '1.83.0' ],
40 silly audit   '@oxlint/binding-linux-arm-gnueabihf': [ '1.83.0' ],
40 silly audit   '@oxlint/binding-linux-arm-musleabihf': [ '1.83.0' ],
40 silly audit   '@oxlint/binding-linux-arm64-gnu': [ '1.83.0' ],
40 silly audit   '@oxlint/binding-linux-arm64-musl': [ '1.83.0' ],
40 silly audit   '@oxlint/binding-linux-ppc64-gnu': [ '1.83.0' ],
40 silly audit   '@oxlint/binding-linux-riscv64-gnu': [ '1.83.0' ],
40 silly audit   '@oxlint/binding-linux-riscv64-musl': [ '1.83.0' ],
40 silly audit   '@oxlint/binding-linux-s390x-gnu': [ '1.83.0' ],
40 silly audit   '@oxlint/binding-linux-x64-gnu': [ '1.83.0' ],
40 silly audit   '@oxlint/binding-linux-x64-musl': [ '1.83.0' ],
40 silly audit   '@oxlint/binding-openharmony-arm64': [ '1.83.0' ],
40 silly audit   '@oxlint/binding-win32-arm64-msvc': [ '1.83.0' ],
40 silly audit   '@oxlint/binding-win32-ia32-msvc': [ '1.83.0' ],
40 silly audit   '@oxlint/binding-win32-x64-msvc': [ '1.83.0' ],
40 silly audit   '@protobufjs/aspromise': [ '1.1.2' ],
40 silly audit   '@protobufjs/base64': [ '1.1.2' ],
40 silly audit   '@protobufjs/codegen': [ '2.0.5' ],
40 silly audit   '@protobufjs/eventemitter': [ '1.1.1' ],
40 silly audit   '@protobufjs/fetch': [ '1.1.1' ],
40 silly audit   '@protobufjs/float': [ '1.0.2' ],
40 silly audit   '@protobufjs/path': [ '1.1.2' ],
40 silly audit   '@protobufjs/pool': [ '1.1.0' ],
40 silly audit   '@protobufjs/utf8': [ '1.1.2' ],
40 silly audit   '@reduxjs/toolkit': [ '2.12.0' ],
40 silly audit   '@rolldown/binding-android-arm-eabi': [ '1.2.9' ],
40 silly audit   '@rolldown/binding-android-arm64': [ '1.2.9' ],
40 silly audit   '@rolldown/binding-darwin-arm64': [ '1.2.9' ],
40 silly audit   '@rolldown/binding-darwin-x64': [ '1.2.9' ],
40 silly audit   '@rolldown/binding-freebsd-x64': [ '1.2.9' ],
40 silly audit   '@rolldown/binding-linux-arm-gnueabihf': [ '1.2.9' ],
40 silly audit   '@rolldown/binding-linux-arm64-gnu': [ '1.2.9' ],
40 silly audit   '@rolldown/binding-linux-arm64-musl': [ '1.2.9' ],
40 silly audit   '@rolldown/binding-linux-ppc64-gnu': [ '1.2.9' ],
40 silly audit   '@rolldown/binding-linux-s390x-gnu': [ '1.2.9' ],
40 silly audit   '@rolldown/binding-linux-x64-gnu': [ '1.2.9' ],
40 silly audit   '@rolldown/binding-linux-x64-musl': [ '1.2.9' ],
40 silly audit   '@rolldown/binding-openharmony-arm64': [ '1.2.9' ],
40 silly audit   '@rolldown/binding-win32-arm64-msvc': [ '1.2.9' ],
40 silly audit   '@rolldown/binding-win32-x64-msvc': [ '1.2.9' ],
40 silly audit   '@rolldown/pluginutils': [ '1.0.1' ],
40 silly audit   '@rollup/plugin-babel': [ '6.1.0' ],
40 silly audit   '@rollup/plugin-node-resolve': [ '16.0.3' ],
40 silly audit   '@rollup/plugin-replace': [ '6.0.3' ],
40 silly audit   '@rollup/plugin-terser': [ '1.0.0' ],
40 silly audit   '@rollup/pluginutils': [ '5.4.0' ],
40 silly audit   '@rollup/rollup-android-arm-eabi': [ '4.63.4' ],
40 silly audit   '@rollup/rollup-android-arm64': [ '4.63.4' ],
40 silly audit   '@rollup/rollup-darwin-arm64': [ '4.63.4' ],
40 silly audit   '@rollup/rollup-darwin-x64': [ '4.63.4' ],
40 silly audit   '@rollup/rollup-freebsd-arm64': [ '4.63.4' ],
40 silly audit   '@rollup/rollup-freebsd-x64': [ '4.63.4' ],
40 silly audit   '@rollup/rollup-linux-arm-gnueabihf': [ '4.63.4' ],
40 silly audit   '@rollup/rollup-linux-arm-musleabihf': [ '4.63.4' ],
40 silly audit   '@rollup/rollup-linux-arm64-gnu': [ '4.63.4' ],
40 silly audit   '@rollup/rollup-linux-arm64-musl': [ '4.63.4' ],
40 silly audit   '@rollup/rollup-linux-loong64-gnu': [ '4.63.4' ],
40 silly audit   '@rollup/rollup-linux-loong64-musl': [ '4.63.4' ],
40 silly audit   '@rollup/rollup-linux-ppc64-gnu': [ '4.63.4' ],
40 silly audit   '@rollup/rollup-linux-ppc64-musl': [ '4.63.4' ],
40 silly audit   '@rollup/rollup-linux-riscv64-gnu': [ '4.63.4' ],
40 silly audit   '@rollup/rollup-linux-riscv64-musl': [ '4.63.4' ],
40 silly audit   '@rollup/rollup-linux-s390x-gnu': [ '4.63.4' ],
40 silly audit   '@rollup/rollup-linux-x64-gnu': [ '4.63.4' ],
40 silly audit   '@rollup/rollup-linux-x64-musl': [ '4.63.4' ],
40 silly audit   '@rollup/rollup-openbsd-x64': [ '4.63.4' ],
40 silly audit   '@rollup/rollup-openharmony-arm64': [ '4.63.4' ],
40 silly audit   '@rollup/rollup-win32-arm64-msvc': [ '4.63.4' ],
40 silly audit   '@rollup/rollup-win32-ia32-msvc': [ '4.63.4' ],
40 silly audit   '@rollup/rollup-win32-x64-gnu': [ '4.63.4' ],
40 silly audit   '@rollup/rollup-win32-x64-msvc': [ '4.63.4' ],
40 silly audit   '@standard-schema/spec': [ '1.1.0' ],
40 silly audit   '@standard-schema/utils': [ '0.3.0' ],
40 silly audit   '@tailwindcss/node': [ '4.3.3' ],
40 silly audit   lightningcss: [ '1.32.0', '1.33.0' ],
40 silly audit   'lightningcss-android-arm64': [ '1.32.0', '1.33.0' ],
40 silly audit   'lightningcss-darwin-arm64': [ '1.32.0', '1.33.0' ],
40 silly audit   'lightningcss-darwin-x64': [ '1.32.0', '1.33.0' ],
40 silly audit   'lightningcss-freebsd-x64': [ '1.32.0', '1.33.0' ],
40 silly audit   'lightningcss-linux-arm-gnueabihf': [ '1.32.0', '1.33.0' ],
40 silly audit   'lightningcss-linux-arm64-gnu': [ '1.32.0', '1.33.0' ],
40 silly audit   'lightningcss-linux-arm64-musl': [ '1.32.0', '1.33.0' ],
40 silly audit   'lightningcss-linux-x64-gnu': [ '1.32.0', '1.33.0' ],
40 silly audit   'lightningcss-linux-x64-musl': [ '1.32.0', '1.33.0' ],
40 silly audit   'lightningcss-win32-arm64-msvc': [ '1.32.0', '1.33.0' ],
40 silly audit   'lightningcss-win32-x64-msvc': [ '1.32.0', '1.33.0' ],
40 silly audit   '@tailwindcss/oxide': [ '4.3.3' ],
40 silly audit   '@tailwindcss/oxide-android-arm64': [ '4.3.3' ],
40 silly audit   '@tailwindcss/oxide-darwin-arm64': [ '4.3.3' ],
40 silly audit   '@tailwindcss/oxide-darwin-x64': [ '4.3.3' ],
40 silly audit   '@tailwindcss/oxide-freebsd-x64': [ '4.3.3' ],
40 silly audit   '@tailwindcss/oxide-linux-arm-gnueabihf': [ '4.3.3' ],
40 silly audit   '@tailwindcss/oxide-linux-arm64-gnu': [ '4.3.3' ],
40 silly audit   '@tailwindcss/oxide-linux-arm64-musl': [ '4.3.3' ],
40 silly audit   '@tailwindcss/oxide-linux-x64-gnu': [ '4.3.3' ],
40 silly audit   '@tailwindcss/oxide-linux-x64-musl': [ '4.3.3' ],
40 silly audit   '@tailwindcss/oxide-wasm32-wasi': [ '4.3.3' ],
40 silly audit   '@tailwindcss/oxide-win32-arm64-msvc': [ '4.3.3' ],
40 silly audit   '@tailwindcss/oxide-win32-x64-msvc': [ '4.3.3' ],
40 silly audit   '@tailwindcss/postcss': [ '4.3.3' ],
40 silly audit   '@trickfilm400/rollup-plugin-off-main-thread': [ '3.0.0-pre1' ],
40 silly audit   '@types/d3-array': [ '3.2.2' ],
40 silly audit   '@types/d3-color': [ '3.1.3' ],
40 silly audit   '@types/d3-ease': [ '3.0.2' ],
40 silly audit   '@types/d3-interpolate': [ '3.0.4' ],
40 silly audit   '@types/d3-path': [ '3.1.1' ],
40 silly audit   '@types/d3-scale': [ '4.0.9' ],
40 silly audit   '@types/d3-shape': [ '3.2.0' ],
40 silly audit   '@types/d3-time': [ '3.0.4' ],
40 silly audit   '@types/d3-timer': [ '3.0.2' ],
40 silly audit   '@types/estree': [ '1.0.9' ],
40 silly audit   '@types/node': [ '26.6.2' ],
40 silly audit   '@types/react': [ '19.3.0' ],
40 silly audit   '@types/react-dom': [ '19.3.0' ],
40 silly audit   '@types/resolve': [ '1.20.2' ],
40 silly audit   '@types/trusted-types': [ '2.0.7' ],
40 silly audit   '@types/use-sync-external-store': [ '0.0.6' ],
40 silly audit   '@vitejs/plugin-react': [ '6.1.1' ],
40 silly audit   acorn: [ '8.18.0' ],
40 silly audit   ajv: [ '8.20.0' ],
40 silly audit   'ansi-regex': [ '5.0.1' ],
40 silly audit   'ansi-styles': [ '4.3.0' ],
40 silly audit   'array-buffer-byte-length': [ '1.0.2' ],
40 silly audit   'arraybuffer.prototype.slice': [ '1.0.4' ],
40 silly audit   async: [ '3.2.6' ],
40 silly audit   'async-function': [ '1.0.0' ],
40 silly audit   'at-least-node': [ '1.0.0' ],
40 silly audit   autoprefixer: [ '10.6.1' ],
40 silly audit   'available-typed-arrays': [ '1.0.7' ],
40 silly audit   'babel-plugin-polyfill-corejs2': [ '0.4.17' ],
40 silly audit   'babel-plugin-polyfill-corejs3': [ '0.14.2' ],
40 silly audit   'babel-plugin-polyfill-regenerator': [ '0.6.8' ],
40 silly audit   'balanced-match': [ '4.0.4', '1.0.2' ],
40 silly audit   'baseline-browser-mapping': [ '2.11.25' ],
40 silly audit   'brace-expansion': [ '5.0.12', '2.1.7' ],
40 silly audit   browserslist: [ '4.29.0' ],
40 silly audit   'buffer-from': [ '1.1.2' ],
40 silly audit   'call-bind': [ '1.0.9' ],
40 silly audit   'call-bind-apply-helpers': [ '1.0.2' ],
40 silly audit   'call-bound': [ '1.0.4' ],
40 silly audit   'caniuse-lite': [ '1.0.30001810' ],
40 silly audit   cliui: [ '8.0.1' ],
40 silly audit   clsx: [ '2.1.1' ],
40 silly audit   'color-convert': [ '2.0.1' ],
40 silly audit   'color-name': [ '1.1.4' ],
40 silly audit   commander: [ '2.20.3' ],
40 silly audit   'common-tags': [ '1.8.2' ],
40 silly audit   'convert-source-map': [ '2.0.0' ],
40 silly audit   cookie: [ '1.1.1' ],
40 silly audit   'core-js-compat': [ '3.50.0' ],
40 silly audit   'cross-spawn': [ '7.0.6' ],
40 silly audit   'crypto-random-string': [ '2.0.0' ],
40 silly audit   csstype: [ '3.2.3' ],
40 silly audit   'd3-array': [ '3.2.4' ],
40 silly audit   'd3-color': [ '3.1.0' ],
40 silly audit   'd3-ease': [ '3.0.1' ],
40 silly audit   'd3-format': [ '3.1.2' ],
40 silly audit   'd3-interpolate': [ '3.0.1' ],
40 silly audit   'd3-path': [ '3.1.0' ],
40 silly audit   'd3-scale': [ '4.0.2' ],
40 silly audit   'd3-shape': [ '3.2.0' ],
40 silly audit   'd3-time': [ '3.1.0' ],
40 silly audit   'd3-time-format': [ '4.1.0' ],
40 silly audit   'd3-timer': [ '3.0.1' ],
40 silly audit   'data-view-buffer': [ '1.0.2' ],
40 silly audit   'data-view-byte-length': [ '1.0.2' ],
40 silly audit   'data-view-byte-offset': [ '1.0.1' ],
40 silly audit   debug: [ '4.4.3' ],
40 silly audit   'decimal.js-light': [ '2.5.1' ],
40 silly audit   deepmerge: [ '4.3.1' ],
40 silly audit   'define-data-property': [ '1.1.4' ],
40 silly audit   'define-properties': [ '1.2.1' ],
40 silly audit   'detect-libc': [ '2.1.2' ],
40 silly audit   'dunder-proto': [ '1.0.1' ],
40 silly audit   ejs: [ '3.1.10' ],
40 silly audit   'electron-to-chromium': [ '1.5.433' ],
40 silly audit   'emoji-regex': [ '8.0.0' ],
40 silly audit   'enhanced-resolve': [ '5.25.1' ],
40 silly audit   'es-abstract': [ '1.24.2' ],
40 silly audit   'es-abstract-get': [ '1.0.0' ],
40 silly audit   'es-define-property': [ '1.0.1' ],
40 silly audit   'es-errors': [ '1.3.0' ],
40 silly audit   'es-object-atoms': [ '1.1.2' ],
40 silly audit   'es-set-tostringtag': [ '2.1.0' ],
40 silly audit   'es-to-primitive': [ '1.3.4' ],
40 silly audit   'es-toolkit': [ '1.52.0' ],
40 silly audit   escalade: [ '3.2.0' ],
40 silly audit   'estree-walker': [ '2.0.2' ],
40 silly audit   esutils: [ '2.0.3' ],
40 silly audit   eta: [ '4.6.0' ],
40 silly audit   eventemitter3: [ '5.0.4' ],
40 silly audit   'fast-deep-equal': [ '3.1.3' ],
40 silly audit   'fast-json-stable-stringify': [ '2.1.0' ],
40 silly audit   'fast-uri': [ '3.1.8' ],
40 silly audit   'faye-websocket': [ '0.11.4' ],
40 silly audit   fdir: [ '6.5.0' ],
40 silly audit   filelist: [ '1.0.6' ],
40 silly audit   minimatch: [ '5.1.9', '10.2.6' ],
40 silly audit   firebase: [ '12.19.0' ],
40 silly audit   'for-each': [ '0.3.5' ],
40 silly audit   'foreground-child': [ '3.3.1' ],
40 silly audit   'fraction.js': [ '5.3.4' ],
40 silly audit   'fs-extra': [ '9.1.0' ],
40 silly audit   fsevents: [ '2.3.3' ],
40 silly audit   'function-bind': [ '1.1.2' ],
40 silly audit   'function.prototype.name': [ '1.2.0' ],
40 silly audit   'functions-have-names': [ '1.2.3' ],
40 silly audit   'generator-function': [ '2.0.1' ],
40 silly audit   gensync: [ '1.0.0-beta.2' ],
40 silly audit   'get-caller-file': [ '2.0.5' ],
40 silly audit   'get-intrinsic': [ '1.3.0' ],
40 silly audit   'get-own-enumerable-property-symbols': [ '3.0.2' ],
40 silly audit   'get-proto': [ '1.0.1' ],
40 silly audit   'get-symbol-description': [ '1.1.0' ],
40 silly audit   glob: [ '11.1.0' ],
40 silly audit   globalthis: [ '1.0.4' ],
40 silly audit   gopd: [ '1.2.0' ],
40 silly audit   'graceful-fs': [ '4.2.11' ],
40 silly audit   'has-bigints': [ '1.1.0' ],
40 silly audit   'has-property-descriptors': [ '1.0.2' ],
40 silly audit   'has-proto': [ '1.2.0' ],
40 silly audit   'has-symbols': [ '1.1.0' ],
40 silly audit   'has-tostringtag': [ '1.0.2' ],
40 silly audit   hasown: [ '2.0.4' ],
40 silly audit   'http-parser-js': [ '0.5.10' ],
40 silly audit   idb: [ '7.1.1' ],
40 silly audit   immer: [ '11.1.18' ],
40 silly audit   'internal-slot': [ '1.1.0' ],
40 silly audit   internmap: [ '2.0.3' ],
40 silly audit   'is-array-buffer': [ '3.0.5' ],
40 silly audit   'is-async-function': [ '2.1.1' ],
40 silly audit   'is-bigint': [ '1.1.0' ],
40 silly audit   'is-boolean-object': [ '1.2.2' ],
40 silly audit   'is-callable': [ '1.2.7' ],
40 silly audit   'is-core-module': [ '2.17.0' ],
40 silly audit   'is-data-view': [ '1.0.2' ],
40 silly audit   'is-date-object': [ '1.1.0' ],
40 silly audit   'is-document.all': [ '1.0.0' ],
40 silly audit   'is-finalizationregistry': [ '1.1.1' ],
40 silly audit   'is-fullwidth-code-point': [ '3.0.0' ],
40 silly audit   'is-generator-function': [ '1.1.2' ],
40 silly audit   'is-map': [ '2.0.3' ],
40 silly audit   'is-module': [ '1.0.0' ],
40 silly audit   'is-negative-zero': [ '2.0.3' ],
40 silly audit   'is-number-object': [ '1.1.1' ],
40 silly audit   'is-obj': [ '1.0.1' ],
40 silly audit   'is-regex': [ '1.2.1' ],
40 silly audit   'is-regexp': [ '1.0.0' ],
40 silly audit   'is-set': [ '2.0.3' ],
40 silly audit   'is-shared-array-buffer': [ '1.0.4' ],
40 silly audit   'is-stream': [ '2.0.1' ],
40 silly audit   'is-string': [ '1.1.1' ],
40 silly audit   'is-symbol': [ '1.1.1' ],
40 silly audit   'is-typed-array': [ '1.1.15' ],
40 silly audit   'is-weakmap': [ '2.0.2' ],
40 silly audit   'is-weakref': [ '1.1.1' ],
40 silly audit   'is-weakset': [ '2.0.4' ],
40 silly audit   isarray: [ '2.0.5' ],
40 silly audit   isexe: [ '2.0.0' ],
40 silly audit   jackspeak: [ '4.2.3' ],
40 silly audit   jake: [ '10.9.4' ],
40 silly audit   jiti: [ '2.7.0' ],
40 silly audit   'js-tokens': [ '4.0.0' ],
40 silly audit   jsesc: [ '3.1.0' ],
40 silly audit   'json-schema-traverse': [ '1.0.0' ],
40 silly audit   json5: [ '2.2.3' ],
40 silly audit   jsonfile: [ '6.2.1' ],
40 silly audit   jsonpointer: [ '5.0.1' ],
40 silly audit   leven: [ '3.1.0' ],
40 silly audit   'lodash.camelcase': [ '4.3.0' ],
40 silly audit   'lodash.debounce': [ '4.0.8' ],
40 silly audit   long: [ '5.3.2' ],
40 silly audit   'lru-cache': [ '5.1.1', '11.5.3' ],
40 silly audit   'magic-string': [ '0.30.21' ],
40 silly audit   'math-intrinsics': [ '1.1.0' ],
40 silly audit   minipass: [ '7.1.3' ],
40 silly audit   ms: [ '2.1.3' ],
40 silly audit   nanoid: [ '3.3.19' ],
40 silly audit   'node-releases': [ '2.0.56' ],
40 silly audit   'object-inspect': [ '1.13.4' ],
40 silly audit   'object-keys': [ '1.1.1' ],
40 silly audit   'object.assign': [ '4.1.7' ],
40 silly audit   'own-keys': [ '1.0.2' ],
40 silly audit   oxlint: [ '1.83.0' ],
40 silly audit   'package-json-from-dist': [ '1.0.1' ],
40 silly audit   'path-key': [ '3.1.1' ],
40 silly audit   'path-parse': [ '1.0.7' ],
40 silly audit   'path-scurry': [ '2.0.2' ],
40 silly audit   picocolors: [ '1.1.1' ],
40 silly audit   picomatch: [ '4.0.7' ],
40 silly audit   'possible-typed-array-names': [ '1.1.0' ],
40 silly audit   postcss: [ '8.5.28' ],
40 silly audit   'postcss-value-parser': [ '4.2.0' ],
40 silly audit   'pretty-bytes': [ '6.1.1', '5.6.0' ],
40 silly audit   protobufjs: [ '7.6.6' ],
40 silly audit   re2js: [ '2.8.6' ],
40 silly audit   react: [ '19.3.0' ],
40 silly audit   'react-dom': [ '19.3.0' ],
40 silly audit   'react-is': [ '19.3.0' ],
40 silly audit   'react-redux': [ '9.3.0' ],
40 silly audit   'react-router': [ '7.18.4' ],
40 silly audit   'react-router-dom': [ '7.18.4' ],
40 silly audit   recharts: [ '3.10.1' ],
40 silly audit   redux: [ '5.0.1' ],
40 silly audit   'redux-thunk': [ '3.1.0' ],
40 silly audit   'reflect.getprototypeof': [ '1.0.10' ],
40 silly audit   regenerate: [ '1.4.2' ],
40 silly audit   'regenerate-unicode-properties': [ '10.2.2' ],
40 silly audit   'regexp.prototype.flags': [ '1.5.4' ],
40 silly audit   'regexpu-core': [ '6.4.0' ],
40 silly audit   regjsgen: [ '0.8.0' ],
40 silly audit   regjsparser: [ '0.13.3' ],
40 silly audit   'require-directory': [ '2.1.1' ],
40 silly audit   'require-from-string': [ '2.0.2' ],
40 silly audit   reselect: [ '5.2.0' ],
40 silly audit   resolve: [ '1.22.12' ],
40 silly audit   rolldown: [ '1.2.9' ],
40 silly audit   rollup: [ '4.63.4' ],
40 silly audit   'safe-array-concat': [ '1.1.4' ],
40 silly audit   'safe-buffer': [ '5.2.1' ],
40 silly audit   'safe-push-apply': [ '1.0.0' ],
40 silly audit   'safe-regex-test': [ '1.1.0' ],
40 silly audit   scheduler: [ '0.28.0' ],
40 silly audit   semver: [ '6.3.1' ],
40 silly audit   'serialize-javascript': [ '7.1.1' ],
40 silly audit   'set-cookie-parser': [ '2.7.2' ],
40 silly audit   'set-function-length': [ '1.2.2' ],
40 silly audit   'set-function-name': [ '2.0.2' ],
40 silly audit   'set-proto': [ '1.0.0' ],
40 silly audit   'shebang-command': [ '2.0.0' ],
40 silly audit   'shebang-regex': [ '3.0.0' ],
40 silly audit   'side-channel': [ '1.1.1' ],
40 silly audit   'side-channel-list': [ '1.0.1' ],
40 silly audit   'side-channel-map': [ '1.0.1' ],
40 silly audit   'side-channel-weakmap': [ '1.0.2' ],
40 silly audit   'signal-exit': [ '4.1.0' ],
40 silly audit   smob: [ '1.6.2' ],
40 silly audit   'source-map': [ '0.8.0', '0.6.1' ],
40 silly audit   'source-map-js': [ '1.2.1' ],
40 silly audit   'source-map-support': [ '0.5.21' ],
40 silly audit   'stop-iteration-iterator': [ '1.1.0' ],
40 silly audit   'string-width': [ '4.2.3' ],
40 silly audit   'string.prototype.matchall': [ '4.1.0' ],
40 silly audit   'string.prototype.trim': [ '1.2.11' ],
40 silly audit   'string.prototype.trimend': [ '1.0.10' ],
40 silly audit   'string.prototype.trimstart': [ '1.0.8' ],
40 silly audit   'stringify-object': [ '3.3.0' ],
40 silly audit   'strip-ansi': [ '6.0.1' ],
40 silly audit   'strip-comments': [ '2.0.1' ],
40 silly audit   'supports-preserve-symlinks-flag': [ '1.0.0' ],
40 silly audit   tailwindcss: [ '4.3.3' ],
40 silly audit   tapable: [ '2.3.3' ],
40 silly audit   'temp-dir': [ '2.0.0' ],
40 silly audit   tempy: [ '0.6.0' ],
40 silly audit   terser: [ '5.51.2' ],
40 silly audit   'tiny-invariant': [ '1.3.3' ],
40 silly audit   tinyglobby: [ '0.2.17' ],
40 silly audit   tslib: [ '2.8.1' ],
40 silly audit   'type-fest': [ '0.16.0' ],
40 silly audit   'typed-array-buffer': [ '1.0.3' ],
40 silly audit   'typed-array-byte-length': [ '1.0.3' ],
40 silly audit   'typed-array-byte-offset': [ '1.0.5' ],
40 silly audit   'typed-array-length': [ '1.0.8' ],
40 silly audit   'unbox-primitive': [ '1.1.0' ],
40 silly audit   'undici-types': [ '8.9.0' ],
40 silly audit   'unicode-canonical-property-names-ecmascript': [ '2.0.1' ],
40 silly audit   'unicode-match-property-ecmascript': [ '2.0.0' ],
40 silly audit   'unicode-match-property-value-ecmascript': [ '2.2.1' ],
40 silly audit   'unicode-property-aliases-ecmascript': [ '2.2.0' ],
40 silly audit   'unique-string': [ '2.0.0' ],
40 silly audit   universalify: [ '2.0.1' ],
40 silly audit   upath: [ '1.2.0' ],
40 silly audit   'update-browserslist-db': [ '1.3.3' ],
40 silly audit   'use-sync-external-store': [ '1.7.0' ],
40 silly audit   'victory-vendor': [ '37.3.6' ],
40 silly audit   vite: [ '8.3.0' ],
40 silly audit   'vite-plugin-pwa': [ '1.3.0' ],
40 silly audit   'web-vitals': [ '4.2.4' ],
40 silly audit   'websocket-driver': [ '0.7.5' ],
40 silly audit   'websocket-extensions': [ '0.1.4' ],
40 silly audit   which: [ '2.0.2' ],
40 silly audit   'which-boxed-primitive': [ '1.1.1' ],
40 silly audit   'which-builtin-type': [ '1.2.1' ],
40 silly audit   'which-collection': [ '1.0.2' ],
40 silly audit   'which-typed-array': [ '1.1.24' ],
40 silly audit   'workbox-background-sync': [ '7.4.1' ],
40 silly audit   'workbox-broadcast-update': [ '7.4.1' ],
40 silly audit   'workbox-build': [ '7.4.1' ],
40 silly audit   'workbox-cacheable-response': [ '7.4.1' ],
40 silly audit   'workbox-core': [ '7.4.1' ],
40 silly audit   'workbox-expiration': [ '7.4.1' ],
40 silly audit   'workbox-google-analytics': [ '7.4.1' ],
40 silly audit   'workbox-navigation-preload': [ '7.4.1' ],
40 silly audit   'workbox-precaching': [ '7.4.1' ],
40 silly audit   'workbox-range-requests': [ '7.4.1' ],
40 silly audit   'workbox-recipes': [ '7.4.1' ],
40 silly audit   'workbox-routing': [ '7.4.1' ],
40 silly audit   'workbox-strategies': [ '7.4.1' ],
40 silly audit   'workbox-streams': [ '7.4.1' ],
40 silly audit   'workbox-sw': [ '7.4.1' ],
40 silly audit   'workbox-window': [ '7.4.1' ],
40 silly audit   'wrap-ansi': [ '7.0.0' ],
40 silly audit   y18n: [ '5.0.8' ],
40 silly audit   yallist: [ '3.1.1' ],
40 silly audit   yargs: [ '17.7.3' ],
40 silly audit   'yargs-parser': [ '21.1.1' ],
40 silly audit   zustand: [ '5.0.15' ],
40 silly audit   '@capacitor/dialog': [ '8.0.1' ],
40 silly audit   '@capacitor/geolocation': [ '8.2.2' ],
40 silly audit   '@capacitor/local-notifications': [ '8.3.1' ],
40 silly audit   '@capacitor/synapse': [ '1.0.4' ]
40 silly audit }
41 http cache @capacitor/local-notifications@https://registry.npmjs.org/@capacitor/local-notifications/-/local-notifications-8.3.1.tgz 0ms (cache hit)
42 http cache @capacitor/synapse@https://registry.npmjs.org/@capacitor/synapse/-/synapse-1.0.4.tgz 0ms (cache hit)
43 silly tarball no local data for @capacitor/local-notifications@https://registry.npmjs.org/@capacitor/local-notifications/-/local-notifications-8.3.1.tgz. Extracting by manifest.
44 http cache @capacitor/geolocation@https://registry.npmjs.org/@capacitor/geolocation/-/geolocation-8.2.2.tgz 0ms (cache hit)
45 http cache @capacitor/dialog@https://registry.npmjs.org/@capacitor/dialog/-/dialog-8.0.1.tgz 0ms (cache hit)
46 silly tarball no local data for @capacitor/synapse@https://registry.npmjs.org/@capacitor/synapse/-/synapse-1.0.4.tgz. Extracting by manifest.
47 silly tarball no local data for @capacitor/geolocation@https://registry.npmjs.org/@capacitor/geolocation/-/geolocation-8.2.2.tgz. Extracting by manifest.
48 silly tarball no local data for @capacitor/dialog@https://registry.npmjs.org/@capacitor/dialog/-/dialog-8.0.1.tgz. Extracting by manifest.
49 http fetch POST 200 https://registry.npmjs.org/-/npm/v1/security/advisories/bulk 526ms
50 silly audit report {}
51 http fetch GET 200 https://registry.npmjs.org/@capacitor/dialog/-/dialog-8.0.1.tgz 806ms (cache miss)
52 http fetch GET 200 https://registry.npmjs.org/@capacitor/synapse/-/synapse-1.0.4.tgz 858ms (cache miss)
53 http fetch GET 200 https://registry.npmjs.org/@capacitor/local-notifications/-/local-notifications-8.3.1.tgz 909ms (cache miss)
54 http fetch GET 200 https://registry.npmjs.org/@capacitor/geolocation/-/geolocation-8.2.2.tgz 963ms (cache miss)
55 silly ADD node_modules/@capacitor/synapse
56 silly ADD node_modules/@capacitor/local-notifications
57 silly ADD node_modules/@capacitor/geolocation
58 silly ADD node_modules/@capacitor/dialog
59 verbose cwd D:\DayMeet-OS-main\daymeet-v2
60 verbose os Windows_NT 10.0.26200
61 verbose node v20.19.4
62 verbose npm  v11.14.1
63 verbose exit 0
64 info ok
