0 verbose cli F:\Node js\node.exe C:\Users\prane\AppData\Roaming\npm\node_modules\npm\bin\npm-cli.js
1 info using npm@11.14.1
2 info using node@v20.19.4
3 silly config load:file:C:\Users\prane\AppData\Roaming\npm\node_modules\npm\npmrc
4 silly config load:file:D:\DayMeet-OS-main\.npmrc
5 silly config load:file:C:\Users\prane\.npmrc
6 silly config load:file:C:\Users\prane\AppData\Roaming\npm\etc\npmrc
7 verbose title npm install @capacitor/cli
8 verbose argv "install" "@capacitor/cli" "--save-dev" "--cache" ".npm-cache"
9 verbose logfile logs-max:10 dir:D:\DayMeet-OS-main\.npm-cache\_logs\2026-09-20T07_51_39_044Z-
10 verbose logfile D:\DayMeet-OS-main\.npm-cache\_logs\2026-09-20T07_51_39_044Z-debug-0.log
11 silly logfile done cleaning log files
12 silly packumentCache heap:2197815296 maxSize:549453824 maxEntrySize:274726912
13 silly idealTree buildDeps
14 silly fetch manifest @capacitor/cli@*
15 silly packumentCache full:https://registry.npmjs.org/@capacitor%2fcli cache-miss
16 http fetch GET 200 https://registry.npmjs.org/@capacitor%2fcli 971ms (cache miss)
17 silly packumentCache full:https://registry.npmjs.org/@capacitor%2fcli set size:undefined disposed:false
18 silly placeDep ROOT @capacitor/cli@7.6.9 OK for: daymeet-super-app@1.0.0 want: *
19 silly fetch manifest tar@^7.5.3
20 silly packumentCache full:https://registry.npmjs.org/tar cache-miss
21 silly fetch manifest open@^8.4.0
22 silly packumentCache full:https://registry.npmjs.org/open cache-miss
23 silly fetch manifest debug@^4.4.0
24 silly packumentCache full:https://registry.npmjs.org/debug cache-miss
25 silly fetch manifest kleur@^4.1.5
26 silly packumentCache full:https://registry.npmjs.org/kleur cache-miss
27 silly fetch manifest plist@^3.1.0
28 silly packumentCache full:https://registry.npmjs.org/plist cache-miss
29 silly fetch manifest rimraf@^6.0.1
30 silly packumentCache full:https://registry.npmjs.org/rimraf cache-miss
31 silly fetch manifest semver@^7.6.3
32 silly packumentCache full:https://registry.npmjs.org/semver cache-miss
33 silly fetch manifest xml2js@^0.6.2
34 silly packumentCache full:https://registry.npmjs.org/xml2js cache-miss
35 silly fetch manifest prompts@^2.4.2
36 silly packumentCache full:https://registry.npmjs.org/prompts cache-miss
37 silly fetch manifest fs-extra@^11.2.0
38 silly packumentCache full:https://registry.npmjs.org/fs-extra cache-miss
39 silly fetch manifest commander@^12.1.0
40 silly packumentCache full:https://registry.npmjs.org/commander cache-miss
41 silly fetch manifest env-paths@^2.2.0
42 silly packumentCache full:https://registry.npmjs.org/env-paths cache-miss
43 silly fetch manifest native-run@^2.0.3
44 silly packumentCache full:https://registry.npmjs.org/native-run cache-miss
45 silly fetch manifest @ionic/utils-terminal@^2.3.5
46 silly packumentCache full:https://registry.npmjs.org/@ionic%2futils-terminal cache-miss
47 silly fetch manifest @ionic/utils-subprocess@^3.0.1
48 silly packumentCache full:https://registry.npmjs.org/@ionic%2futils-subprocess cache-miss
49 http fetch GET 200 https://registry.npmjs.org/kleur 315ms (cache miss)
50 silly packumentCache full:https://registry.npmjs.org/kleur set size:undefined disposed:false
51 silly fetch manifest @ionic/cli-framework-output@^2.2.8
52 silly packumentCache full:https://registry.npmjs.org/@ionic%2fcli-framework-output cache-miss
53 http fetch GET 200 https://registry.npmjs.org/rimraf 333ms (cache miss)
54 silly packumentCache full:https://registry.npmjs.org/rimraf set size:undefined disposed:false
55 http fetch GET 200 https://registry.npmjs.org/xml2js 381ms (cache miss)
56 silly packumentCache full:https://registry.npmjs.org/xml2js set size:undefined disposed:false
57 http fetch GET 200 https://registry.npmjs.org/open 404ms (cache miss)
58 silly packumentCache full:https://registry.npmjs.org/open set size:undefined disposed:false
59 http fetch GET 200 https://registry.npmjs.org/plist 408ms (cache miss)
60 silly packumentCache full:https://registry.npmjs.org/plist set size:undefined disposed:false
61 http fetch GET 200 https://registry.npmjs.org/debug 414ms (cache miss)
62 silly packumentCache full:https://registry.npmjs.org/debug set size:undefined disposed:false
63 http fetch GET 200 https://registry.npmjs.org/prompts 466ms (cache miss)
64 silly packumentCache full:https://registry.npmjs.org/prompts set size:undefined disposed:false
65 http fetch GET 200 https://registry.npmjs.org/env-paths 473ms (cache miss)
66 silly packumentCache full:https://registry.npmjs.org/env-paths set size:undefined disposed:false
67 http fetch GET 200 https://registry.npmjs.org/@ionic%2futils-terminal 475ms (cache miss)
68 silly packumentCache full:https://registry.npmjs.org/@ionic%2futils-terminal set size:undefined disposed:false
69 http fetch GET 200 https://registry.npmjs.org/semver 492ms (cache miss)
70 silly packumentCache full:https://registry.npmjs.org/semver set size:undefined disposed:false
71 http fetch GET 200 https://registry.npmjs.org/fs-extra 512ms (cache miss)
72 silly packumentCache full:https://registry.npmjs.org/fs-extra set size:undefined disposed:false
73 http fetch GET 200 https://registry.npmjs.org/tar 530ms (cache miss)
74 silly packumentCache full:https://registry.npmjs.org/tar set size:undefined disposed:false
75 http fetch GET 200 https://registry.npmjs.org/native-run 535ms (cache miss)
76 silly packumentCache full:https://registry.npmjs.org/native-run set size:undefined disposed:false
77 http fetch GET 200 https://registry.npmjs.org/@ionic%2futils-subprocess 540ms (cache miss)
78 silly packumentCache full:https://registry.npmjs.org/@ionic%2futils-subprocess set size:undefined disposed:false
79 http fetch GET 200 https://registry.npmjs.org/commander 549ms (cache miss)
80 silly packumentCache full:https://registry.npmjs.org/commander set size:undefined disposed:false
81 http fetch GET 200 https://registry.npmjs.org/@ionic%2fcli-framework-output 560ms (cache miss)
82 silly packumentCache full:https://registry.npmjs.org/@ionic%2fcli-framework-output set size:undefined disposed:false
83 silly placeDep ROOT @ionic/cli-framework-output@2.2.8 OK for: @capacitor/cli@7.6.9 want: ^2.2.8
84 silly placeDep ROOT @ionic/utils-subprocess@3.0.1 OK for: @capacitor/cli@7.6.9 want: ^3.0.1
85 silly placeDep ROOT @ionic/utils-terminal@2.3.5 OK for: @capacitor/cli@7.6.9 want: ^2.3.5
86 silly placeDep ROOT commander@12.1.0 OK for: @capacitor/cli@7.6.9 want: ^12.1.0
87 silly placeDep ROOT debug@4.4.3 OK for: @capacitor/cli@7.6.9 want: ^4.4.0
88 silly placeDep ROOT env-paths@2.2.1 OK for: @capacitor/cli@7.6.9 want: ^2.2.0
89 silly placeDep ROOT fs-extra@11.4.0 OK for: @capacitor/cli@7.6.9 want: ^11.2.0
90 silly placeDep ROOT kleur@4.1.5 OK for: @capacitor/cli@7.6.9 want: ^4.1.5
91 silly placeDep ROOT native-run@2.0.3 OK for: @capacitor/cli@7.6.9 want: ^2.0.3
92 silly placeDep ROOT open@8.4.2 OK for: @capacitor/cli@7.6.9 want: ^8.4.0
93 silly placeDep ROOT plist@3.1.1 OK for: @capacitor/cli@7.6.9 want: ^3.1.0
94 silly placeDep ROOT prompts@2.4.2 OK for: @capacitor/cli@7.6.9 want: ^2.4.2
95 silly placeDep ROOT rimraf@6.1.3 OK for: @capacitor/cli@7.6.9 want: ^6.0.1
96 silly placeDep ROOT semver@7.8.5 OK for: @capacitor/cli@7.6.9 want: ^7.6.3
97 silly placeDep ROOT tar@7.5.22 OK for: @capacitor/cli@7.6.9 want: ^7.5.3
98 silly placeDep ROOT xml2js@0.6.2 OK for: @capacitor/cli@7.6.9 want: ^0.6.2
99 silly fetch manifest @ionic/utils-terminal@2.3.5
100 silly packumentCache full:https://registry.npmjs.org/@ionic%2futils-terminal cache-miss
101 silly fetch manifest debug@^4.0.0
102 silly packumentCache full:https://registry.npmjs.org/debug cache-miss
103 silly fetch manifest @ionic/utils-array@2.1.6
104 silly packumentCache full:https://registry.npmjs.org/@ionic%2futils-array cache-miss
105 silly fetch manifest @ionic/utils-fs@3.1.7
106 silly packumentCache full:https://registry.npmjs.org/@ionic%2futils-fs cache-miss
107 silly fetch manifest @ionic/utils-process@2.1.12
108 silly packumentCache full:https://registry.npmjs.org/@ionic%2futils-process cache-miss
109 silly fetch manifest @ionic/utils-stream@3.1.7
110 silly packumentCache full:https://registry.npmjs.org/@ionic%2futils-stream cache-miss
111 silly fetch manifest @ionic/utils-terminal@2.3.5
112 silly packumentCache full:https://registry.npmjs.org/@ionic%2futils-terminal cache-miss
113 silly fetch manifest cross-spawn@^7.0.3
114 silly packumentCache full:https://registry.npmjs.org/cross-spawn cache-miss
115 silly fetch manifest debug@^4.0.0
116 silly packumentCache full:https://registry.npmjs.org/debug cache-miss
117 silly fetch manifest @types/slice-ansi@^4.0.0
118 silly packumentCache full:https://registry.npmjs.org/@types%2fslice-ansi cache-miss
119 silly fetch manifest debug@^4.0.0
120 silly packumentCache full:https://registry.npmjs.org/debug cache-miss
121 silly fetch manifest signal-exit@^3.0.3
122 silly packumentCache full:https://registry.npmjs.org/signal-exit cache-miss
123 silly fetch manifest slice-ansi@^4.0.0
124 silly packumentCache full:https://registry.npmjs.org/slice-ansi cache-miss
125 silly fetch manifest string-width@^4.1.0
126 silly packumentCache full:https://registry.npmjs.org/string-width cache-miss
127 silly fetch manifest strip-ansi@^6.0.0
128 silly packumentCache full:https://registry.npmjs.org/strip-ansi cache-miss
129 http cache https://registry.npmjs.org/@ionic%2futils-terminal 74ms (cache hit)
130 silly packumentCache full:https://registry.npmjs.org/@ionic%2futils-terminal set size:118057 disposed:false
131 silly fetch manifest untildify@^4.0.0
132 silly packumentCache full:https://registry.npmjs.org/untildify cache-miss
133 http cache https://registry.npmjs.org/debug 63ms (cache hit)
134 silly packumentCache full:https://registry.npmjs.org/debug set size:195840 disposed:false
135 silly fetch manifest wrap-ansi@^7.0.0
136 silly packumentCache full:https://registry.npmjs.org/wrap-ansi cache-miss
137 http cache https://registry.npmjs.org/@ionic%2futils-terminal 77ms (cache hit)
138 silly packumentCache full:https://registry.npmjs.org/@ionic%2futils-terminal set size:118057 disposed:false
139 silly packumentCache full:https://registry.npmjs.org/@ionic%2futils-terminal dispose
140 silly fetch manifest ms@^2.1.3
141 silly packumentCache full:https://registry.npmjs.org/ms cache-miss
142 http cache https://registry.npmjs.org/debug 83ms (cache hit)
143 silly packumentCache full:https://registry.npmjs.org/debug set size:195840 disposed:false
144 silly packumentCache full:https://registry.npmjs.org/debug dispose
145 silly fetch manifest graceful-fs@^4.2.0
146 silly packumentCache full:https://registry.npmjs.org/graceful-fs cache-miss
147 http cache https://registry.npmjs.org/debug 111ms (cache hit)
148 silly packumentCache full:https://registry.npmjs.org/debug set size:195840 disposed:true
149 silly packumentCache full:https://registry.npmjs.org/debug dispose
150 silly fetch manifest jsonfile@^6.0.1
151 silly packumentCache full:https://registry.npmjs.org/jsonfile cache-miss
152 http fetch GET 200 https://registry.npmjs.org/slice-ansi 203ms (cache miss)
153 silly packumentCache full:https://registry.npmjs.org/slice-ansi set size:undefined disposed:false
154 silly fetch manifest universalify@^2.0.0
155 silly packumentCache full:https://registry.npmjs.org/universalify cache-miss
156 http fetch GET 200 https://registry.npmjs.org/@types%2fslice-ansi 223ms (cache miss)
157 silly packumentCache full:https://registry.npmjs.org/@types%2fslice-ansi set size:undefined disposed:false
158 silly fetch manifest @ionic/utils-fs@^3.1.7
159 silly packumentCache full:https://registry.npmjs.org/@ionic%2futils-fs cache-miss
160 http fetch GET 200 https://registry.npmjs.org/untildify 182ms (cache miss)
161 silly packumentCache full:https://registry.npmjs.org/untildify set size:undefined disposed:false
162 silly fetch manifest bplist-parser@^0.3.2
163 silly packumentCache full:https://registry.npmjs.org/bplist-parser cache-miss
164 http fetch GET 200 https://registry.npmjs.org/strip-ansi 244ms (cache miss)
165 silly packumentCache full:https://registry.npmjs.org/strip-ansi set size:undefined disposed:false
166 silly fetch manifest elementtree@^0.1.7
167 silly packumentCache full:https://registry.npmjs.org/elementtree cache-miss
168 http fetch GET 200 https://registry.npmjs.org/signal-exit 271ms (cache miss)
169 silly packumentCache full:https://registry.npmjs.org/signal-exit set size:undefined disposed:false
170 silly fetch manifest ini@^4.1.1
171 silly packumentCache full:https://registry.npmjs.org/ini cache-miss
172 http fetch GET 200 https://registry.npmjs.org/@ionic%2futils-array 299ms (cache miss)
173 silly packumentCache full:https://registry.npmjs.org/@ionic%2futils-array set size:undefined disposed:false
174 silly fetch manifest split2@^4.2.0
175 silly packumentCache full:https://registry.npmjs.org/split2 cache-miss
176 http fetch GET 200 https://registry.npmjs.org/cross-spawn 292ms (cache miss)
177 silly packumentCache full:https://registry.npmjs.org/cross-spawn set size:undefined disposed:false
178 silly fetch manifest through2@^4.0.2
179 silly packumentCache full:https://registry.npmjs.org/through2 cache-miss
180 http fetch GET 200 https://registry.npmjs.org/wrap-ansi 235ms (cache miss)
181 silly packumentCache full:https://registry.npmjs.org/wrap-ansi set size:undefined disposed:false
182 silly fetch manifest yauzl@^2.10.0
183 silly packumentCache full:https://registry.npmjs.org/yauzl cache-miss
184 http fetch GET 200 https://registry.npmjs.org/graceful-fs 219ms (cache miss)
185 silly packumentCache full:https://registry.npmjs.org/graceful-fs set size:undefined disposed:false
186 silly fetch manifest is-wsl@^2.2.0
187 silly packumentCache full:https://registry.npmjs.org/is-wsl cache-miss
188 http fetch GET 200 https://registry.npmjs.org/string-width 310ms (cache miss)
189 silly packumentCache full:https://registry.npmjs.org/string-width set size:undefined disposed:false
190 silly fetch manifest is-docker@^2.1.1
191 silly packumentCache full:https://registry.npmjs.org/is-docker cache-miss
192 http fetch GET 200 https://registry.npmjs.org/jsonfile 222ms (cache miss)
193 silly packumentCache full:https://registry.npmjs.org/jsonfile set size:undefined disposed:false
194 silly fetch manifest define-lazy-prop@^2.0.0
195 silly packumentCache full:https://registry.npmjs.org/define-lazy-prop cache-miss
196 http fetch GET 200 https://registry.npmjs.org/ms 264ms (cache miss)
197 silly packumentCache full:https://registry.npmjs.org/ms set size:undefined disposed:false
198 silly fetch manifest base64-js@^1.5.1
199 silly packumentCache full:https://registry.npmjs.org/base64-js cache-miss
200 http fetch GET 200 https://registry.npmjs.org/@ionic%2futils-process 359ms (cache miss)
201 silly packumentCache full:https://registry.npmjs.org/@ionic%2futils-process set size:undefined disposed:false
202 silly fetch manifest xmlbuilder@^15.1.1
203 silly packumentCache full:https://registry.npmjs.org/xmlbuilder cache-miss
204 http fetch GET 200 https://registry.npmjs.org/@ionic%2futils-stream 363ms (cache miss)
205 silly packumentCache full:https://registry.npmjs.org/@ionic%2futils-stream set size:undefined disposed:false
206 silly fetch manifest @xmldom/xmldom@^0.9.10
207 silly packumentCache full:https://registry.npmjs.org/@xmldom%2fxmldom cache-miss
208 http fetch GET 200 https://registry.npmjs.org/@ionic%2futils-fs 375ms (cache miss)
209 silly packumentCache full:https://registry.npmjs.org/@ionic%2futils-fs set size:undefined disposed:false
210 silly fetch manifest kleur@^3.0.3
211 silly packumentCache full:https://registry.npmjs.org/kleur cache-miss
212 http fetch GET 200 https://registry.npmjs.org/universalify 179ms (cache miss)
213 silly packumentCache full:https://registry.npmjs.org/universalify set size:undefined disposed:false
214 silly fetch manifest sisteransi@^1.0.5
215 silly packumentCache full:https://registry.npmjs.org/sisteransi cache-miss
216 http fetch GET 200 https://registry.npmjs.org/bplist-parser 152ms (cache miss)
217 silly packumentCache full:https://registry.npmjs.org/bplist-parser set size:undefined disposed:false
218 silly fetch manifest glob@^13.0.3
219 silly packumentCache full:https://registry.npmjs.org/glob cache-miss
220 http fetch GET 200 https://registry.npmjs.org/elementtree 149ms (cache miss)
221 silly packumentCache full:https://registry.npmjs.org/elementtree set size:undefined disposed:false
222 silly fetch manifest package-json-from-dist@^1.0.1
223 silly packumentCache full:https://registry.npmjs.org/package-json-from-dist cache-miss
224 http cache https://registry.npmjs.org/kleur 49ms (cache hit)
225 silly packumentCache full:https://registry.npmjs.org/kleur set size:61853 disposed:false
226 silly fetch manifest chownr@^3.0.0
227 silly packumentCache full:https://registry.npmjs.org/chownr cache-miss
228 http fetch GET 200 https://registry.npmjs.org/split2 150ms (cache miss)
229 silly packumentCache full:https://registry.npmjs.org/split2 set size:undefined disposed:false
230 silly fetch manifest yallist@^5.0.0
231 silly packumentCache full:https://registry.npmjs.org/yallist cache-miss
232 http fetch GET 200 https://registry.npmjs.org/@ionic%2futils-fs 213ms (cache miss)
233 silly packumentCache full:https://registry.npmjs.org/@ionic%2futils-fs set size:undefined disposed:false
234 silly fetch manifest minipass@^7.1.2
235 silly packumentCache full:https://registry.npmjs.org/minipass cache-miss
236 http fetch GET 200 https://registry.npmjs.org/ini 181ms (cache miss)
237 silly packumentCache full:https://registry.npmjs.org/ini set size:undefined disposed:false
238 silly fetch manifest minizlib@^3.1.0
239 silly packumentCache full:https://registry.npmjs.org/minizlib cache-miss
240 http fetch GET 200 https://registry.npmjs.org/through2 206ms (cache miss)
241 silly packumentCache full:https://registry.npmjs.org/through2 set size:undefined disposed:false
242 silly fetch manifest @isaacs/fs-minipass@^4.0.0
243 silly packumentCache full:https://registry.npmjs.org/@isaacs%2ffs-minipass cache-miss
244 http fetch GET 200 https://registry.npmjs.org/is-docker 187ms (cache miss)
245 silly packumentCache full:https://registry.npmjs.org/is-docker set size:undefined disposed:false
246 silly fetch manifest sax@>=0.6.0
247 silly packumentCache full:https://registry.npmjs.org/sax cache-miss
248 http fetch GET 200 https://registry.npmjs.org/define-lazy-prop 196ms (cache miss)
249 silly packumentCache full:https://registry.npmjs.org/define-lazy-prop set size:undefined disposed:false
250 silly fetch manifest xmlbuilder@~11.0.0
251 silly packumentCache full:https://registry.npmjs.org/xmlbuilder cache-miss
252 http fetch GET 200 https://registry.npmjs.org/is-wsl 211ms (cache miss)
253 silly packumentCache full:https://registry.npmjs.org/is-wsl set size:undefined disposed:false
254 http fetch GET 200 https://registry.npmjs.org/base64-js 192ms (cache miss)
255 silly packumentCache full:https://registry.npmjs.org/base64-js set size:undefined disposed:false
256 http fetch GET 200 https://registry.npmjs.org/sisteransi 155ms (cache miss)
257 silly packumentCache full:https://registry.npmjs.org/sisteransi set size:undefined disposed:false
258 http fetch GET 200 https://registry.npmjs.org/yauzl 250ms (cache miss)
259 silly packumentCache full:https://registry.npmjs.org/yauzl set size:undefined disposed:false
260 http fetch GET 200 https://registry.npmjs.org/@xmldom%2fxmldom 207ms (cache miss)
261 silly packumentCache full:https://registry.npmjs.org/@xmldom%2fxmldom set size:undefined disposed:false
262 http fetch GET 200 https://registry.npmjs.org/xmlbuilder 219ms (cache miss)
263 silly packumentCache full:https://registry.npmjs.org/xmlbuilder set size:undefined disposed:false
264 http fetch GET 200 https://registry.npmjs.org/package-json-from-dist 167ms (cache miss)
265 silly packumentCache full:https://registry.npmjs.org/package-json-from-dist set size:undefined disposed:false
266 http fetch GET 200 https://registry.npmjs.org/chownr 164ms (cache miss)
267 silly packumentCache full:https://registry.npmjs.org/chownr set size:undefined disposed:false
268 http fetch GET 200 https://registry.npmjs.org/minizlib 123ms (cache miss)
269 silly packumentCache full:https://registry.npmjs.org/minizlib set size:undefined disposed:false
270 http fetch GET 200 https://registry.npmjs.org/yallist 149ms (cache miss)
271 silly packumentCache full:https://registry.npmjs.org/yallist set size:undefined disposed:false
272 http fetch GET 200 https://registry.npmjs.org/minipass 154ms (cache miss)
273 silly packumentCache full:https://registry.npmjs.org/minipass set size:undefined disposed:false
274 http fetch GET 200 https://registry.npmjs.org/glob 213ms (cache miss)
275 silly packumentCache full:https://registry.npmjs.org/glob set size:undefined disposed:false
276 http fetch GET 200 https://registry.npmjs.org/@isaacs%2ffs-minipass 121ms (cache miss)
277 silly packumentCache full:https://registry.npmjs.org/@isaacs%2ffs-minipass set size:undefined disposed:false
278 http fetch GET 200 https://registry.npmjs.org/sax 121ms (cache miss)
279 silly packumentCache full:https://registry.npmjs.org/sax set size:undefined disposed:false
280 http fetch GET 200 https://registry.npmjs.org/xmlbuilder 159ms (cache miss)
281 silly packumentCache full:https://registry.npmjs.org/xmlbuilder set size:undefined disposed:false
282 silly placeDep ROOT @ionic/utils-array@2.1.6 OK for: @ionic/utils-subprocess@3.0.1 want: 2.1.6
283 silly placeDep ROOT @ionic/utils-fs@3.1.7 OK for: @ionic/utils-subprocess@3.0.1 want: 3.1.7
284 silly placeDep ROOT @ionic/utils-process@2.1.12 OK for: @ionic/utils-subprocess@3.0.1 want: 2.1.12
285 silly placeDep ROOT @ionic/utils-stream@3.1.7 OK for: @ionic/utils-subprocess@3.0.1 want: 3.1.7
286 silly placeDep ROOT cross-spawn@7.0.6 OK for: @ionic/utils-subprocess@3.0.1 want: ^7.0.3
287 silly fetch manifest @types/fs-extra@^8.0.0
288 silly packumentCache full:https://registry.npmjs.org/@types%2ffs-extra cache-miss
289 silly fetch manifest fs-extra@^9.0.0
290 silly packumentCache full:https://registry.npmjs.org/fs-extra cache-miss
291 silly fetch manifest @ionic/utils-object@2.1.6
292 silly packumentCache full:https://registry.npmjs.org/@ionic%2futils-object cache-miss
293 silly fetch manifest tree-kill@^1.2.2
294 silly packumentCache full:https://registry.npmjs.org/tree-kill cache-miss
295 silly fetch manifest which@^2.0.1
296 silly packumentCache full:https://registry.npmjs.org/which cache-miss
297 silly fetch manifest path-key@^3.1.0
298 silly packumentCache full:https://registry.npmjs.org/path-key cache-miss
299 silly fetch manifest shebang-command@^2.0.0
300 silly packumentCache full:https://registry.npmjs.org/shebang-command cache-miss
301 http cache https://registry.npmjs.org/fs-extra 30ms (cache hit)
302 silly packumentCache full:https://registry.npmjs.org/fs-extra set size:239581 disposed:false
303 http fetch GET 200 https://registry.npmjs.org/shebang-command 275ms (cache miss)
304 silly packumentCache full:https://registry.npmjs.org/shebang-command set size:undefined disposed:false
305 http fetch GET 200 https://registry.npmjs.org/tree-kill 296ms (cache miss)
306 silly packumentCache full:https://registry.npmjs.org/tree-kill set size:undefined disposed:false
307 http fetch GET 200 https://registry.npmjs.org/which 306ms (cache miss)
308 silly packumentCache full:https://registry.npmjs.org/which set size:undefined disposed:false
309 http fetch GET 200 https://registry.npmjs.org/path-key 317ms (cache miss)
310 silly packumentCache full:https://registry.npmjs.org/path-key set size:undefined disposed:false
311 http fetch GET 200 https://registry.npmjs.org/@types%2ffs-extra 338ms (cache miss)
312 silly packumentCache full:https://registry.npmjs.org/@types%2ffs-extra set size:undefined disposed:false
313 http fetch GET 200 https://registry.npmjs.org/@ionic%2futils-object 349ms (cache miss)
314 silly packumentCache full:https://registry.npmjs.org/@ionic%2futils-object set size:undefined disposed:false
315 silly placeDep ROOT @types/fs-extra@8.1.5 OK for: @ionic/utils-fs@3.1.7 want: ^8.0.0
316 silly placeDep node_modules/@ionic/utils-fs fs-extra@9.1.0 OK for: @ionic/utils-fs@3.1.7 want: ^9.0.0
317 silly fetch manifest @types/node@*
318 silly packumentCache full:https://registry.npmjs.org/@types%2fnode cache-miss
319 silly fetch manifest at-least-node@^1.0.0
320 silly packumentCache full:https://registry.npmjs.org/at-least-node cache-miss
321 http fetch GET 200 https://registry.npmjs.org/at-least-node 93ms (cache miss)
322 silly packumentCache full:https://registry.npmjs.org/at-least-node set size:undefined disposed:false
323 http fetch GET 200 https://registry.npmjs.org/@types%2fnode 807ms (cache miss)
324 silly packumentCache full:https://registry.npmjs.org/@types%2fnode set size:undefined disposed:false
325 silly placeDep ROOT @ionic/utils-object@2.1.6 OK for: @ionic/utils-process@2.1.12 want: 2.1.6
326 silly placeDep ROOT signal-exit@3.0.7 OK for: @ionic/utils-process@2.1.12 want: ^3.0.3
327 silly placeDep ROOT tree-kill@1.2.2 OK for: @ionic/utils-process@2.1.12 want: ^1.2.2
328 silly placeDep ROOT @types/slice-ansi@4.0.0 OK for: @ionic/utils-terminal@2.3.5 want: ^4.0.0
329 silly placeDep ROOT slice-ansi@4.0.0 OK for: @ionic/utils-terminal@2.3.5 want: ^4.0.0
330 silly placeDep ROOT string-width@4.2.3 OK for: @ionic/utils-terminal@2.3.5 want: ^4.1.0
331 silly placeDep ROOT strip-ansi@6.0.1 OK for: @ionic/utils-terminal@2.3.5 want: ^6.0.0
332 silly placeDep ROOT untildify@4.0.0 OK for: @ionic/utils-terminal@2.3.5 want: ^4.0.0
333 silly placeDep ROOT wrap-ansi@7.0.0 OK for: @ionic/utils-terminal@2.3.5 want: ^7.0.0
334 silly fetch manifest ansi-styles@^4.0.0
335 silly packumentCache full:https://registry.npmjs.org/ansi-styles cache-miss
336 silly fetch manifest astral-regex@^2.0.0
337 silly packumentCache full:https://registry.npmjs.org/astral-regex cache-miss
338 silly fetch manifest is-fullwidth-code-point@^3.0.0
339 silly packumentCache full:https://registry.npmjs.org/is-fullwidth-code-point cache-miss
340 silly fetch manifest strip-ansi@^6.0.1
341 silly packumentCache full:https://registry.npmjs.org/strip-ansi cache-miss
342 silly fetch manifest emoji-regex@^8.0.0
343 silly packumentCache full:https://registry.npmjs.org/emoji-regex cache-miss
344 silly fetch manifest is-fullwidth-code-point@^3.0.0
345 silly packumentCache full:https://registry.npmjs.org/is-fullwidth-code-point cache-miss
346 silly fetch manifest ansi-regex@^5.0.1
347 silly packumentCache full:https://registry.npmjs.org/ansi-regex cache-miss
348 silly fetch manifest ansi-styles@^4.0.0
349 silly packumentCache full:https://registry.npmjs.org/ansi-styles cache-miss
350 http cache https://registry.npmjs.org/strip-ansi 34ms (cache hit)
351 silly packumentCache full:https://registry.npmjs.org/strip-ansi set size:44998 disposed:false
352 http fetch GET 200 https://registry.npmjs.org/astral-regex 114ms (cache miss)
353 silly packumentCache full:https://registry.npmjs.org/astral-regex set size:undefined disposed:false
354 http fetch GET 200 https://registry.npmjs.org/is-fullwidth-code-point 116ms (cache miss)
355 silly packumentCache full:https://registry.npmjs.org/is-fullwidth-code-point set size:undefined disposed:false
356 http fetch GET 200 https://registry.npmjs.org/ansi-styles 121ms (cache miss)
357 silly packumentCache full:https://registry.npmjs.org/ansi-styles set size:undefined disposed:false
358 http fetch GET 200 https://registry.npmjs.org/ansi-styles 151ms (cache miss)
359 silly packumentCache full:https://registry.npmjs.org/ansi-styles set size:undefined disposed:false
360 http fetch GET 200 https://registry.npmjs.org/ansi-regex 147ms (cache miss)
361 silly packumentCache full:https://registry.npmjs.org/ansi-regex set size:undefined disposed:false
362 http fetch GET 200 https://registry.npmjs.org/is-fullwidth-code-point 152ms (cache miss)
363 silly packumentCache full:https://registry.npmjs.org/is-fullwidth-code-point set size:undefined disposed:false
364 http fetch GET 200 https://registry.npmjs.org/emoji-regex 154ms (cache miss)
365 silly packumentCache full:https://registry.npmjs.org/emoji-regex set size:undefined disposed:false
366 silly placeDep ROOT @types/node@26.6.2 OK for: @types/fs-extra@8.1.5 want: *
367 silly fetch manifest undici-types@~8.9.0
368 silly packumentCache full:https://registry.npmjs.org/undici-types cache-miss
369 http fetch GET 200 https://registry.npmjs.org/undici-types 97ms (cache miss)
370 silly packumentCache full:https://registry.npmjs.org/undici-types set size:undefined disposed:false
371 silly placeDep ROOT undici-types@8.9.0 OK for: @types/node@26.6.2 want: ~8.9.0
372 silly placeDep ROOT path-key@3.1.1 OK for: cross-spawn@7.0.6 want: ^3.1.0
373 silly placeDep ROOT shebang-command@2.0.0 OK for: cross-spawn@7.0.6 want: ^2.0.0
374 silly placeDep ROOT which@2.0.2 OK for: cross-spawn@7.0.6 want: ^2.0.1
375 silly fetch manifest shebang-regex@^3.0.0
376 silly packumentCache full:https://registry.npmjs.org/shebang-regex cache-miss
377 silly fetch manifest isexe@^2.0.0
378 silly packumentCache full:https://registry.npmjs.org/isexe cache-miss
379 http fetch GET 200 https://registry.npmjs.org/shebang-regex 84ms (cache miss)
380 silly packumentCache full:https://registry.npmjs.org/shebang-regex set size:undefined disposed:false
381 http fetch GET 200 https://registry.npmjs.org/isexe 115ms (cache miss)
382 silly packumentCache full:https://registry.npmjs.org/isexe set size:undefined disposed:false
383 silly placeDep ROOT ms@2.1.3 OK for: debug@4.4.3 want: ^2.1.3
384 silly placeDep ROOT graceful-fs@4.2.11 OK for: fs-extra@11.4.0 want: ^4.2.0
385 silly placeDep ROOT jsonfile@6.2.1 OK for: fs-extra@11.4.0 want: ^6.0.1
386 silly placeDep ROOT universalify@2.0.1 OK for: fs-extra@11.4.0 want: ^2.0.0
387 silly placeDep ROOT bplist-parser@0.3.2 OK for: native-run@2.0.3 want: ^0.3.2
388 silly placeDep ROOT elementtree@0.1.7 OK for: native-run@2.0.3 want: ^0.1.7
389 silly placeDep ROOT ini@4.1.3 OK for: native-run@2.0.3 want: ^4.1.1
390 silly placeDep ROOT split2@4.2.0 OK for: native-run@2.0.3 want: ^4.2.0
391 silly placeDep ROOT through2@4.0.2 OK for: native-run@2.0.3 want: ^4.0.2
392 silly placeDep ROOT yauzl@2.10.0 OK for: native-run@2.0.3 want: ^2.10.0
393 silly fetch manifest big-integer@1.6.x
394 silly packumentCache full:https://registry.npmjs.org/big-integer cache-miss
395 silly fetch manifest sax@1.1.4
396 silly packumentCache full:https://registry.npmjs.org/sax cache-miss
397 silly fetch manifest readable-stream@3
398 silly packumentCache full:https://registry.npmjs.org/readable-stream cache-miss
399 silly fetch manifest fd-slicer@~1.1.0
400 silly packumentCache full:https://registry.npmjs.org/fd-slicer cache-miss
401 silly fetch manifest buffer-crc32@~0.2.3
402 silly packumentCache full:https://registry.npmjs.org/buffer-crc32 cache-miss
403 http cache https://registry.npmjs.org/sax 22ms (cache hit)
404 silly packumentCache full:https://registry.npmjs.org/sax set size:92982 disposed:false
405 http fetch GET 200 https://registry.npmjs.org/buffer-crc32 97ms (cache miss)
406 silly packumentCache full:https://registry.npmjs.org/buffer-crc32 set size:undefined disposed:false
407 http fetch GET 200 https://registry.npmjs.org/fd-slicer 104ms (cache miss)
408 silly packumentCache full:https://registry.npmjs.org/fd-slicer set size:undefined disposed:false
409 http fetch GET 200 https://registry.npmjs.org/big-integer 117ms (cache miss)
410 silly packumentCache full:https://registry.npmjs.org/big-integer set size:undefined disposed:false
411 http fetch GET 200 https://registry.npmjs.org/readable-stream 123ms (cache miss)
412 silly packumentCache full:https://registry.npmjs.org/readable-stream set size:undefined disposed:false
413 silly placeDep ROOT big-integer@1.6.52 OK for: bplist-parser@0.3.2 want: 1.6.x
414 silly placeDep ROOT sax@1.1.4 OK for: elementtree@0.1.7 want: 1.1.4
415 silly placeDep ROOT define-lazy-prop@2.0.0 OK for: open@8.4.2 want: ^2.0.0
416 silly placeDep ROOT is-docker@2.2.1 OK for: open@8.4.2 want: ^2.1.1
417 silly placeDep ROOT is-wsl@2.2.0 OK for: open@8.4.2 want: ^2.2.0
418 silly placeDep ROOT @xmldom/xmldom@0.9.12 OK for: plist@3.1.1 want: ^0.9.10
419 silly placeDep ROOT base64-js@1.5.1 OK for: plist@3.1.1 want: ^1.5.1
420 silly placeDep ROOT xmlbuilder@15.1.1 OK for: plist@3.1.1 want: ^15.1.1
421 silly placeDep node_modules/prompts kleur@3.0.3 OK for: prompts@2.4.2 want: ^3.0.3
422 silly placeDep ROOT sisteransi@1.0.5 OK for: prompts@2.4.2 want: ^1.0.5
423 silly placeDep ROOT glob@13.0.6 OK for: rimraf@6.1.3 want: ^13.0.3
424 silly placeDep ROOT package-json-from-dist@1.0.1 OK for: rimraf@6.1.3 want: ^1.0.1
425 silly fetch manifest minimatch@^10.2.2
426 silly packumentCache full:https://registry.npmjs.org/minimatch cache-miss
427 silly fetch manifest minipass@^7.1.3
428 silly packumentCache full:https://registry.npmjs.org/minipass cache-miss
429 silly fetch manifest path-scurry@^2.0.2
430 silly packumentCache full:https://registry.npmjs.org/path-scurry cache-miss
431 http cache https://registry.npmjs.org/minipass 17ms (cache hit)
432 silly packumentCache full:https://registry.npmjs.org/minipass set size:276925 disposed:false
433 http fetch GET 200 https://registry.npmjs.org/path-scurry 87ms (cache miss)
434 silly packumentCache full:https://registry.npmjs.org/path-scurry set size:undefined disposed:false
435 http fetch GET 200 https://registry.npmjs.org/minimatch 106ms (cache miss)
436 silly packumentCache full:https://registry.npmjs.org/minimatch set size:undefined disposed:false
437 silly placeDep ROOT minimatch@10.2.6 OK for: glob@13.0.6 want: ^10.2.2
438 silly placeDep ROOT minipass@7.1.3 OK for: glob@13.0.6 want: ^7.1.3
439 silly placeDep ROOT path-scurry@2.0.2 OK for: glob@13.0.6 want: ^2.0.2
440 silly fetch manifest brace-expansion@^5.0.8
441 silly packumentCache full:https://registry.npmjs.org/brace-expansion cache-miss
442 silly fetch manifest lru-cache@^11.0.0
443 silly packumentCache full:https://registry.npmjs.org/lru-cache cache-miss
444 http fetch GET 200 https://registry.npmjs.org/brace-expansion 98ms (cache miss)
445 silly packumentCache full:https://registry.npmjs.org/brace-expansion set size:undefined disposed:false
446 http fetch GET 200 https://registry.npmjs.org/lru-cache 170ms (cache miss)
447 silly packumentCache full:https://registry.npmjs.org/lru-cache set size:undefined disposed:false
448 silly placeDep ROOT brace-expansion@5.0.12 OK for: minimatch@10.2.6 want: ^5.0.8
449 silly fetch manifest balanced-match@^4.0.2
450 silly packumentCache full:https://registry.npmjs.org/balanced-match cache-miss
451 http fetch GET 200 https://registry.npmjs.org/balanced-match 76ms (cache miss)
452 silly packumentCache full:https://registry.npmjs.org/balanced-match set size:undefined disposed:false
453 silly placeDep ROOT balanced-match@4.0.4 OK for: brace-expansion@5.0.12 want: ^4.0.2
454 silly placeDep ROOT lru-cache@11.5.3 OK for: path-scurry@2.0.2 want: ^11.0.0
455 silly placeDep ROOT shebang-regex@3.0.0 OK for: shebang-command@2.0.0 want: ^3.0.0
456 silly placeDep ROOT ansi-styles@4.3.0 OK for: slice-ansi@4.0.0 want: ^4.0.0
457 silly placeDep ROOT astral-regex@2.0.0 OK for: slice-ansi@4.0.0 want: ^2.0.0
458 silly placeDep ROOT is-fullwidth-code-point@3.0.0 OK for: slice-ansi@4.0.0 want: ^3.0.0
459 silly fetch manifest color-convert@^2.0.1
460 silly packumentCache full:https://registry.npmjs.org/color-convert cache-miss
461 http fetch GET 200 https://registry.npmjs.org/color-convert 80ms (cache miss)
462 silly packumentCache full:https://registry.npmjs.org/color-convert set size:undefined disposed:false
463 silly placeDep ROOT color-convert@2.0.1 OK for: ansi-styles@4.3.0 want: ^2.0.1
464 silly fetch manifest color-name@~1.1.4
465 silly packumentCache full:https://registry.npmjs.org/color-name cache-miss
466 http fetch GET 200 https://registry.npmjs.org/color-name 98ms (cache miss)
467 silly packumentCache full:https://registry.npmjs.org/color-name set size:undefined disposed:false
468 silly placeDep ROOT color-name@1.1.4 OK for: color-convert@2.0.1 want: ~1.1.4
469 silly placeDep ROOT emoji-regex@8.0.0 OK for: string-width@4.2.3 want: ^8.0.0
470 silly placeDep ROOT ansi-regex@5.0.1 OK for: strip-ansi@6.0.1 want: ^5.0.1
471 silly placeDep ROOT @isaacs/fs-minipass@4.0.1 OK for: tar@7.5.22 want: ^4.0.0
472 silly placeDep ROOT chownr@3.0.0 OK for: tar@7.5.22 want: ^3.0.0
473 silly placeDep ROOT minizlib@3.1.0 OK for: tar@7.5.22 want: ^3.1.0
474 silly placeDep ROOT yallist@5.0.0 OK for: tar@7.5.22 want: ^5.0.0
475 silly placeDep ROOT readable-stream@3.6.2 OK for: through2@4.0.2 want: 3
476 silly fetch manifest inherits@^2.0.3
477 silly packumentCache full:https://registry.npmjs.org/inherits cache-miss
478 silly fetch manifest string_decoder@^1.1.1
479 silly packumentCache full:https://registry.npmjs.org/string_decoder cache-miss
480 silly fetch manifest util-deprecate@^1.0.1
481 silly packumentCache full:https://registry.npmjs.org/util-deprecate cache-miss
482 http fetch GET 200 https://registry.npmjs.org/util-deprecate 101ms (cache miss)
483 silly packumentCache full:https://registry.npmjs.org/util-deprecate set size:undefined disposed:false
484 http fetch GET 200 https://registry.npmjs.org/inherits 108ms (cache miss)
485 silly packumentCache full:https://registry.npmjs.org/inherits set size:undefined disposed:false
486 http fetch GET 200 https://registry.npmjs.org/string_decoder 108ms (cache miss)
487 silly packumentCache full:https://registry.npmjs.org/string_decoder set size:undefined disposed:false
488 silly placeDep ROOT inherits@2.0.4 OK for: readable-stream@3.6.2 want: ^2.0.3
489 silly placeDep ROOT string_decoder@1.3.0 OK for: readable-stream@3.6.2 want: ^1.1.1
490 silly placeDep ROOT util-deprecate@1.0.2 OK for: readable-stream@3.6.2 want: ^1.0.1
491 silly fetch manifest safe-buffer@~5.2.0
492 silly packumentCache full:https://registry.npmjs.org/safe-buffer cache-miss
493 http fetch GET 200 https://registry.npmjs.org/safe-buffer 92ms (cache miss)
494 silly packumentCache full:https://registry.npmjs.org/safe-buffer set size:undefined disposed:false
495 silly placeDep ROOT safe-buffer@5.2.1 OK for: string_decoder@1.3.0 want: ~5.2.0
496 silly placeDep ROOT isexe@2.0.0 OK for: which@2.0.2 want: ^2.0.0
497 silly placeDep node_modules/xml2js xmlbuilder@11.0.1 OK for: xml2js@0.6.2 want: ~11.0.0
498 silly placeDep ROOT buffer-crc32@0.2.13 OK for: yauzl@2.10.0 want: ~0.2.3
499 silly placeDep ROOT fd-slicer@1.1.0 OK for: yauzl@2.10.0 want: ~1.1.0
500 silly fetch manifest pend@~1.2.0
501 silly packumentCache full:https://registry.npmjs.org/pend cache-miss
502 http fetch GET 200 https://registry.npmjs.org/pend 70ms (cache miss)
503 silly packumentCache full:https://registry.npmjs.org/pend set size:undefined disposed:false
504 silly placeDep ROOT pend@1.2.0 OK for: fd-slicer@1.1.0 want: ~1.2.0
505 silly placeDep ROOT at-least-node@1.0.0 OK for: fs-extra@9.1.0 want: ^1.0.0
506 silly reify moves {}
507 silly audit bulk request {
507 silly audit   '@capacitor/core': [ '8.5.2' ],
507 silly audit   tslib: [ '2.8.1' ],
507 silly audit   '@capacitor/cli': [ '7.6.9' ],
507 silly audit   '@ionic/cli-framework-output': [ '2.2.8' ],
507 silly audit   '@ionic/utils-subprocess': [ '3.0.1' ],
507 silly audit   '@ionic/utils-terminal': [ '2.3.5' ],
507 silly audit   commander: [ '12.1.0' ],
507 silly audit   debug: [ '4.4.3' ],
507 silly audit   'env-paths': [ '2.2.1' ],
507 silly audit   'fs-extra': [ '11.4.0', '9.1.0' ],
507 silly audit   kleur: [ '4.1.5', '3.0.3' ],
507 silly audit   'native-run': [ '2.0.3' ],
507 silly audit   open: [ '8.4.2' ],
507 silly audit   plist: [ '3.1.1' ],
507 silly audit   prompts: [ '2.4.2' ],
507 silly audit   rimraf: [ '6.1.3' ],
507 silly audit   semver: [ '7.8.5' ],
507 silly audit   tar: [ '7.5.22' ],
507 silly audit   xml2js: [ '0.6.2' ],
507 silly audit   '@ionic/utils-array': [ '2.1.6' ],
507 silly audit   '@ionic/utils-fs': [ '3.1.7' ],
507 silly audit   '@ionic/utils-process': [ '2.1.12' ],
507 silly audit   '@ionic/utils-stream': [ '3.1.7' ],
507 silly audit   'cross-spawn': [ '7.0.6' ],
507 silly audit   '@types/fs-extra': [ '8.1.5' ],
507 silly audit   '@ionic/utils-object': [ '2.1.6' ],
507 silly audit   'signal-exit': [ '3.0.7' ],
507 silly audit   'tree-kill': [ '1.2.2' ],
507 silly audit   '@types/slice-ansi': [ '4.0.0' ],
507 silly audit   'slice-ansi': [ '4.0.0' ],
507 silly audit   'string-width': [ '4.2.3' ],
507 silly audit   'strip-ansi': [ '6.0.1' ],
507 silly audit   untildify: [ '4.0.0' ],
507 silly audit   'wrap-ansi': [ '7.0.0' ],
507 silly audit   '@types/node': [ '26.6.2' ],
507 silly audit   'undici-types': [ '8.9.0' ],
507 silly audit   'path-key': [ '3.1.1' ],
507 silly audit   'shebang-command': [ '2.0.0' ],
507 silly audit   which: [ '2.0.2' ],
507 silly audit   ms: [ '2.1.3' ],
507 silly audit   'graceful-fs': [ '4.2.11' ],
507 silly audit   jsonfile: [ '6.2.1' ],
507 silly audit   universalify: [ '2.0.1' ],
507 silly audit   'bplist-parser': [ '0.3.2' ],
507 silly audit   elementtree: [ '0.1.7' ],
507 silly audit   ini: [ '4.1.3' ],
507 silly audit   split2: [ '4.2.0' ],
507 silly audit   through2: [ '4.0.2' ],
507 silly audit   yauzl: [ '2.10.0' ],
507 silly audit   'big-integer': [ '1.6.52' ],
507 silly audit   sax: [ '1.1.4' ],
507 silly audit   'define-lazy-prop': [ '2.0.0' ],
507 silly audit   'is-docker': [ '2.2.1' ],
507 silly audit   'is-wsl': [ '2.2.0' ],
507 silly audit   '@xmldom/xmldom': [ '0.9.12' ],
507 silly audit   'base64-js': [ '1.5.1' ],
507 silly audit   xmlbuilder: [ '15.1.1', '11.0.1' ],
507 silly audit   sisteransi: [ '1.0.5' ],
507 silly audit   glob: [ '13.0.6' ],
507 silly audit   'package-json-from-dist': [ '1.0.1' ],
507 silly audit   minimatch: [ '10.2.6' ],
507 silly audit   minipass: [ '7.1.3' ],
507 silly audit   'path-scurry': [ '2.0.2' ],
507 silly audit   'brace-expansion': [ '5.0.12' ],
507 silly audit   'balanced-match': [ '4.0.4' ],
507 silly audit   'lru-cache': [ '11.5.3' ],
507 silly audit   'shebang-regex': [ '3.0.0' ],
507 silly audit   'ansi-styles': [ '4.3.0' ],
507 silly audit   'astral-regex': [ '2.0.0' ],
507 silly audit   'is-fullwidth-code-point': [ '3.0.0' ],
507 silly audit   'color-convert': [ '2.0.1' ],
507 silly audit   'color-name': [ '1.1.4' ],
507 silly audit   'emoji-regex': [ '8.0.0' ],
507 silly audit   'ansi-regex': [ '5.0.1' ],
507 silly audit   '@isaacs/fs-minipass': [ '4.0.1' ],
507 silly audit   chownr: [ '3.0.0' ],
507 silly audit   minizlib: [ '3.1.0' ],
507 silly audit   yallist: [ '5.0.0' ],
507 silly audit   'readable-stream': [ '3.6.2' ],
507 silly audit   inherits: [ '2.0.4' ],
507 silly audit   string_decoder: [ '1.3.0' ],
507 silly audit   'util-deprecate': [ '1.0.2' ],
507 silly audit   'safe-buffer': [ '5.2.1' ],
507 silly audit   isexe: [ '2.0.0' ],
507 silly audit   'buffer-crc32': [ '0.2.13' ],
507 silly audit   'fd-slicer': [ '1.1.0' ],
507 silly audit   pend: [ '1.2.0' ],
507 silly audit   'at-least-node': [ '1.0.0' ]
507 silly audit }
508 http cache at-least-node@https://registry.npmjs.org/at-least-node/-/at-least-node-1.0.0.tgz 0ms (cache hit)
509 http cache pend@https://registry.npmjs.org/pend/-/pend-1.2.0.tgz 0ms (cache hit)
510 http cache isexe@https://registry.npmjs.org/isexe/-/isexe-2.0.0.tgz 0ms (cache hit)
511 http cache fd-slicer@https://registry.npmjs.org/fd-slicer/-/fd-slicer-1.1.0.tgz 0ms (cache hit)
512 http cache buffer-crc32@https://registry.npmjs.org/buffer-crc32/-/buffer-crc32-0.2.13.tgz 1ms (cache hit)
513 http cache safe-buffer@https://registry.npmjs.org/safe-buffer/-/safe-buffer-5.2.1.tgz 0ms (cache hit)
514 http cache util-deprecate@https://registry.npmjs.org/util-deprecate/-/util-deprecate-1.0.2.tgz 0ms (cache hit)
515 http cache string_decoder@https://registry.npmjs.org/string_decoder/-/string_decoder-1.3.0.tgz 0ms (cache hit)
516 http cache inherits@https://registry.npmjs.org/inherits/-/inherits-2.0.4.tgz 0ms (cache hit)
517 http cache yallist@https://registry.npmjs.org/yallist/-/yallist-5.0.0.tgz 0ms (cache hit)
518 http cache readable-stream@https://registry.npmjs.org/readable-stream/-/readable-stream-3.6.2.tgz 0ms (cache hit)
519 http cache chownr@https://registry.npmjs.org/chownr/-/chownr-3.0.0.tgz 0ms (cache hit)
520 http cache minizlib@https://registry.npmjs.org/minizlib/-/minizlib-3.1.0.tgz 0ms (cache hit)
521 http cache @isaacs/fs-minipass@https://registry.npmjs.org/@isaacs/fs-minipass/-/fs-minipass-4.0.1.tgz 0ms (cache hit)
522 http cache ansi-regex@https://registry.npmjs.org/ansi-regex/-/ansi-regex-5.0.1.tgz 0ms (cache hit)
523 http cache emoji-regex@https://registry.npmjs.org/emoji-regex/-/emoji-regex-8.0.0.tgz 0ms (cache hit)
524 http cache color-name@https://registry.npmjs.org/color-name/-/color-name-1.1.4.tgz 0ms (cache hit)
525 http cache is-fullwidth-code-point@https://registry.npmjs.org/is-fullwidth-code-point/-/is-fullwidth-code-point-3.0.0.tgz 0ms (cache hit)
526 http cache astral-regex@https://registry.npmjs.org/astral-regex/-/astral-regex-2.0.0.tgz 0ms (cache hit)
527 http cache color-convert@https://registry.npmjs.org/color-convert/-/color-convert-2.0.1.tgz 0ms (cache hit)
528 http cache shebang-regex@https://registry.npmjs.org/shebang-regex/-/shebang-regex-3.0.0.tgz 0ms (cache hit)
529 http cache lru-cache@https://registry.npmjs.org/lru-cache/-/lru-cache-11.5.3.tgz 0ms (cache hit)
530 http cache ansi-styles@https://registry.npmjs.org/ansi-styles/-/ansi-styles-4.3.0.tgz 0ms (cache hit)
531 http cache brace-expansion@https://registry.npmjs.org/brace-expansion/-/brace-expansion-5.0.12.tgz 0ms (cache hit)
532 http cache path-scurry@https://registry.npmjs.org/path-scurry/-/path-scurry-2.0.2.tgz 0ms (cache hit)
533 http cache balanced-match@https://registry.npmjs.org/balanced-match/-/balanced-match-4.0.4.tgz 0ms (cache hit)
534 http cache minimatch@https://registry.npmjs.org/minimatch/-/minimatch-10.2.6.tgz 0ms (cache hit)
535 http cache package-json-from-dist@https://registry.npmjs.org/package-json-from-dist/-/package-json-from-dist-1.0.1.tgz 0ms (cache hit)
536 http cache minipass@https://registry.npmjs.org/minipass/-/minipass-7.1.3.tgz 0ms (cache hit)
537 http cache glob@https://registry.npmjs.org/glob/-/glob-13.0.6.tgz 0ms (cache hit)
538 http cache @xmldom/xmldom@https://registry.npmjs.org/@xmldom/xmldom/-/xmldom-0.9.12.tgz 0ms (cache hit)
539 http cache sisteransi@https://registry.npmjs.org/sisteransi/-/sisteransi-1.0.5.tgz 0ms (cache hit)
540 http cache base64-js@https://registry.npmjs.org/base64-js/-/base64-js-1.5.1.tgz 0ms (cache hit)
541 http cache is-wsl@https://registry.npmjs.org/is-wsl/-/is-wsl-2.2.0.tgz 0ms (cache hit)
542 http cache is-docker@https://registry.npmjs.org/is-docker/-/is-docker-2.2.1.tgz 0ms (cache hit)
543 http cache xmlbuilder@https://registry.npmjs.org/xmlbuilder/-/xmlbuilder-15.1.1.tgz 0ms (cache hit)
544 http cache sax@https://registry.npmjs.org/sax/-/sax-1.1.4.tgz 0ms (cache hit)
545 http cache big-integer@https://registry.npmjs.org/big-integer/-/big-integer-1.6.52.tgz 0ms (cache hit)
546 http cache define-lazy-prop@https://registry.npmjs.org/define-lazy-prop/-/define-lazy-prop-2.0.0.tgz 0ms (cache hit)
547 http cache yauzl@https://registry.npmjs.org/yauzl/-/yauzl-2.10.0.tgz 0ms (cache hit)
548 http cache through2@https://registry.npmjs.org/through2/-/through2-4.0.2.tgz 0ms (cache hit)
549 http cache split2@https://registry.npmjs.org/split2/-/split2-4.2.0.tgz 0ms (cache hit)
550 http cache universalify@https://registry.npmjs.org/universalify/-/universalify-2.0.1.tgz 0ms (cache hit)
551 http cache bplist-parser@https://registry.npmjs.org/bplist-parser/-/bplist-parser-0.3.2.tgz 0ms (cache hit)
552 http cache elementtree@https://registry.npmjs.org/elementtree/-/elementtree-0.1.7.tgz 0ms (cache hit)
553 http cache ini@https://registry.npmjs.org/ini/-/ini-4.1.3.tgz 0ms (cache hit)
554 http cache jsonfile@https://registry.npmjs.org/jsonfile/-/jsonfile-6.2.1.tgz 0ms (cache hit)
555 http cache graceful-fs@https://registry.npmjs.org/graceful-fs/-/graceful-fs-4.2.11.tgz 0ms (cache hit)
556 http cache path-key@https://registry.npmjs.org/path-key/-/path-key-3.1.1.tgz 0ms (cache hit)
557 http cache shebang-command@https://registry.npmjs.org/shebang-command/-/shebang-command-2.0.0.tgz 0ms (cache hit)
558 http cache which@https://registry.npmjs.org/which/-/which-2.0.2.tgz 0ms (cache hit)
559 http cache @types/node@https://registry.npmjs.org/@types/node/-/node-26.6.2.tgz 0ms (cache hit)
560 http cache undici-types@https://registry.npmjs.org/undici-types/-/undici-types-8.9.0.tgz 0ms (cache hit)
561 http cache ms@https://registry.npmjs.org/ms/-/ms-2.1.3.tgz 0ms (cache hit)
562 http cache wrap-ansi@https://registry.npmjs.org/wrap-ansi/-/wrap-ansi-7.0.0.tgz 0ms (cache hit)
563 http cache untildify@https://registry.npmjs.org/untildify/-/untildify-4.0.0.tgz 0ms (cache hit)
564 http cache strip-ansi@https://registry.npmjs.org/strip-ansi/-/strip-ansi-6.0.1.tgz 0ms (cache hit)
565 http cache slice-ansi@https://registry.npmjs.org/slice-ansi/-/slice-ansi-4.0.0.tgz 0ms (cache hit)
566 http cache @types/slice-ansi@https://registry.npmjs.org/@types/slice-ansi/-/slice-ansi-4.0.0.tgz 0ms (cache hit)
567 http cache @types/fs-extra@https://registry.npmjs.org/@types/fs-extra/-/fs-extra-8.1.5.tgz 0ms (cache hit)
568 http cache string-width@https://registry.npmjs.org/string-width/-/string-width-4.2.3.tgz 0ms (cache hit)
569 http cache @ionic/utils-object@https://registry.npmjs.org/@ionic/utils-object/-/utils-object-2.1.6.tgz 0ms (cache hit)
570 http cache signal-exit@https://registry.npmjs.org/signal-exit/-/signal-exit-3.0.7.tgz 0ms (cache hit)
571 http cache tree-kill@https://registry.npmjs.org/tree-kill/-/tree-kill-1.2.2.tgz 0ms (cache hit)
572 http cache cross-spawn@https://registry.npmjs.org/cross-spawn/-/cross-spawn-7.0.6.tgz 0ms (cache hit)
573 http cache @ionic/utils-stream@https://registry.npmjs.org/@ionic/utils-stream/-/utils-stream-3.1.7.tgz 0ms (cache hit)
574 http cache @ionic/utils-process@https://registry.npmjs.org/@ionic/utils-process/-/utils-process-2.1.12.tgz 0ms (cache hit)
575 http cache tar@https://registry.npmjs.org/tar/-/tar-7.5.22.tgz 0ms (cache hit)
576 http cache @ionic/utils-fs@https://registry.npmjs.org/@ionic/utils-fs/-/utils-fs-3.1.7.tgz 0ms (cache hit)
577 http cache semver@https://registry.npmjs.org/semver/-/semver-7.8.5.tgz 0ms (cache hit)
578 http cache xml2js@https://registry.npmjs.org/xml2js/-/xml2js-0.6.2.tgz 0ms (cache hit)
579 http cache plist@https://registry.npmjs.org/plist/-/plist-3.1.1.tgz 0ms (cache hit)
580 http cache @ionic/utils-array@https://registry.npmjs.org/@ionic/utils-array/-/utils-array-2.1.6.tgz 0ms (cache hit)
581 http cache rimraf@https://registry.npmjs.org/rimraf/-/rimraf-6.1.3.tgz 0ms (cache hit)
582 http cache prompts@https://registry.npmjs.org/prompts/-/prompts-2.4.2.tgz 0ms (cache hit)
583 http cache fs-extra@https://registry.npmjs.org/fs-extra/-/fs-extra-11.4.0.tgz 0ms (cache hit)
584 http cache open@https://registry.npmjs.org/open/-/open-8.4.2.tgz 0ms (cache hit)
585 http cache native-run@https://registry.npmjs.org/native-run/-/native-run-2.0.3.tgz 0ms (cache hit)
586 http cache kleur@https://registry.npmjs.org/kleur/-/kleur-4.1.5.tgz 0ms (cache hit)
587 http cache @ionic/utils-terminal@https://registry.npmjs.org/@ionic/utils-terminal/-/utils-terminal-2.3.5.tgz 0ms (cache hit)
588 http cache commander@https://registry.npmjs.org/commander/-/commander-12.1.0.tgz 0ms (cache hit)
589 http cache env-paths@https://registry.npmjs.org/env-paths/-/env-paths-2.2.1.tgz 0ms (cache hit)
590 http cache @ionic/utils-subprocess@https://registry.npmjs.org/@ionic/utils-subprocess/-/utils-subprocess-3.0.1.tgz 0ms (cache hit)
591 http cache debug@https://registry.npmjs.org/debug/-/debug-4.4.3.tgz 0ms (cache hit)
592 http cache fs-extra@https://registry.npmjs.org/fs-extra/-/fs-extra-9.1.0.tgz 0ms (cache hit)
593 http cache @ionic/cli-framework-output@https://registry.npmjs.org/@ionic/cli-framework-output/-/cli-framework-output-2.2.8.tgz 0ms (cache hit)
594 http cache kleur@https://registry.npmjs.org/kleur/-/kleur-3.0.3.tgz 1ms (cache hit)
595 http cache xmlbuilder@https://registry.npmjs.org/xmlbuilder/-/xmlbuilder-11.0.1.tgz 0ms (cache hit)
596 http cache @capacitor/cli@https://registry.npmjs.org/@capacitor/cli/-/cli-7.6.9.tgz 0ms (cache hit)
597 silly tarball no local data for at-least-node@https://registry.npmjs.org/at-least-node/-/at-least-node-1.0.0.tgz. Extracting by manifest.
598 silly tarball no local data for pend@https://registry.npmjs.org/pend/-/pend-1.2.0.tgz. Extracting by manifest.
599 silly tarball no local data for isexe@https://registry.npmjs.org/isexe/-/isexe-2.0.0.tgz. Extracting by manifest.
600 silly tarball no local data for fd-slicer@https://registry.npmjs.org/fd-slicer/-/fd-slicer-1.1.0.tgz. Extracting by manifest.
601 silly tarball no local data for buffer-crc32@https://registry.npmjs.org/buffer-crc32/-/buffer-crc32-0.2.13.tgz. Extracting by manifest.
602 silly tarball no local data for safe-buffer@https://registry.npmjs.org/safe-buffer/-/safe-buffer-5.2.1.tgz. Extracting by manifest.
603 silly tarball no local data for util-deprecate@https://registry.npmjs.org/util-deprecate/-/util-deprecate-1.0.2.tgz. Extracting by manifest.
604 silly tarball no local data for string_decoder@https://registry.npmjs.org/string_decoder/-/string_decoder-1.3.0.tgz. Extracting by manifest.
605 silly tarball no local data for inherits@https://registry.npmjs.org/inherits/-/inherits-2.0.4.tgz. Extracting by manifest.
606 silly tarball no local data for yallist@https://registry.npmjs.org/yallist/-/yallist-5.0.0.tgz. Extracting by manifest.
607 silly tarball no local data for readable-stream@https://registry.npmjs.org/readable-stream/-/readable-stream-3.6.2.tgz. Extracting by manifest.
608 silly tarball no local data for chownr@https://registry.npmjs.org/chownr/-/chownr-3.0.0.tgz. Extracting by manifest.
609 silly tarball no local data for minizlib@https://registry.npmjs.org/minizlib/-/minizlib-3.1.0.tgz. Extracting by manifest.
610 silly tarball no local data for @isaacs/fs-minipass@https://registry.npmjs.org/@isaacs/fs-minipass/-/fs-minipass-4.0.1.tgz. Extracting by manifest.
611 silly tarball no local data for ansi-regex@https://registry.npmjs.org/ansi-regex/-/ansi-regex-5.0.1.tgz. Extracting by manifest.
612 silly tarball no local data for emoji-regex@https://registry.npmjs.org/emoji-regex/-/emoji-regex-8.0.0.tgz. Extracting by manifest.
613 silly tarball no local data for color-name@https://registry.npmjs.org/color-name/-/color-name-1.1.4.tgz. Extracting by manifest.
614 silly tarball no local data for is-fullwidth-code-point@https://registry.npmjs.org/is-fullwidth-code-point/-/is-fullwidth-code-point-3.0.0.tgz. Extracting by manifest.
615 silly tarball no local data for astral-regex@https://registry.npmjs.org/astral-regex/-/astral-regex-2.0.0.tgz. Extracting by manifest.
616 silly tarball no local data for color-convert@https://registry.npmjs.org/color-convert/-/color-convert-2.0.1.tgz. Extracting by manifest.
617 silly tarball no local data for shebang-regex@https://registry.npmjs.org/shebang-regex/-/shebang-regex-3.0.0.tgz. Extracting by manifest.
618 silly tarball no local data for lru-cache@https://registry.npmjs.org/lru-cache/-/lru-cache-11.5.3.tgz. Extracting by manifest.
619 silly tarball no local data for ansi-styles@https://registry.npmjs.org/ansi-styles/-/ansi-styles-4.3.0.tgz. Extracting by manifest.
620 silly tarball no local data for brace-expansion@https://registry.npmjs.org/brace-expansion/-/brace-expansion-5.0.12.tgz. Extracting by manifest.
621 silly tarball no local data for path-scurry@https://registry.npmjs.org/path-scurry/-/path-scurry-2.0.2.tgz. Extracting by manifest.
622 silly tarball no local data for balanced-match@https://registry.npmjs.org/balanced-match/-/balanced-match-4.0.4.tgz. Extracting by manifest.
623 silly tarball no local data for minimatch@https://registry.npmjs.org/minimatch/-/minimatch-10.2.6.tgz. Extracting by manifest.
624 silly tarball no local data for package-json-from-dist@https://registry.npmjs.org/package-json-from-dist/-/package-json-from-dist-1.0.1.tgz. Extracting by manifest.
625 silly tarball no local data for minipass@https://registry.npmjs.org/minipass/-/minipass-7.1.3.tgz. Extracting by manifest.
626 silly tarball no local data for glob@https://registry.npmjs.org/glob/-/glob-13.0.6.tgz. Extracting by manifest.
627 silly tarball no local data for @xmldom/xmldom@https://registry.npmjs.org/@xmldom/xmldom/-/xmldom-0.9.12.tgz. Extracting by manifest.
628 silly tarball no local data for sisteransi@https://registry.npmjs.org/sisteransi/-/sisteransi-1.0.5.tgz. Extracting by manifest.
629 silly tarball no local data for base64-js@https://registry.npmjs.org/base64-js/-/base64-js-1.5.1.tgz. Extracting by manifest.
630 silly tarball no local data for is-wsl@https://registry.npmjs.org/is-wsl/-/is-wsl-2.2.0.tgz. Extracting by manifest.
631 silly tarball no local data for is-docker@https://registry.npmjs.org/is-docker/-/is-docker-2.2.1.tgz. Extracting by manifest.
632 silly tarball no local data for xmlbuilder@https://registry.npmjs.org/xmlbuilder/-/xmlbuilder-15.1.1.tgz. Extracting by manifest.
633 silly tarball no local data for sax@https://registry.npmjs.org/sax/-/sax-1.1.4.tgz. Extracting by manifest.
634 silly tarball no local data for big-integer@https://registry.npmjs.org/big-integer/-/big-integer-1.6.52.tgz. Extracting by manifest.
635 silly tarball no local data for define-lazy-prop@https://registry.npmjs.org/define-lazy-prop/-/define-lazy-prop-2.0.0.tgz. Extracting by manifest.
636 silly tarball no local data for yauzl@https://registry.npmjs.org/yauzl/-/yauzl-2.10.0.tgz. Extracting by manifest.
637 silly tarball no local data for through2@https://registry.npmjs.org/through2/-/through2-4.0.2.tgz. Extracting by manifest.
638 silly tarball no local data for split2@https://registry.npmjs.org/split2/-/split2-4.2.0.tgz. Extracting by manifest.
639 silly tarball no local data for universalify@https://registry.npmjs.org/universalify/-/universalify-2.0.1.tgz. Extracting by manifest.
640 silly tarball no local data for bplist-parser@https://registry.npmjs.org/bplist-parser/-/bplist-parser-0.3.2.tgz. Extracting by manifest.
641 silly tarball no local data for elementtree@https://registry.npmjs.org/elementtree/-/elementtree-0.1.7.tgz. Extracting by manifest.
642 silly tarball no local data for ini@https://registry.npmjs.org/ini/-/ini-4.1.3.tgz. Extracting by manifest.
643 silly tarball no local data for jsonfile@https://registry.npmjs.org/jsonfile/-/jsonfile-6.2.1.tgz. Extracting by manifest.
644 silly tarball no local data for graceful-fs@https://registry.npmjs.org/graceful-fs/-/graceful-fs-4.2.11.tgz. Extracting by manifest.
645 silly tarball no local data for path-key@https://registry.npmjs.org/path-key/-/path-key-3.1.1.tgz. Extracting by manifest.
646 silly tarball no local data for shebang-command@https://registry.npmjs.org/shebang-command/-/shebang-command-2.0.0.tgz. Extracting by manifest.
647 silly tarball no local data for which@https://registry.npmjs.org/which/-/which-2.0.2.tgz. Extracting by manifest.
648 silly tarball no local data for @types/node@https://registry.npmjs.org/@types/node/-/node-26.6.2.tgz. Extracting by manifest.
649 silly tarball no local data for undici-types@https://registry.npmjs.org/undici-types/-/undici-types-8.9.0.tgz. Extracting by manifest.
650 silly tarball no local data for ms@https://registry.npmjs.org/ms/-/ms-2.1.3.tgz. Extracting by manifest.
651 silly tarball no local data for wrap-ansi@https://registry.npmjs.org/wrap-ansi/-/wrap-ansi-7.0.0.tgz. Extracting by manifest.
652 silly tarball no local data for untildify@https://registry.npmjs.org/untildify/-/untildify-4.0.0.tgz. Extracting by manifest.
653 silly tarball no local data for strip-ansi@https://registry.npmjs.org/strip-ansi/-/strip-ansi-6.0.1.tgz. Extracting by manifest.
654 silly tarball no local data for slice-ansi@https://registry.npmjs.org/slice-ansi/-/slice-ansi-4.0.0.tgz. Extracting by manifest.
655 silly tarball no local data for @types/slice-ansi@https://registry.npmjs.org/@types/slice-ansi/-/slice-ansi-4.0.0.tgz. Extracting by manifest.
656 silly tarball no local data for @types/fs-extra@https://registry.npmjs.org/@types/fs-extra/-/fs-extra-8.1.5.tgz. Extracting by manifest.
657 silly tarball no local data for string-width@https://registry.npmjs.org/string-width/-/string-width-4.2.3.tgz. Extracting by manifest.
658 silly tarball no local data for @ionic/utils-object@https://registry.npmjs.org/@ionic/utils-object/-/utils-object-2.1.6.tgz. Extracting by manifest.
659 silly tarball no local data for signal-exit@https://registry.npmjs.org/signal-exit/-/signal-exit-3.0.7.tgz. Extracting by manifest.
660 silly tarball no local data for tree-kill@https://registry.npmjs.org/tree-kill/-/tree-kill-1.2.2.tgz. Extracting by manifest.
661 silly tarball no local data for cross-spawn@https://registry.npmjs.org/cross-spawn/-/cross-spawn-7.0.6.tgz. Extracting by manifest.
662 silly tarball no local data for @ionic/utils-stream@https://registry.npmjs.org/@ionic/utils-stream/-/utils-stream-3.1.7.tgz. Extracting by manifest.
663 silly tarball no local data for @ionic/utils-process@https://registry.npmjs.org/@ionic/utils-process/-/utils-process-2.1.12.tgz. Extracting by manifest.
664 silly tarball no local data for tar@https://registry.npmjs.org/tar/-/tar-7.5.22.tgz. Extracting by manifest.
665 silly tarball no local data for @ionic/utils-fs@https://registry.npmjs.org/@ionic/utils-fs/-/utils-fs-3.1.7.tgz. Extracting by manifest.
666 silly tarball no local data for semver@https://registry.npmjs.org/semver/-/semver-7.8.5.tgz. Extracting by manifest.
667 silly tarball no local data for xml2js@https://registry.npmjs.org/xml2js/-/xml2js-0.6.2.tgz. Extracting by manifest.
668 silly tarball no local data for plist@https://registry.npmjs.org/plist/-/plist-3.1.1.tgz. Extracting by manifest.
669 silly tarball no local data for @ionic/utils-array@https://registry.npmjs.org/@ionic/utils-array/-/utils-array-2.1.6.tgz. Extracting by manifest.
670 silly tarball no local data for rimraf@https://registry.npmjs.org/rimraf/-/rimraf-6.1.3.tgz. Extracting by manifest.
671 silly tarball no local data for prompts@https://registry.npmjs.org/prompts/-/prompts-2.4.2.tgz. Extracting by manifest.
672 silly tarball no local data for fs-extra@https://registry.npmjs.org/fs-extra/-/fs-extra-11.4.0.tgz. Extracting by manifest.
673 silly tarball no local data for open@https://registry.npmjs.org/open/-/open-8.4.2.tgz. Extracting by manifest.
674 silly tarball no local data for native-run@https://registry.npmjs.org/native-run/-/native-run-2.0.3.tgz. Extracting by manifest.
675 silly tarball no local data for kleur@https://registry.npmjs.org/kleur/-/kleur-4.1.5.tgz. Extracting by manifest.
676 silly tarball no local data for @ionic/utils-terminal@https://registry.npmjs.org/@ionic/utils-terminal/-/utils-terminal-2.3.5.tgz. Extracting by manifest.
677 silly tarball no local data for commander@https://registry.npmjs.org/commander/-/commander-12.1.0.tgz. Extracting by manifest.
678 silly tarball no local data for env-paths@https://registry.npmjs.org/env-paths/-/env-paths-2.2.1.tgz. Extracting by manifest.
679 silly tarball no local data for @ionic/utils-subprocess@https://registry.npmjs.org/@ionic/utils-subprocess/-/utils-subprocess-3.0.1.tgz. Extracting by manifest.
680 silly tarball no local data for debug@https://registry.npmjs.org/debug/-/debug-4.4.3.tgz. Extracting by manifest.
681 silly tarball no local data for fs-extra@https://registry.npmjs.org/fs-extra/-/fs-extra-9.1.0.tgz. Extracting by manifest.
682 silly tarball no local data for @ionic/cli-framework-output@https://registry.npmjs.org/@ionic/cli-framework-output/-/cli-framework-output-2.2.8.tgz. Extracting by manifest.
683 silly tarball no local data for kleur@https://registry.npmjs.org/kleur/-/kleur-3.0.3.tgz. Extracting by manifest.
684 silly tarball no local data for xmlbuilder@https://registry.npmjs.org/xmlbuilder/-/xmlbuilder-11.0.1.tgz. Extracting by manifest.
685 silly tarball no local data for @capacitor/cli@https://registry.npmjs.org/@capacitor/cli/-/cli-7.6.9.tgz. Extracting by manifest.
686 http fetch POST 200 https://registry.npmjs.org/-/npm/v1/security/advisories/bulk 420ms
687 silly audit report {}
688 http fetch GET 200 https://registry.npmjs.org/at-least-node/-/at-least-node-1.0.0.tgz 473ms (cache miss)
689 http fetch GET 200 https://registry.npmjs.org/ansi-regex/-/ansi-regex-5.0.1.tgz 460ms (cache miss)
690 http fetch GET 200 https://registry.npmjs.org/color-name/-/color-name-1.1.4.tgz 459ms (cache miss)
691 http fetch GET 200 https://registry.npmjs.org/util-deprecate/-/util-deprecate-1.0.2.tgz 477ms (cache miss)
692 http fetch GET 200 https://registry.npmjs.org/fd-slicer/-/fd-slicer-1.1.0.tgz 484ms (cache miss)
693 http fetch GET 200 https://registry.npmjs.org/inherits/-/inherits-2.0.4.tgz 478ms (cache miss)
694 http fetch GET 200 https://registry.npmjs.org/pend/-/pend-1.2.0.tgz 496ms (cache miss)
695 http fetch GET 200 https://registry.npmjs.org/buffer-crc32/-/buffer-crc32-0.2.13.tgz 491ms (cache miss)
696 http fetch GET 200 https://registry.npmjs.org/safe-buffer/-/safe-buffer-5.2.1.tgz 491ms (cache miss)
697 http fetch GET 200 https://registry.npmjs.org/string_decoder/-/string_decoder-1.3.0.tgz 492ms (cache miss)
698 http fetch GET 200 https://registry.npmjs.org/astral-regex/-/astral-regex-2.0.0.tgz 488ms (cache miss)
699 http fetch GET 200 https://registry.npmjs.org/is-fullwidth-code-point/-/is-fullwidth-code-point-3.0.0.tgz 494ms (cache miss)
700 http fetch GET 200 https://registry.npmjs.org/shebang-regex/-/shebang-regex-3.0.0.tgz 492ms (cache miss)
701 http fetch GET 200 https://registry.npmjs.org/ansi-styles/-/ansi-styles-4.3.0.tgz 494ms (cache miss)
702 http fetch GET 200 https://registry.npmjs.org/balanced-match/-/balanced-match-4.0.4.tgz 486ms (cache miss)
703 http fetch GET 200 https://registry.npmjs.org/isexe/-/isexe-2.0.0.tgz 541ms (cache miss)
704 http fetch GET 200 https://registry.npmjs.org/color-convert/-/color-convert-2.0.1.tgz 516ms (cache miss)
705 http fetch GET 200 https://registry.npmjs.org/emoji-regex/-/emoji-regex-8.0.0.tgz 528ms (cache miss)
706 http fetch GET 200 https://registry.npmjs.org/chownr/-/chownr-3.0.0.tgz 594ms (cache miss)
707 http fetch GET 200 https://registry.npmjs.org/yallist/-/yallist-5.0.0.tgz 616ms (cache miss)
708 http fetch GET 200 https://registry.npmjs.org/@isaacs/fs-minipass/-/fs-minipass-4.0.1.tgz 612ms (cache miss)
709 http fetch GET 200 https://registry.npmjs.org/brace-expansion/-/brace-expansion-5.0.12.tgz 604ms (cache miss)
710 http fetch GET 200 https://registry.npmjs.org/sisteransi/-/sisteransi-1.0.5.tgz 591ms (cache miss)
711 http fetch GET 200 https://registry.npmjs.org/package-json-from-dist/-/package-json-from-dist-1.0.1.tgz 599ms (cache miss)
712 http fetch GET 200 https://registry.npmjs.org/base64-js/-/base64-js-1.5.1.tgz 597ms (cache miss)
713 http fetch GET 200 https://registry.npmjs.org/is-wsl/-/is-wsl-2.2.0.tgz 656ms (cache miss)
714 http fetch GET 200 https://registry.npmjs.org/is-docker/-/is-docker-2.2.1.tgz 655ms (cache miss)
715 http fetch GET 200 https://registry.npmjs.org/define-lazy-prop/-/define-lazy-prop-2.0.0.tgz 662ms (cache miss)
716 http fetch GET 200 https://registry.npmjs.org/minipass/-/minipass-7.1.3.tgz 711ms (cache miss)
717 http fetch GET 200 https://registry.npmjs.org/path-scurry/-/path-scurry-2.0.2.tgz 720ms (cache miss)
718 http fetch GET 200 https://registry.npmjs.org/sax/-/sax-1.1.4.tgz 741ms (cache miss)
719 http fetch GET 200 https://registry.npmjs.org/yauzl/-/yauzl-2.10.0.tgz 756ms (cache miss)
720 http fetch GET 200 https://registry.npmjs.org/through2/-/through2-4.0.2.tgz 780ms (cache miss)
721 http fetch GET 200 https://registry.npmjs.org/minizlib/-/minizlib-3.1.0.tgz 849ms (cache miss)
722 http fetch GET 200 https://registry.npmjs.org/universalify/-/universalify-2.0.1.tgz 796ms (cache miss)
723 http fetch GET 200 https://registry.npmjs.org/split2/-/split2-4.2.0.tgz 805ms (cache miss)
724 http fetch GET 200 https://registry.npmjs.org/ini/-/ini-4.1.3.tgz 799ms (cache miss)
725 http fetch GET 200 https://registry.npmjs.org/graceful-fs/-/graceful-fs-4.2.11.tgz 802ms (cache miss)
726 http fetch GET 200 https://registry.npmjs.org/shebang-command/-/shebang-command-2.0.0.tgz 800ms (cache miss)
727 http fetch GET 200 https://registry.npmjs.org/path-key/-/path-key-3.1.1.tgz 810ms (cache miss)
728 http fetch GET 200 https://registry.npmjs.org/big-integer/-/big-integer-1.6.52.tgz 834ms (cache miss)
729 http fetch GET 200 https://registry.npmjs.org/jsonfile/-/jsonfile-6.2.1.tgz 818ms (cache miss)
730 http fetch GET 200 https://registry.npmjs.org/ms/-/ms-2.1.3.tgz 810ms (cache miss)
731 http fetch GET 200 https://registry.npmjs.org/which/-/which-2.0.2.tgz 820ms (cache miss)
732 http fetch GET 200 https://registry.npmjs.org/bplist-parser/-/bplist-parser-0.3.2.tgz 835ms (cache miss)
733 http fetch GET 200 https://registry.npmjs.org/untildify/-/untildify-4.0.0.tgz 816ms (cache miss)
734 http fetch GET 200 https://registry.npmjs.org/wrap-ansi/-/wrap-ansi-7.0.0.tgz 820ms (cache miss)
735 http fetch GET 200 https://registry.npmjs.org/strip-ansi/-/strip-ansi-6.0.1.tgz 819ms (cache miss)
736 http fetch GET 200 https://registry.npmjs.org/slice-ansi/-/slice-ansi-4.0.0.tgz 821ms (cache miss)
737 http fetch GET 200 https://registry.npmjs.org/readable-stream/-/readable-stream-3.6.2.tgz 911ms (cache miss)
738 http fetch GET 200 https://registry.npmjs.org/string-width/-/string-width-4.2.3.tgz 846ms (cache miss)
739 http fetch GET 200 https://registry.npmjs.org/@xmldom/xmldom/-/xmldom-0.9.12.tgz 907ms (cache miss)
740 http fetch GET 200 https://registry.npmjs.org/cross-spawn/-/cross-spawn-7.0.6.tgz 873ms (cache miss)
741 http fetch GET 200 https://registry.npmjs.org/signal-exit/-/signal-exit-3.0.7.tgz 883ms (cache miss)
742 http fetch GET 200 https://registry.npmjs.org/@ionic/utils-object/-/utils-object-2.1.6.tgz 913ms (cache miss)
743 http fetch GET 200 https://registry.npmjs.org/tree-kill/-/tree-kill-1.2.2.tgz 912ms (cache miss)
744 http fetch GET 200 https://registry.npmjs.org/elementtree/-/elementtree-0.1.7.tgz 953ms (cache miss)
745 http fetch GET 200 https://registry.npmjs.org/undici-types/-/undici-types-8.9.0.tgz 999ms (cache miss)
746 http fetch GET 200 https://registry.npmjs.org/@ionic/utils-fs/-/utils-fs-3.1.7.tgz 997ms (cache miss)
747 http fetch GET 200 https://registry.npmjs.org/xmlbuilder/-/xmlbuilder-15.1.1.tgz 1087ms (cache miss)
748 http fetch GET 200 https://registry.npmjs.org/minimatch/-/minimatch-10.2.6.tgz 1129ms (cache miss)
749 http fetch GET 200 https://registry.npmjs.org/semver/-/semver-7.8.5.tgz 1124ms (cache miss)
750 http fetch GET 200 https://registry.npmjs.org/glob/-/glob-13.0.6.tgz 1219ms (cache miss)
751 http fetch GET 200 https://registry.npmjs.org/@types/fs-extra/-/fs-extra-8.1.5.tgz 1312ms (cache miss)
752 http fetch GET 200 https://registry.npmjs.org/@types/slice-ansi/-/slice-ansi-4.0.0.tgz 1317ms (cache miss)
753 http fetch GET 200 https://registry.npmjs.org/@ionic/utils-stream/-/utils-stream-3.1.7.tgz 1309ms (cache miss)
754 http fetch GET 200 https://registry.npmjs.org/kleur/-/kleur-4.1.5.tgz 1295ms (cache miss)
755 http fetch GET 200 https://registry.npmjs.org/@ionic/utils-process/-/utils-process-2.1.12.tgz 1324ms (cache miss)
756 http fetch GET 200 https://registry.npmjs.org/open/-/open-8.4.2.tgz 1316ms (cache miss)
757 http fetch GET 200 https://registry.npmjs.org/@ionic/utils-array/-/utils-array-2.1.6.tgz 1357ms (cache miss)
758 http fetch GET 200 https://registry.npmjs.org/env-paths/-/env-paths-2.2.1.tgz 1356ms (cache miss)
759 http fetch GET 200 https://registry.npmjs.org/@ionic/utils-terminal/-/utils-terminal-2.3.5.tgz 1372ms (cache miss)
760 http fetch GET 200 https://registry.npmjs.org/debug/-/debug-4.4.3.tgz 1371ms (cache miss)
761 http fetch GET 200 https://registry.npmjs.org/kleur/-/kleur-3.0.3.tgz 1400ms (cache miss)
762 http fetch GET 200 https://registry.npmjs.org/commander/-/commander-12.1.0.tgz 1456ms (cache miss)
763 http fetch GET 200 https://registry.npmjs.org/plist/-/plist-3.1.1.tgz 1475ms (cache miss)
764 http fetch GET 200 https://registry.npmjs.org/@ionic/cli-framework-output/-/cli-framework-output-2.2.8.tgz 1468ms (cache miss)
765 http fetch GET 200 https://registry.npmjs.org/@ionic/utils-subprocess/-/utils-subprocess-3.0.1.tgz 1524ms (cache miss)
766 http fetch GET 200 https://registry.npmjs.org/fs-extra/-/fs-extra-11.4.0.tgz 1538ms (cache miss)
767 http fetch GET 200 https://registry.npmjs.org/fs-extra/-/fs-extra-9.1.0.tgz 1570ms (cache miss)
768 http fetch GET 200 https://registry.npmjs.org/xmlbuilder/-/xmlbuilder-11.0.1.tgz 1582ms (cache miss)
769 http fetch GET 200 https://registry.npmjs.org/@types/node/-/node-26.6.2.tgz 1657ms (cache miss)
770 http fetch GET 200 https://registry.npmjs.org/prompts/-/prompts-2.4.2.tgz 1695ms (cache miss)
771 http fetch GET 200 https://registry.npmjs.org/lru-cache/-/lru-cache-11.5.3.tgz 1805ms (cache miss)
772 http fetch GET 200 https://registry.npmjs.org/rimraf/-/rimraf-6.1.3.tgz 1888ms (cache miss)
773 http fetch GET 200 https://registry.npmjs.org/tar/-/tar-7.5.22.tgz 2119ms (cache miss)
774 http fetch GET 200 https://registry.npmjs.org/xml2js/-/xml2js-0.6.2.tgz 2165ms (cache miss)
775 http fetch GET 200 https://registry.npmjs.org/@capacitor/cli/-/cli-7.6.9.tgz 2205ms (cache miss)
776 http fetch GET 200 https://registry.npmjs.org/native-run/-/native-run-2.0.3.tgz 2955ms (cache miss)
777 silly ADD node_modules/at-least-node
778 silly ADD node_modules/pend
779 silly ADD node_modules/fd-slicer
780 silly ADD node_modules/buffer-crc32
781 silly ADD node_modules/isexe
782 silly ADD node_modules/safe-buffer
783 silly ADD node_modules/util-deprecate
784 silly ADD node_modules/string_decoder
785 silly ADD node_modules/inherits
786 silly ADD node_modules/readable-stream
787 silly ADD node_modules/yallist
788 silly ADD node_modules/minizlib
789 silly ADD node_modules/chownr
790 silly ADD node_modules/@isaacs/fs-minipass
791 silly ADD node_modules/ansi-regex
792 silly ADD node_modules/emoji-regex
793 silly ADD node_modules/color-name
794 silly ADD node_modules/color-convert
795 silly ADD node_modules/is-fullwidth-code-point
796 silly ADD node_modules/astral-regex
797 silly ADD node_modules/ansi-styles
798 silly ADD node_modules/shebang-regex
799 silly ADD node_modules/lru-cache
800 silly ADD node_modules/balanced-match
801 silly ADD node_modules/brace-expansion
802 silly ADD node_modules/path-scurry
803 silly ADD node_modules/minipass
804 silly ADD node_modules/minimatch
805 silly ADD node_modules/package-json-from-dist
806 silly ADD node_modules/glob
807 silly ADD node_modules/sisteransi
808 silly ADD node_modules/xmlbuilder
809 silly ADD node_modules/base64-js
810 silly ADD node_modules/@xmldom/xmldom
811 silly ADD node_modules/is-wsl
812 silly ADD node_modules/is-docker
813 silly ADD node_modules/define-lazy-prop
814 silly ADD node_modules/sax
815 silly ADD node_modules/big-integer
816 silly ADD node_modules/yauzl
817 silly ADD node_modules/through2
818 silly ADD node_modules/split2
819 silly ADD node_modules/ini
820 silly ADD node_modules/elementtree
821 silly ADD node_modules/bplist-parser
822 silly ADD node_modules/universalify
823 silly ADD node_modules/jsonfile
824 silly ADD node_modules/graceful-fs
825 silly ADD node_modules/ms
826 silly ADD node_modules/which
827 silly ADD node_modules/shebang-command
828 silly ADD node_modules/path-key
829 silly ADD node_modules/undici-types
830 silly ADD node_modules/@types/node
831 silly ADD node_modules/wrap-ansi
832 silly ADD node_modules/untildify
833 silly ADD node_modules/strip-ansi
834 silly ADD node_modules/string-width
835 silly ADD node_modules/slice-ansi
836 silly ADD node_modules/@types/slice-ansi
837 silly ADD node_modules/tree-kill
838 silly ADD node_modules/signal-exit
839 silly ADD node_modules/@ionic/utils-object
840 silly ADD node_modules/@types/fs-extra
841 silly ADD node_modules/cross-spawn
842 silly ADD node_modules/@ionic/utils-stream
843 silly ADD node_modules/@ionic/utils-process
844 silly ADD node_modules/@ionic/utils-fs
845 silly ADD node_modules/@ionic/utils-fs/node_modules/fs-extra
846 silly ADD node_modules/@ionic/utils-array
847 silly ADD node_modules/xml2js
848 silly ADD node_modules/xml2js/node_modules/xmlbuilder
849 silly ADD node_modules/tar
850 silly ADD node_modules/semver
851 silly ADD node_modules/rimraf
852 silly ADD node_modules/prompts
853 silly ADD node_modules/prompts/node_modules/kleur
854 silly ADD node_modules/plist
855 silly ADD node_modules/open
856 silly ADD node_modules/native-run
857 silly ADD node_modules/kleur
858 silly ADD node_modules/fs-extra
859 silly ADD node_modules/env-paths
860 silly ADD node_modules/debug
861 silly ADD node_modules/commander
862 silly ADD node_modules/@ionic/utils-terminal
863 silly ADD node_modules/@ionic/utils-subprocess
864 silly ADD node_modules/@ionic/cli-framework-output
865 silly ADD node_modules/@capacitor/cli
866 verbose cwd D:\DayMeet-OS-main
867 verbose os Windows_NT 10.0.26200
868 verbose node v20.19.4
869 verbose npm  v11.14.1
870 verbose exit 0
871 info ok
